[20:49:36] SYSTEM...: Đã load cấu hình từ settings.json thành công.
[20:49:36] SYSTEM...: Bản quyền TikTok Pro đã được kích hoạt thành công.
[20:49:36] 000081...: Kết nối: iPhone • iOS 26.6.1
[20:49:36] 000081...: Kết nối: iPhone • iOS 26.6.1
[20:49:36] 000081...: Kết nối: iPhone • iOS 26.6.1
[20:49:36] 000081...: Kết nối: iPhone • iOS 26.6.1
[20:49:36] 000081...: Kết nối: iPhone • iOS 26.6.1
[20:49:36] 000081...: Kết nối: iPhone • iOS 26.6.1
[20:49:36] 000081...: Kết nối: iPhone • iOS 26.6.1
[20:49:36] 000081...: Kết nối: iPhone (Not Trust) • iOS ?
[20:49:36] 000081...: Kết nối: iPhone • iOS 26.6.1
[20:49:36] 000081...: Kết nối: iPhone • iOS 26.6.1
[20:49:37] 000081...: Đã xác nhận Trust: iPhone • iOS 26.6.1
[20:51:38] 000081...: Đã ngắt kết nối.
[20:51:38] 000081...: Đã ngắt kết nối.
[20:51:38] 000081...: Đã ngắt kết nối.
[20:51:39] 000081...: Đã ngắt kết nối.
[20:51:39] 000081...: Đã ngắt kết nối.
[20:51:40] 000081...: Đã ngắt kết nối.
[20:51:40] 000081...: Đã ngắt kết nối.
[20:51:41] 000081...: Đã ngắt kết nối.
[20:51:41] 000081...: Đã ngắt kết nối.
[20:51:41] 000081...: Đã ngắt kết nối.
[20:57:37] 000081...: Kết nối: iPhone • iOS 26.6.1
[20:57:39] 000081...: Kết nối: iPhone • iOS 26.6.1
[20:57:41] 000081...: Kết nối: iPhone • iOS 26.6.1
[20:57:42] 000081...: Kết nối: iPhone • iOS 26.6.1
[20:57:43] 000081...: Kết nối: iPhone • iOS 26.6.1
[20:57:45] 000081...: Kết nối: iPhone • iOS 26.6.1
[20:57:47] 000081...: Kết nối: iPhone • iOS 26.6.1
[20:57:49] 000081...: Kết nối: iPhone • iOS 26.6.1
[20:57:51] 000081...: Kết nối: iPhone • iOS 26.6.1
[20:57:53] 000081...: Kết nối: iPhone • iOS 26.6.1
[20:57:55] 000081...: Kết nối: iPhone • iOS 26.6.1
