[20:45:49] SYSTEM...: Đã load cấu hình từ settings.json thành công.
[20:45:49] SYSTEM...: Bản quyền TikTok Pro đã được kích hoạt thành công.
[20:45:50] 000081...: Kết nối: iPhone • iOS 26.6.1
[20:45:50] 000081...: Kết nối: iPhone • iOS 26.6.1
[20:45:50] 000081...: Kết nối: iPhone • iOS 26.6.1
[20:45:50] 000081...: Kết nối: iPhone • iOS 26.6.1
[20:45:50] 000081...: Kết nối: iPhone • iOS 26.6.1
[20:45:50] 000081...: Kết nối: iPhone • iOS 26.6.1
[20:45:50] 000081...: Kết nối: iPhone • iOS 26.6.1
[20:45:50] 000081...: Kết nối: iPhone • iOS 26.6.1
[20:45:50] 000081...: Kết nối: iPhone • iOS 26.6.1
[20:45:50] 000081...: Kết nối: iPhone • iOS 26.6.1
[20:46:20] 000081...: Đã ngắt kết nối.
[20:46:20] 000081...: Đã ngắt kết nối.
[20:46:20] 000081...: Đã ngắt kết nối.
[20:46:21] 000081...: Đã ngắt kết nối.
[20:46:21] 000081...: Đã ngắt kết nối.
[20:46:21] 000081...: Đã ngắt kết nối.
[20:46:22] 000081...: Đã ngắt kết nối.
[20:46:22] 000081...: Đã ngắt kết nối.
[20:46:22] 000081...: Đã ngắt kết nối.
[20:46:23] 000081...: Đã ngắt kết nối.
[20:46:40] 000081...: Kết nối: iPhone • iOS 26.6.1
[20:46:41] 000081...: Kết nối: iPhone • iOS 26.6.1
[20:46:42] 000081...: Kết nối: iPhone • iOS 26.6.1
[20:46:43] 000081...: Kết nối: iPhone • iOS 26.6.1
[20:46:44] 000081...: Kết nối: iPhone • iOS 26.6.1
[20:46:46] 000081...: Kết nối: iPhone • iOS 26.6.1
[20:46:48] 000081...: Kết nối: iPhone • iOS 26.6.1
[20:46:49] 000081...: Kết nối: iPhone • iOS 26.6.1
[20:46:50] 000081...: Kết nối: iPhone • iOS 26.6.1
[20:46:52] 000081...: Kết nối: iPhone • iOS 26.6.1
[20:48:20] 000081...: Đã ngắt kết nối.
[20:48:21] 000081...: Đã ngắt kết nối.
[20:48:23] 000081...: Đã ngắt kết nối.
[20:48:23] 000081...: Đã ngắt kết nối.
[20:48:24] 000081...: Đã ngắt kết nối.
[20:48:25] 000081...: Đã ngắt kết nối.
[20:48:26] 000081...: Đã ngắt kết nối.
[20:48:26] 000081...: Đã ngắt kết nối.
[20:48:26] 000081...: Đã ngắt kết nối.
[20:48:41] 000081...: Kết nối: iPhone • iOS 26.6.1
[20:48:43] 000081...: Kết nối: iPhone • iOS 26.6.1
[20:48:45] 000081...: Kết nối: iPhone • iOS 26.6.1
[20:48:46] 000081...: Kết nối: iPhone • iOS 26.6.1
[20:48:46] 000081...: Kết nối: iPhone • iOS 26.6.1
[20:48:46] 000081...: Kết nối: iPhone • iOS 26.6.1
[20:48:47] 000081...: Kết nối: iPhone (Not Trust) • iOS ?
[20:48:48] 000081...: Đã xác nhận Trust: iPhone • iOS 26.6.1
[20:48:49] 000081...: Kết nối: iPhone • iOS 26.6.1
[20:48:49] 000081...: Kết nối: iPhone • iOS 26.6.1
