[20:51:23] SYSTEM...: Đã load cấu hình từ settings.json thành công.
[20:51:23] SYSTEM...: Bản quyền TikTok Pro đã được kích hoạt thành công.
[20:51:23] 000081...: Kết nối: iPhone • iOS 26.6.1
[20:51:23] 000081...: Kết nối: iPhone • iOS 26.6.1
[20:51:23] 000081...: Kết nối: iPhone • iOS 26.6.1
[20:51:23] 000081...: Kết nối: iPhone • iOS 26.6.1
[20:51:23] 000081...: Kết nối: iPhone • iOS 26.6.1
[20:51:23] 000081...: Kết nối: iPhone • iOS 26.6.1
[20:51:23] 000081...: Kết nối: iPhone • iOS 26.6.1
[20:51:23] 000081...: Kết nối: iPhone • iOS 26.6.1
[20:51:23] 000081...: Kết nối: iPhone • iOS 26.6.1
[20:51:23] 000081...: Kết nối: iPhone • iOS 26.6.1
[20:51:37] 000081...: Đã ngắt kết nối.
[20:51:38] 000081...: Đã ngắt kết nối.
[20:51:38] 000081...: Đã ngắt kết nối.
[20:51:39] 000081...: Đã ngắt kết nối.
[20:51:39] 000081...: Đã ngắt kết nối.
[20:51:40] 000081...: Đã ngắt kết nối.
[20:51:40] 000081...: Đã ngắt kết nối.
[20:51:41] 000081...: Đã ngắt kết nối.
[20:51:41] 000081...: Đã ngắt kết nối.
[20:51:41] 000081...: Đã ngắt kết nối.
[20:57:37] 000081...: Kết nối: iPhone • iOS 26.6.1
[20:57:39] 000081...: Kết nối: iPhone • iOS 26.6.1
[20:57:41] 000081...: Kết nối: iPhone • iOS 26.6.1
[20:57:42] 000081...: Kết nối: iPhone • iOS 26.6.1
[20:57:43] 000081...: Kết nối: iPhone • iOS 26.6.1
[20:57:45] 000081...: Kết nối: iPhone • iOS 26.6.1
[20:57:47] 000081...: Kết nối: iPhone • iOS 26.6.1
[20:57:49] 000081...: Kết nối: iPhone • iOS 26.6.1
[20:57:51] 000081...: Kết nối: iPhone • iOS 26.6.1
[20:57:53] 000081...: Kết nối: iPhone • iOS 26.6.1
[20:57:55] 000081...: Kết nối: iPhone • iOS 26.6.1
[21:00:03] SYSTEM...: Restore chuyển kho: B ➜ A | 16 bản backup | 11 máy ghép nối
[21:00:09] 000081...: SUCCESS: Validated pairing with device 00008101-0011548002C1001E
[21:00:09] 000081...: Đang tạo bản staging riêng; backup gốc chỉ được đọc...
[21:00:09] 000081...: SUCCESS: Validated pairing with device 00008101-000C0D0C3C86001E
[21:00:09] 000081...: Đang tạo bản staging riêng; backup gốc chỉ được đọc...
[21:00:09] 000081...: SUCCESS: Validated pairing with device 00008101-000E41E036E8001E
[21:00:09] 000081...: Đang tạo bản staging riêng; backup gốc chỉ được đọc...
[21:00:09] 000081...: SUCCESS: Validated pairing with device 00008101-000B05581468001E
[21:00:09] 000081...: Đang tạo bản staging riêng; backup gốc chỉ được đọc...
[21:00:10] 000081...: SUCCESS: Validated pairing with device 00008101-000D08DA1180001E
[21:00:10] 000081...: Đang tạo bản staging riêng; backup gốc chỉ được đọc...
[21:00:10] 000081...: SUCCESS: Validated pairing with device 00008101-000101C61E44001E
[21:00:10] 000081...: Đang tạo bản staging riêng; backup gốc chỉ được đọc...
[21:00:10] 000081...: SUCCESS: Validated pairing with device 00008101-000124C011A3001E
[21:00:10] 000081...: Đang tạo bản staging riêng; backup gốc chỉ được đọc...
[21:00:10] 000081...: SUCCESS: Validated pairing with device 00008101-000E10A41E78001E
[21:00:10] 000081...: Đang tạo bản staging riêng; backup gốc chỉ được đọc...
[21:00:10] 000081...: SUCCESS: Validated pairing with device 00008101-000508C23CE0001E
[21:00:10] 000081...: Đang tạo bản staging riêng; backup gốc chỉ được đọc...
[21:00:10] 000081...: SUCCESS: Validated pairing with device 00008101-00012CE20202001E
[21:00:10] 000081...: Đang tạo bản staging riêng; backup gốc chỉ được đọc...
[21:00:10] 000081...: SUCCESS: Validated pairing with device 00008101-000C55A12E91003A
[21:00:10] 000081...: Đang tạo bản staging riêng; backup gốc chỉ được đọc...
[21:00:27] 000081...: [=                                                 ]   1% Finished
[21:00:28] 000081...: [=                                                 ]   1% Finished
[21:00:28] 000081...: [=                                                 ]   1% Finished
[21:00:28] 000081...: [=                                                 ]   1% Finished
[21:00:28] 000081...: [=                                                 ]   1% Finished
[21:00:29] 000081...: [==                                                ]   3% Finished
[21:00:29] 000081...: [=                                                 ]   1% Finished
[21:00:29] 000081...: [=                                                 ]   1% Finished
[21:00:29] 000081...: [==                                                ]   3% Finished
[21:00:29] 000081...: [==                                                ]   3% Finished
[21:00:29] 000081...: [=====                                             ]   8% Finished
[21:00:29] 000081...: [=====                                             ]   8% Finished
[21:00:29] 000081...: [=                                                 ]   1% Finished
[21:00:29] 000081...: [=                                                 ]   1% Finished
[21:00:29] 000081...: [==                                                ]   3% Finished
[21:00:29] 000081...: [=                                                 ]   1% Finished
[21:00:30] 000081...: [==                                                ]   3% Finished
[21:00:30] 000081...: [==                                                ]   3% Finished
[21:00:30] 000081...: [====                                              ]   8% Finished
[21:00:30] 000081...: [=                                                 ]   1% Finished
[21:00:30] 000081...: [=====                                             ]   8% Finished
[21:00:30] 000081...: [=====                                             ]   8% Finished
[21:00:31] 000081...: [========                                          ]  15% Finished
[21:00:31] 000081...: [===========                                       ]  21% Finished
[21:00:31] 000081...: [===                                               ]   6% Finished
[21:00:31] 000081...: [===                                               ]   6% Finished
[21:00:32] 000081...: [========                                          ]  14% Finished
[21:00:32] 000081...: [==========                                        ]  19% Finished
[21:00:32] 000081...: [==                                                ]   3% Finished
[21:00:32] 000081...: [==                                                ]   3% Finished
[21:00:33] 000081...: [===                                               ]   6% Finished
[21:00:33] 000081...: [=======                                           ]  13% Finished
[21:00:33] 000081...: [========                                          ]  15% Finished
[21:00:33] 000081...: [=======                                           ]  14% Finished
[21:00:34] 000081...: [====                                              ]   8% Finished
[21:00:34] 000081...: [========                                          ]  14% Finished
[21:00:34] 000081...: [==========                                        ]  19% Finished
[21:00:35] 000081...: [=====                                             ]   8% Finished
[21:00:35] 000081...: [========                                          ]  14% Finished
[21:00:35] 000081...: [===========                                       ]  21% Finished
[21:00:35] 000081...: [===========                                       ]  21% Finished
[21:00:36] 000081...: [=====================                             ]  41% Finished
[21:00:37] 000081...: [========                                          ]  14% Finished
[21:00:37] 000081...: [========                                          ]  14% Finished
[21:00:38] 000081...: [============                                      ]  23% Finished
[21:00:38] 000081...: [====================                              ]  40% Finished
[21:00:38] 000081...: [========================                          ]  47% Finished
[21:00:38] 000081...: [==========                                        ]  18% Finished
[21:00:38] 000081...: [============                                      ]  24% Finished
[21:00:38] 000081...: [=======================                           ]  45% Finished
[21:00:38] 000081...: [===========                                       ]  20% Finished
[21:00:39] 000081...: [========                                          ]  14% Finished
[21:00:39] 000081...: [==========                                        ]  20% Finished
[21:00:40] 000081...: [====================                              ]  39% Finished
[21:00:40] 000081...: [=====================                             ]  41% Finished
[21:00:41] 000081...: [=======================                           ]  46% Finished
[21:00:41] 000081...: [========================                          ]  47% Finished
[21:00:42] 000081...: [=========================                         ]  50% Finished
[21:00:42] 000081...: [====================                              ]  39% Finished
[21:00:43] 000081...: [=====================                             ]  40% Finished
[21:00:43] 000081...: [============================                      ]  56% Finished
[21:00:43] 000081...: [=======================                           ]  45% Finished
[21:00:43] 000081...: [=======================                           ]  45% Finished
[21:00:44] 000081...: [==========================                        ]  51% Finished
[21:00:44] 000081...: [===============================                   ]  61% Finished
[21:00:44] 000081...: [============================                      ]  56% Finished
[21:00:44] 000081...: [=====================                             ]  41% Finished
[21:00:44] 000081...: [====================                              ]  39% Finished
[21:00:44] 000081...: [=================================                 ]  66% Finished
[21:00:45] 000081...: [===============================                   ]  61% Finished
[21:00:45] 000081...: [===========                                       ]  21% Finished
[21:00:45] 000081...: [============                                      ]  22% Finished
[21:00:45] 000081...: [=======================                           ]  46% Finished
[21:00:45] 000081...: [======================                            ]  44% Finished
[21:00:45] 000081...: [=================================                 ]  66% Finished
[21:00:45] 000081...: [====================                              ]  39% Finished
[21:00:46] 000081...: [=========================                         ]  50% Finished
[21:00:46] 000081...: [======================                            ]  44% Finished
[21:00:46] 000081...: [====================                              ]  40% Finished
[21:00:46] 000081...: [============================                      ]  55% Finished
[21:00:46] 000081...: [=========================                         ]  49% Finished
[21:00:46] 000081...: [=======================                           ]  46% Finished
[21:00:47] 000081...: [========================================          ]  79% Finished
[21:00:47] 000081...: [==============================                    ]  60% Finished
[21:00:47] 000081...: [==========================                        ]  51% Finished
[21:00:47] 000081...: [=============================                     ]  57% Finished
[21:00:47] 000081...: [========================================          ]  78% Finished
[21:00:47] 000081...: [========================                          ]  46% Finished
[21:00:48] 000081...: [===============================                   ]  62% Finished
[21:00:48] 000081...: [===============================================   ]  93% Finished
[21:00:48] 000081...: [=================================                 ]  65% Finished
[21:00:49] 000081...: [===========================                       ]  52% Finished
[21:00:49] 000081...: [========================================          ]  79% Finished
[21:00:49] 000081...: [===========================================       ]  84% Finished
[21:00:49] 000081...: [==================================================]  98% Finished
[21:00:49] 000081...: [=========================                         ]  50% Finished
[21:00:49] 000081...: [=============================                     ]  57% Finished
[21:00:49] 000081...: [=========================                         ]  49% Finished
[21:00:49] 000081...: [============================                      ]  56% Finished
[21:00:49] 000081...: [===============================                   ]  62% Finished
[21:00:50] 000081...: [==========================                        ]  51% Finished
[21:00:50] 000081...: [============================                      ]  54% Finished
[21:00:50] 000081...: [===============================                   ]  61% Finished
[21:00:50] 000081...: [===============================================   ]  93% Finished
[21:00:50] 000081...: [==================================================]  99% Finished
[21:00:50] 000081...: [========================================          ]  79% Finished
[21:00:50] 000081...: [==============================                    ]  59% Finished
[21:00:51] 000081...: [=============================                     ]  57% Finished
[21:00:51] 000081...: [==========================                        ]  50% Finished
[21:00:51] 000081...: [===========================================       ]  84% Finished
[21:00:51] 000081...: [===============================================   ]  94% Finished
[21:00:51] 000081...: [===============================                   ]  62% Finished
[21:00:51] 000081...: [============================                      ]  55% Finished
[21:00:52] 000081...: [==================================================]  99% Finished
[21:00:52] 000081...: [===========================                       ]  53% Finished
[21:00:52] 000081...: [==============================                    ]  60% Finished
[21:00:53] 000081...: [============================                      ]  56% Finished
[21:00:53] 000081...: [==============================                    ]  58% Finished
[21:00:53] 000081...: [========================================          ]  79% Finished
[21:00:53] 000081...: [=================================                 ]  65% Finished
[21:00:53] 000081...: [===============================                   ]  61% Finished
[21:00:53] 000081...: [======================================            ]  74% Finished
[21:00:53] 000081...: [================================                  ]  63% Finished
[21:00:53] 000081...: [=======================================           ]  78% Finished
[21:00:54] 000081...: [===========================================       ]  85% Finished
[21:00:54] 000081...: [================================================  ]  94% Finished
[21:00:54] 000081...: [========================================          ]  79% Finished
[21:00:56] 000081...: [==========================================        ]  83% Finished
[21:00:56] 000081...: [=========================================         ]  82% Finished
[21:00:57] 000081...: [========================================          ]  80% Finished
[21:00:57] 000081...: [=======================================           ]  78% Finished
[21:00:57] 000081...: [===============================================   ]  93% Finished
[21:00:57] 000081...: [================================================= ]  98% Finished
[21:00:57] 000081...: [===========================================       ]  85% Finished
[21:00:57] 000081...: [===============================================   ]  93% Finished
[21:00:57] 000081...: [=======================================           ]  78% Finished
[21:00:58] 000081...: [===========================================       ]  85% Finished
[21:00:58] 000081...: [===============================================   ]  93% Finished
[21:00:58] 000081...: [==========================================        ]  83% Finished
[21:00:58] 000081...: [================================================  ]  94% Finished
[21:00:58] 000081...: [==================================================]  99% Finished
[21:00:59] 000081...: [================================================  ]  94% Finished
[21:00:59] 000081...: [===============================================   ]  93% Finished
[21:00:59] 000081...: [==========================================        ]  84% Finished
[21:00:59] 000081...: [===============================================   ]  93% Finished
[21:01:00] 000081...: [==================================================]  98% Finished
[21:01:02] 000081...: [==================================================] 100% Finished
[21:01:02] 000081...: [==================================================] 100% Finished
[21:01:02] 000081...: Restore Successful.
[21:01:02] 000081...: Khôi phục dữ liệu Restore hoàn tất thành công.
[21:01:03] 000081...: [==================================================] 100% Finished
[21:01:03] 000081...: Restore Successful.
[21:01:03] 000081...: Khôi phục dữ liệu Restore hoàn tất thành công.
[21:01:04] 000081...: Đã chuyển kho thành công: B ➔ Kho đối diện:
2_iPhone_ngphngqunh8846
[21:01:04] 000081...: ✓ Đã chuyển iPhone thứ 1 qua Kho đối diện thành công!
[21:01:05] 000081...: Đã chuyển kho thành công: B ➔ Kho đối diện:
7_iPhone_donthanhth558
[21:01:05] 000081...: ✓ Đã chuyển iPhone thứ 2 qua Kho đối diện thành công!
[21:01:06] 000081...: [==================================================] 100% Finished
[21:01:06] 000081...: Restore Successful.
[21:01:06] 000081...: Khôi phục dữ liệu Restore hoàn tất thành công.
[21:01:07] 000081...: Đã chuyển kho thành công: B ➔ Kho đối diện:
8_iPhone_onngchoa664
[21:01:07] 000081...: ✓ Đã chuyển iPhone thứ 3 qua Kho đối diện thành công!
[21:01:08] 000081...: [==================================================]  99% Finished
[21:01:08] 000081...: [==================================================] 100% Finished
[21:01:08] 000081...: Restore Successful.
[21:01:08] 000081...: Khôi phục dữ liệu Restore hoàn tất thành công.
[21:01:10] 000081...: Đã chuyển kho thành công: B ➔ Kho đối diện:
12_iPhone_mthydng216
[21:01:10] 000081...: ✓ Đã chuyển iPhone thứ 4 qua Kho đối diện thành công!
[21:01:10] 000081...: [==================================================] 100% Finished
[21:01:10] 000081...: [==================================================] 100% Finished
[21:01:10] 000081...: Restore Successful.
[21:01:10] 000081...: Khôi phục dữ liệu Restore hoàn tất thành công.
[21:01:10] 000081...: [==================================================] 100% Finished
[21:01:10] 000081...: Restore Successful.
[21:01:10] 000081...: Khôi phục dữ liệu Restore hoàn tất thành công.
[21:01:11] 000081...: [================================================= ]  98% Finished
[21:01:11] 000081...: [==================================================] 100% Finished
[21:01:11] 000081...: [==================================================] 100% Finished
[21:01:11] 000081...: Restore Successful.
[21:01:11] 000081...: Khôi phục dữ liệu Restore hoàn tất thành công.
[21:01:11] 000081...: [==================================================]  98% Finished
[21:01:11] 000081...: [==================================================] 100% Finished
[21:01:11] 000081...: Restore Successful.
[21:01:11] 000081...: Khôi phục dữ liệu Restore hoàn tất thành công.
[21:01:12] 000081...: [==================================================]  99% Finished
[21:01:12] 000081...: [==================================================] 100% Finished
[21:01:12] 000081...: Restore Successful.
[21:01:12] 000081...: Khôi phục dữ liệu Restore hoàn tất thành công.
[21:01:12] 000081...: Đã ngắt kết nối.
[21:01:13] 000081...: [==================================================] 100% Finished
[21:01:13] 000081...: [==================================================] 100% Finished
[21:01:13] 000081...: Restore Successful.
[21:01:13] 000081...: Khôi phục dữ liệu Restore hoàn tất thành công.
[21:01:13] 000081...: [================================================= ]  98% Finished
[21:01:13] 000081...: [==================================================] 100% Finished
[21:01:13] 000081...: [==================================================] 100% Finished
[21:01:13] 000081...: Restore Successful.
[21:01:13] 000081...: Khôi phục dữ liệu Restore hoàn tất thành công.
[21:01:13] 000081...: Đã ngắt kết nối.
[21:01:14] 000081...: Đã chuyển kho thành công: B ➔ Kho đối diện:
6_iPhone_alex759120
[21:01:14] 000081...: ✓ Đã chuyển iPhone thứ 5 qua Kho đối diện thành công!
[21:01:15] 000081...: Đã chuyển kho thành công: B ➔ Kho đối diện:
3_iPhone_trnthphngtho6849
[21:01:15] 000081...: ✓ Đã chuyển iPhone thứ 6 qua Kho đối diện thành công!
[21:01:15] 000081...: Đã ngắt kết nối.
[21:01:16] 000081...: Đã chuyển kho thành công: B ➔ Kho đối diện:
4_iPhone_hunhthyuyn219
[21:01:16] 000081...: ✓ Đã chuyển iPhone thứ 7 qua Kho đối diện thành công!
[21:01:16] 000081...: Đã chuyển kho thành công: B ➔ Kho đối diện:
5_iPhone_nguynmailin8062
[21:01:16] 000081...: ✓ Đã chuyển iPhone thứ 8 qua Kho đối diện thành công!
[21:01:17] 000081...: Đã chuyển kho thành công: B ➔ Kho đối diện:
1_iPhone_vngcth2177
[21:01:17] 000081...: ✓ Đã chuyển iPhone thứ 9 qua Kho đối diện thành công!
[21:01:17] 000081...: Đã chuyển kho thành công: B ➔ Kho đối diện:
10_iPhone_ngthyqunh7611
[21:01:17] 000081...: ✓ Đã chuyển iPhone thứ 10 qua Kho đối diện thành công!
[21:01:17] 000081...: Đã ngắt kết nối.
[21:01:18] 000081...: Đã chuyển kho thành công: B ➔ Kho đối diện:
11_iPhone_ltuytkhu394
[21:01:18] 000081...: ✓ Đã chuyển iPhone thứ 11 qua Kho đối diện thành công!
[21:01:19] 000081...: Đã ngắt kết nối.
[21:01:21] 000081...: Đã ngắt kết nối.
[21:01:21] 000081...: Đã ngắt kết nối.
[21:01:21] 000081...: Đã ngắt kết nối.
[21:01:22] 000081...: Đã ngắt kết nối.
[21:01:22] 000081...: Đã ngắt kết nối.
[21:01:23] 000081...: Đã ngắt kết nối.
[21:01:34] 000081...: Kết nối: iPhone (Not Trust) • iOS ?
[21:01:35] 000081...: Đã xác nhận Trust: iPhone • iOS 26.6.1
