[20:39:34] SYSTEM...: Đã load cấu hình từ settings.json thành công.
[20:39:34] SYSTEM...: Bản quyền TikTok Pro đã được kích hoạt thành công.
[20:39:34] 000081...: Kết nối: iPhone • iOS 26.6.1
[20:39:34] 000081...: Kết nối: iPhone • iOS 26.6.1
[20:39:34] 000081...: Kết nối: iPhone • iOS 26.6.1
[20:39:34] 000081...: Kết nối: iPhone • iOS 26.6.1
[20:39:34] 000081...: Kết nối: iPhone • iOS 26.6.1
[20:39:34] 000081...: Kết nối: iPhone • iOS 26.6.1
[20:39:34] 000081...: Kết nối: iPhone • iOS 26.6.1
[20:39:34] 000081...: Kết nối: iPhone • iOS 26.6.1
[20:39:34] 000081...: Kết nối: iPhone • iOS 26.6.1
[20:39:34] 000081...: Kết nối: iPhone • iOS 26.6.1
[20:39:39] 000081...: Đã ngắt kết nối.
[20:39:40] 000081...: Đã ngắt kết nối.
[20:39:40] 000081...: Đã ngắt kết nối.
[20:39:41] 000081...: Đã ngắt kết nối.
[20:39:41] 000081...: Đã ngắt kết nối.
[20:39:42] 000081...: Đã ngắt kết nối.
[20:39:42] 000081...: Đã ngắt kết nối.
[20:39:42] 000081...: Đã ngắt kết nối.
[20:39:42] 000081...: Đã ngắt kết nối.
[20:39:43] 000081...: Đã ngắt kết nối.
[20:40:02] 000081...: Kết nối: iPhone • iOS 26.6.1
[20:40:04] 000081...: Kết nối: iPhone • iOS 26.6.1
[20:40:04] 000081...: Kết nối: iPhone • iOS 26.6.1
[20:40:06] 000081...: Kết nối: iPhone • iOS 26.6.1
[20:40:07] 000081...: Kết nối: iPhone • iOS 26.6.1
[20:40:08] 000081...: Kết nối: iPhone • iOS 26.6.1
[20:40:09] 000081...: Kết nối: iPhone • iOS 26.6.1
[20:40:10] 000081...: Kết nối: iPhone • iOS 26.6.1
[20:40:11] 000081...: Kết nối: iPhone • iOS 26.6.1
[20:40:13] 000081...: Kết nối: iPhone • iOS 26.6.1
[20:41:41] 000081...: Đã ngắt kết nối.
[20:41:44] 000081...: Đã ngắt kết nối.
[20:41:44] 000081...: Đã ngắt kết nối.
[20:41:45] 000081...: Đã ngắt kết nối.
[20:41:47] 000081...: Đã ngắt kết nối.
[20:41:47] 000081...: Đã ngắt kết nối.
[20:41:48] 000081...: Đã ngắt kết nối.
[20:41:48] 000081...: Đã ngắt kết nối.
[20:41:48] 000081...: Đã ngắt kết nối.
[20:41:50] 000081...: Đã ngắt kết nối.
[20:42:03] 000081...: Kết nối: iPhone • iOS 26.6.1
[20:42:04] 000081...: Kết nối: iPhone • iOS 26.6.1
[20:42:05] 000081...: Kết nối: iPhone • iOS 26.6.1
[20:42:06] 000081...: Kết nối: iPhone (Not Trust) • iOS ?
[20:42:07] 000081...: Đã xác nhận Trust: iPhone • iOS 26.6.1
[20:42:08] 000081...: Kết nối: iPhone • iOS 26.6.1
[20:42:09] 000081...: Kết nối: iPhone • iOS 26.6.1
[20:42:16] 000081...: Kết nối: iPhone • iOS 26.6.1
[20:42:21] 000081...: Kết nối: iPhone • iOS 26.6.1
[20:42:21] 000081...: Kết nối: iPhone • iOS 26.6.1
[20:42:21] 000081...: Kết nối: iPhone (Not Trust) • iOS ?
[20:42:22] 000081...: Đã xác nhận Trust: iPhone • iOS 26.6.1
