[21:41:38] SYSTEM...: Đã load cấu hình từ settings.json thành công.
[21:41:38] SYSTEM...: Bản quyền TikTok Pro đã được kích hoạt thành công.
[21:41:38] 000081...: Kết nối: iPhone • iOS 26.6.1
[21:41:38] 000081...: Kết nối: iPhone • iOS 26.6.1
[21:41:50] SYSTEM...: Restore chuyển kho: A ➜ B | 2 bản backup | 2 máy ghép nối
[21:41:52] 000081...: SUCCESS: Validated pairing with device 00008101-000C0D0C3C86001E
[21:41:52] 000081...: Đang tạo bản staging riêng; backup gốc chỉ được đọc...
[21:41:52] 000081...: SUCCESS: Validated pairing with device 00008101-0011548002C1001E
[21:41:52] 000081...: Đang tạo bản staging riêng; backup gốc chỉ được đọc...
[21:42:02] 000081...: [=                                                 ]   1% Finished
[21:42:03] 000081...: [=                                                 ]   1% Finished
[21:42:04] 000081...: [==                                                ]   3% Finished
[21:42:04] 000081...: [====                                              ]   8% Finished
[21:42:04] 000081...: [==                                                ]   3% Finished
[21:42:04] 000081...: [=======                                           ]  14% Finished
[21:42:04] 000081...: [=====                                             ]   8% Finished
[21:42:05] 000081...: [========                                          ]  15% Finished
[21:42:05] 000081...: [===========                                       ]  21% Finished
[21:42:06] 000081...: [============                                      ]  22% Finished
[21:42:07] 000081...: [======================                            ]  44% Finished
[21:42:07] 000081...: [=====================                             ]  41% Finished
[21:42:07] 000081...: [=========================                         ]  49% Finished
[21:42:08] 000081...: [========================                          ]  47% Finished
[21:42:11] 000081...: [============================                      ]  55% Finished
[21:42:11] 000081...: [=========================                         ]  50% Finished
[21:42:12] 000081...: [==============================                    ]  60% Finished
[21:42:12] 000081...: [============================                      ]  56% Finished
[21:42:12] 000081...: [=================================                 ]  65% Finished
[21:42:12] 000081...: [===============================                   ]  61% Finished
[21:42:13] 000081...: [=================================                 ]  66% Finished
[21:42:14] 000081...: [========================================          ]  80% Finished
[21:42:14] 000081...: [========================================          ]  79% Finished
[21:42:14] 000081...: [===========================================       ]  85% Finished
[21:42:15] 000081...: [================================================  ]  94% Finished
[21:42:15] 000081...: [===============================================   ]  93% Finished
[21:42:16] 000081...: [==================================================]  98% Finished
[21:42:28] 000081...: [==================================================]  99% Finished
[21:42:28] 000081...: [==================================================] 100% Finished
[21:42:28] 000081...: Restore Successful.
[21:42:28] 000081...: Khôi phục dữ liệu Restore hoàn tất thành công.
[21:42:29] 000081...: [==================================================] 100% Finished
[21:42:29] 000081...: [==================================================] 100% Finished
[21:42:29] 000081...: Restore Successful.
[21:42:29] 000081...: Khôi phục dữ liệu Restore hoàn tất thành công.
[21:42:29] 000081...: Đã chuyển kho thành công: A ➔ Kho đối diện:
1_iPhone_vngcth2177
[21:42:29] 000081...: ✓ Đã chuyển iPhone thứ 1 qua Kho đối diện thành công!
[21:42:30] 000081...: Đã chuyển kho thành công: A ➔ Kho đối diện:
2_iPhone_ngphngqunh8846
[21:42:30] 000081...: ✓ Đã chuyển iPhone thứ 2 qua Kho đối diện thành công!
[21:42:38] 000081...: Đã ngắt kết nối.
[21:42:38] 000081...: Đã ngắt kết nối.
[21:42:58] 000081...: Kết nối: iPhone • iOS 26.6.1
[21:43:00] 000081...: Kết nối: iPhone • iOS 26.6.1
