[19:04:27] SYSTEM...: Đã load cấu hình từ settings.json thành công.
[19:04:27] SYSTEM...: License không hợp lệ với máy hiện tại; các thao tác thay đổi thiết bị đã bị khóa.
[19:04:28] 000081...: Kết nối: iPhone • iOS 26.6.1
[19:04:28] 000081...: Kết nối: iPhone • iOS 26.6.1
[19:04:28] 000081...: Kết nối: iPhone • iOS 26.6.1
[19:04:28] 000081...: Kết nối: iPhone • iOS 26.6.1
[19:04:28] 000081...: Kết nối: iPhone • iOS 26.6.1
[19:04:28] 000081...: Kết nối: iPhone • iOS 26.6.1
[19:04:28] 000081...: Kết nối: iPhone • iOS 26.6.1
[19:04:28] 000081...: Kết nối: iPhone • iOS 26.6.1
[19:04:28] 000081...: Kết nối: iPhone • iOS 26.6.1
[19:04:28] 000081...: Kết nối: iPhone • iOS 26.6.1
[19:08:18] 000081...: Đã ngắt kết nối.
[19:08:19] 000081...: Đã ngắt kết nối.
[19:08:20] 000081...: Đã ngắt kết nối.
[19:08:24] 000081...: Đã ngắt kết nối.
[19:08:24] 000081...: Đã ngắt kết nối.
[19:08:24] 000081...: Đã ngắt kết nối.
[19:08:25] 000081...: Đã ngắt kết nối.
[19:08:25] 000081...: Đã ngắt kết nối.
[19:08:25] 000081...: Đã ngắt kết nối.
[19:08:26] 000081...: Đã ngắt kết nối.
[19:08:39] 000081...: Kết nối: iPhone • iOS 26.6.1
[19:08:40] 000081...: Kết nối: iPhone • iOS 26.6.1
[19:08:44] 000081...: Kết nối: iPhone • iOS 26.6.1
[19:08:45] 000081...: Kết nối: iPhone • iOS 26.6.1
[19:08:50] 000081...: Kết nối: iPhone • iOS 26.6.1
[19:08:55] 000081...: Kết nối: iPhone • iOS 26.6.1
[19:08:55] 000081...: Kết nối: iPhone • iOS 26.6.1
[19:08:55] 000081...: Kết nối: iPhone • iOS 26.6.1
[19:08:55] 000081...: Kết nối: iPhone • iOS 26.6.1
[19:09:00] 000081...: Kết nối: iPhone • iOS 26.6.1
[19:11:33] 000081...: Đã ngắt kết nối.
[19:11:33] 000081...: Đã ngắt kết nối.
[19:11:33] 000081...: Đã ngắt kết nối.
[19:11:34] 000081...: Đã ngắt kết nối.
[19:11:34] 000081...: Đã ngắt kết nối.
[19:11:34] 000081...: Đã ngắt kết nối.
[19:11:35] 000081...: Đã ngắt kết nối.
[19:11:35] 000081...: Đã ngắt kết nối.
[19:11:35] 000081...: Đã ngắt kết nối.
[19:11:36] 000081...: Đã ngắt kết nối.
[19:11:46] 000081...: Kết nối: iPhone • iOS 26.6.1
[19:11:47] 000081...: Kết nối: iPhone • iOS 26.6.1
[19:11:48] 000081...: Kết nối: iPhone • iOS 26.6.1
[19:11:50] 000081...: Kết nối: iPhone • iOS 26.6.1
[19:11:51] 000081...: Kết nối: iPhone • iOS 26.6.1
[19:11:52] 000081...: Kết nối: iPhone • iOS 26.6.1
[19:11:54] 000081...: Kết nối: iPhone • iOS 26.6.1
[19:11:55] 000081...: Kết nối: iPhone • iOS 26.6.1
[19:11:57] 000081...: Kết nối: iPhone • iOS 26.6.1
[19:11:58] 000081...: Kết nối: iPhone • iOS 26.6.1
[19:12:56] 000081...: Đã ngắt kết nối.
[19:12:59] 000081...: Đã ngắt kết nối.
[19:13:03] 000081...: Đã ngắt kết nối.
[19:13:05] 000081...: Đã ngắt kết nối.
[19:13:06] 000081...: Đã ngắt kết nối.
[19:13:07] 000081...: Đã ngắt kết nối.
[19:13:07] 000081...: Đã ngắt kết nối.
[19:13:08] 000081...: Đã ngắt kết nối.
[19:13:08] 000081...: Đã ngắt kết nối.
[19:13:08] 000081...: Đã ngắt kết nối.
[19:13:19] 000081...: Kết nối: iPhone • iOS 26.6.1
[19:13:20] 000081...: Kết nối: iPhone • iOS 26.6.1
[19:13:24] 000081...: Kết nối: iPhone • iOS 26.6.1
[19:13:28] 000081...: Kết nối: iPhone • iOS 26.6.1
[19:13:32] 000081...: Kết nối: iPhone (Not Trust) • iOS ?
[19:13:33] 000081...: Đã xác nhận Trust: iPhone • iOS 26.6.1
[19:13:34] 000081...: Kết nối: iPhone • iOS 26.6.1
[19:13:34] 000081...: Kết nối: iPhone • iOS 26.6.1
[19:13:34] 000081...: Kết nối: iPhone • iOS 26.6.1
[19:13:34] 000081...: Kết nối: iPhone • iOS 26.6.1
[19:13:34] 000081...: Kết nối: iPhone • iOS 26.6.1
