[20:22:38] SYSTEM...: Đã load cấu hình từ settings.json thành công.
[20:22:38] SYSTEM...: Bản quyền TikTok Pro đã được kích hoạt thành công.
[20:22:38] 000081...: Kết nối: iPhone • iOS 26.6.1
[20:22:38] 000081...: Kết nối: iPhone • iOS 26.6.1
[20:22:38] 000081...: Kết nối: iPhone • iOS 26.6.1
[20:22:38] 000081...: Kết nối: iPhone • iOS 26.6.1
[20:22:38] 000081...: Kết nối: iPhone • iOS 26.6.1
[20:22:38] 000081...: Kết nối: iPhone • iOS 26.6.1
[20:22:38] 000081...: Kết nối: iPhone • iOS 26.6.1
[20:22:38] 000081...: Kết nối: iPhone • iOS 26.6.1
[20:22:38] 000081...: Kết nối: iPhone • iOS 26.6.1
[20:22:38] 000081...: Kết nối: iPhone • iOS 26.6.1
[20:23:14] 000081...: Đã ngắt kết nối.
[20:23:14] 000081...: Đã ngắt kết nối.
[20:23:15] 000081...: Đã ngắt kết nối.
[20:23:15] 000081...: Đã ngắt kết nối.
[20:23:15] 000081...: Đã ngắt kết nối.
[20:23:16] 000081...: Đã ngắt kết nối.
[20:23:16] 000081...: Đã ngắt kết nối.
[20:23:17] 000081...: Đã ngắt kết nối.
[20:23:17] 000081...: Đã ngắt kết nối.
[20:23:17] 000081...: Đã ngắt kết nối.
[20:23:56] 000081...: Kết nối: iPhone • iOS 26.6.1
[20:23:59] 000081...: Kết nối: iPhone • iOS 26.6.1
[20:24:00] 000081...: Kết nối: iPhone • iOS 26.6.1
[20:24:01] 000081...: Kết nối: iPhone • iOS 26.6.1
[20:24:02] 000081...: Kết nối: iPhone • iOS 26.6.1
[20:24:04] 000081...: Kết nối: iPhone • iOS 26.6.1
[20:24:07] 000081...: Kết nối: iPhone • iOS 26.6.1
[20:24:07] 000081...: Kết nối: iPhone • iOS 26.6.1
[20:24:10] 000081...: Kết nối: iPhone • iOS 26.6.1
[20:24:12] 000081...: Kết nối: iPhone • iOS 26.6.1
[20:25:34] 000081...: Đã ngắt kết nối.
[20:25:36] 000081...: Đã ngắt kết nối.
[20:25:42] 000081...: Đã ngắt kết nối.
[20:25:44] 000081...: Đã ngắt kết nối.
[20:25:45] 000081...: Đã ngắt kết nối.
[20:25:46] 000081...: Đã ngắt kết nối.
[20:25:46] 000081...: Đã ngắt kết nối.
[20:25:47] 000081...: Đã ngắt kết nối.
[20:25:47] 000081...: Đã ngắt kết nối.
[20:25:47] 000081...: Đã ngắt kết nối.
[20:25:56] 000081...: Kết nối: iPhone • iOS 26.6.1
[20:26:00] 000081...: Kết nối: iPhone • iOS 26.6.1
[20:26:02] 000081...: Kết nối: iPhone • iOS 26.6.1
[20:26:06] 000081...: Kết nối: iPhone • iOS 26.6.1
[20:26:06] 000081...: Kết nối: iPhone • iOS 26.6.1
[20:26:12] 000081...: Kết nối: iPhone • iOS 26.6.1
[20:26:18] 000081...: Kết nối: iPhone • iOS 26.6.1
[20:26:18] 000081...: Kết nối: iPhone (Not Trust) • iOS ?
[20:26:18] 000081...: Kết nối: iPhone • iOS 26.6.1
[20:26:18] 000081...: Kết nối: iPhone • iOS 26.6.1
[20:26:18] 000081...: Đã xác nhận Trust: iPhone • iOS 26.6.1
[20:28:45] 000081...: Đã ngắt kết nối.
[20:28:45] 000081...: Đã ngắt kết nối.
[20:28:46] 000081...: Đã ngắt kết nối.
[20:28:46] 000081...: Đã ngắt kết nối.
[20:28:47] 000081...: Đã ngắt kết nối.
[20:28:47] 000081...: Đã ngắt kết nối.
[20:28:47] 000081...: Đã ngắt kết nối.
[20:28:48] 000081...: Đã ngắt kết nối.
[20:28:48] 000081...: Đã ngắt kết nối.
[20:28:48] 000081...: Đã ngắt kết nối.
[20:29:00] 000081...: Kết nối: iPhone • iOS 26.6.1
[20:29:02] 000081...: Kết nối: iPhone • iOS 26.6.1
[20:29:03] 000081...: Kết nối: iPhone • iOS 26.6.1
[20:29:04] 000081...: Kết nối: iPhone • iOS 26.6.1
[20:29:05] 000081...: Kết nối: iPhone • iOS 26.6.1
[20:29:06] 000081...: Kết nối: iPhone • iOS 26.6.1
[20:29:07] 000081...: Kết nối: iPhone • iOS 26.6.1
[20:29:09] 000081...: Kết nối: iPhone • iOS 26.6.1
[20:29:10] 000081...: Kết nối: iPhone • iOS 26.6.1
[20:29:11] 000081...: Kết nối: iPhone • iOS 26.6.1
[20:30:28] 000081...: Đã ngắt kết nối.
[20:30:33] 000081...: Đã ngắt kết nối.
[20:30:34] 000081...: Đã ngắt kết nối.
[20:30:34] 000081...: Đã ngắt kết nối.
[20:30:35] 000081...: Đã ngắt kết nối.
[20:30:37] 000081...: Đã ngắt kết nối.
[20:30:38] 000081...: Đã ngắt kết nối.
[20:30:39] 000081...: Đã ngắt kết nối.
[20:30:39] 000081...: Đã ngắt kết nối.
[20:30:39] 000081...: Đã ngắt kết nối.
[20:30:49] 000081...: Kết nối: iPhone • iOS 26.6.1
[20:30:56] 000081...: Kết nối: iPhone • iOS 26.6.1
[20:30:57] 000081...: Kết nối: iPhone • iOS 26.6.1
[20:30:58] 000081...: Kết nối: iPhone (Not Trust) • iOS ?
[20:30:58] 000081...: Kết nối: iPhone • iOS 26.6.1
[20:31:00] 000081...: Kết nối: iPhone • iOS 26.6.1
[20:31:00] 000081...: Kết nối: iPhone • iOS 26.6.1
[20:31:00] 000081...: Đã xác nhận Trust: iPhone • iOS 26.6.1
[20:31:01] 000081...: Kết nối: iPhone • iOS 26.6.1
[20:31:01] 000081...: Kết nối: iPhone • iOS 26.6.1
[20:31:01] 000081...: Kết nối: iPhone • iOS 26.6.1
[20:34:22] 000081...: Đã ngắt kết nối.
[20:34:22] 000081...: Đã ngắt kết nối.
[20:34:23] 000081...: Đã ngắt kết nối.
[20:34:23] 000081...: Đã ngắt kết nối.
[20:34:23] 000081...: Đã ngắt kết nối.
[20:34:23] 000081...: Đã ngắt kết nối.
[20:34:24] 000081...: Đã ngắt kết nối.
[20:34:24] 000081...: Đã ngắt kết nối.
[20:34:24] 000081...: Đã ngắt kết nối.
[20:34:25] 000081...: Đã ngắt kết nối.
[20:34:40] 000081...: Kết nối: iPhone • iOS 26.6.1
[20:34:41] 000081...: Kết nối: iPhone • iOS 26.6.1
[20:34:42] 000081...: Kết nối: iPhone • iOS 26.6.1
[20:34:44] 000081...: Kết nối: iPhone • iOS 26.6.1
[20:34:47] 000081...: Kết nối: iPhone • iOS 26.6.1
[20:34:48] 000081...: Kết nối: iPhone • iOS 26.6.1
[20:34:49] 000081...: Kết nối: iPhone • iOS 26.6.1
[20:34:50] 000081...: Kết nối: iPhone • iOS 26.6.1
[20:34:52] 000081...: Kết nối: iPhone • iOS 26.6.1
[20:34:54] 000081...: Kết nối: iPhone • iOS 26.6.1
[20:36:17] 000081...: Đã ngắt kết nối.
[20:36:20] 000081...: Đã ngắt kết nối.
[20:36:21] 000081...: Đã ngắt kết nối.
[20:36:21] 000081...: Đã ngắt kết nối.
[20:36:22] 000081...: Đã ngắt kết nối.
[20:36:24] 000081...: Đã ngắt kết nối.
[20:36:24] 000081...: Đã ngắt kết nối.
[20:36:24] 000081...: Đã ngắt kết nối.
[20:36:24] 000081...: Đã ngắt kết nối.
[20:36:33] 000081...: Đã ngắt kết nối.
[20:36:38] 000081...: Kết nối: iPhone • iOS 26.6.1
[20:36:42] 000081...: Kết nối: iPhone • iOS 26.6.1
[20:36:43] 000081...: Kết nối: iPhone • iOS 26.6.1
[20:36:44] 000081...: Kết nối: iPhone • iOS 26.6.1
[20:36:44] 000081...: Kết nối: iPhone • iOS 26.6.1
[20:36:49] 000081...: Kết nối: iPhone • iOS 26.6.1
[20:36:55] 000081...: Kết nối: iPhone • iOS 26.6.1
[20:36:55] 000081...: Kết nối: iPhone • iOS 26.6.1
[20:36:55] 000081...: Kết nối: iPhone • iOS 26.6.1
[20:36:59] 000081...: Kết nối: iPhone • iOS 26.6.1
