[21:00:59] SYSTEM...: Đã load cấu hình từ settings.json thành công.
[21:00:59] SYSTEM...: Bản quyền TikTok Pro đã được kích hoạt thành công.
[21:00:59] 000081...: Kết nối: iPhone • iOS 26.6.1
[21:00:59] 000081...: Kết nối: iPhone • iOS 26.6.1
[21:00:59] 000081...: Kết nối: iPhone • iOS 26.6.1
[21:00:59] 000081...: Kết nối: iPhone • iOS 26.6.1
[21:00:59] 000081...: Kết nối: iPhone • iOS 26.6.1
[21:00:59] 000081...: Kết nối: iPhone • iOS 26.6.1
[21:00:59] 000081...: Kết nối: iPhone • iOS 26.6.1
[21:00:59] 000081...: Kết nối: iPhone • iOS 26.6.1
[21:00:59] 000081...: Kết nối: iPhone • iOS 26.6.1
[21:00:59] 000081...: Kết nối: iPhone • iOS 26.6.1
[21:00:59] 000081...: Kết nối: iPhone • iOS 26.6.1
[21:01:12] 000081...: Đã ngắt kết nối.
[21:01:13] 000081...: Đã ngắt kết nối.
[21:01:15] 000081...: Đã ngắt kết nối.
[21:01:18] 000081...: Đã ngắt kết nối.
[21:01:20] 000081...: Đã ngắt kết nối.
[21:01:21] 000081...: Đã ngắt kết nối.
[21:01:21] 000081...: Đã ngắt kết nối.
[21:01:21] 000081...: Đã ngắt kết nối.
[21:01:22] 000081...: Đã ngắt kết nối.
[21:01:23] 000081...: Đã ngắt kết nối.
[21:01:23] 000081...: Đã ngắt kết nối.
[21:01:34] 000081...: Kết nối: iPhone • iOS 26.6.1
[21:01:36] 000081...: Kết nối: iPhone • iOS 26.6.1
[21:01:39] 000081...: Kết nối: iPhone • iOS 26.6.1
[21:01:41] 000081...: Kết nối: iPhone • iOS 26.6.1
[21:01:41] 000081...: Kết nối: iPhone • iOS 26.6.1
[21:01:46] 000081...: Kết nối: iPhone • iOS 26.6.1
[21:01:52] 000081...: Kết nối: iPhone • iOS 26.6.1
[21:01:52] 000081...: Kết nối: iPhone • iOS 26.6.1
[21:01:52] 000081...: Kết nối: iPhone • iOS 26.6.1
[21:01:52] 000081...: Kết nối: iPhone (Not Trust) • iOS ?
[21:01:52] 000081...: Kết nối: iPhone • iOS 26.6.1
[21:01:53] 000081...: Đã xác nhận Trust: iPhone • iOS 26.6.1
[21:05:36] 000081...: Đã ngắt kết nối.
[21:05:36] 000081...: Đã ngắt kết nối.
[21:05:41] 000081...: Đã ngắt kết nối.
[21:05:42] 000081...: Đã ngắt kết nối.
[21:05:43] 000081...: Đã ngắt kết nối.
[21:05:44] 000081...: Đã ngắt kết nối.
[21:05:44] 000081...: Đã ngắt kết nối.
[21:05:45] 000081...: Đã ngắt kết nối.
[21:05:45] 000081...: Đã ngắt kết nối.
[21:05:45] 000081...: Đã ngắt kết nối.
[21:05:48] 000081...: Đã ngắt kết nối.
[21:05:57] 000081...: Kết nối: iPhone • iOS 26.6.1
[21:05:58] 000081...: Kết nối: iPhone • iOS 26.6.1
[21:06:00] 000081...: Kết nối: iPhone • iOS 26.6.1
[21:06:02] 000081...: Kết nối: iPhone • iOS 26.6.1
[21:06:03] 000081...: Kết nối: iPhone • iOS 26.6.1
[21:06:09] 000081...: Kết nối: iPhone • iOS 26.6.1
[21:06:14] 000081...: Kết nối: iPhone • iOS 26.6.1
[21:06:14] 000081...: Kết nối: iPhone • iOS 26.6.1
[21:06:14] 000081...: Kết nối: iPhone (Not Trust) • iOS ?
[21:06:14] 000081...: Kết nối: iPhone • iOS 26.6.1
[21:06:14] 000081...: Kết nối: iPhone (Not Trust) • iOS ?
[21:06:17] 000081...: Đã xác nhận Trust: iPhone • iOS 26.6.1
[21:06:19] 000081...: Đã xác nhận Trust: iPhone • iOS 26.6.1
[21:27:22] 000081...: Đã ngắt kết nối.
[21:27:23] 000081...: Đã ngắt kết nối.
[21:27:23] 000081...: Đã ngắt kết nối.
[21:27:24] 000081...: Đã ngắt kết nối.
[21:27:24] 000081...: Đã ngắt kết nối.
[21:27:24] 000081...: Đã ngắt kết nối.
[21:27:25] 000081...: Đã ngắt kết nối.
[21:27:25] 000081...: Đã ngắt kết nối.
[21:27:26] 000081...: Đã ngắt kết nối.
[21:28:36] 000081...: Đã ngắt kết nối.
[21:28:37] 000081...: Đã ngắt kết nối.
[21:28:57] 000081...: Kết nối: iPhone • iOS 26.6.1
[21:28:58] 000081...: Kết nối: iPhone • iOS 26.6.1
[21:42:38] 000081...: Đã ngắt kết nối.
[21:42:38] 000081...: Đã ngắt kết nối.
[21:42:58] 000081...: Kết nối: iPhone • iOS 26.6.1
[21:43:00] 000081...: Kết nối: iPhone • iOS 26.6.1
