[07:47:32] SYSTEM...: Đã load cấu hình từ settings.json thành công.
[07:47:32] SYSTEM...: Bản quyền TikTok Pro đã được kích hoạt thành công.
[07:47:32] 000081...: Kết nối: iPhone • iOS 26.6.1
[07:47:32] 000081...: Kết nối: iPhone • iOS 26.6.1
[07:47:32] 000081...: Kết nối: iPhone • iOS 26.6.1
[07:47:32] 000081...: Kết nối: iPhone • iOS 26.6.1
[07:47:32] 000081...: Kết nối: iPhone • iOS 26.6.1
[07:47:32] 000081...: Kết nối: iPhone • iOS 26.6.1
[07:47:32] 000081...: Kết nối: iPhone • iOS 26.6.1
[07:47:32] 000081...: Kết nối: iPhone • iOS 26.6.1
[07:47:32] 000081...: Kết nối: iPhone • iOS 26.6.1
[07:47:32] 000081...: Kết nối: iPhone • iOS 26.6.1
[07:47:47] 000081...: Đã ngắt kết nối.
[07:47:47] 000081...: Đã ngắt kết nối.
[07:47:47] 000081...: Đã ngắt kết nối.
[07:47:47] 000081...: Đã ngắt kết nối.
[07:47:48] 000081...: Đã ngắt kết nối.
[07:47:48] 000081...: Đã ngắt kết nối.
[07:47:48] 000081...: Đã ngắt kết nối.
[07:47:49] 000081...: Đã ngắt kết nối.
[07:47:49] 000081...: Đã ngắt kết nối.
[07:47:49] 000081...: Đã ngắt kết nối.
[07:48:01] 000081...: Kết nối: iPhone • iOS 26.6.1
[07:48:03] 000081...: Kết nối: iPhone • iOS 26.6.1
[07:48:04] 000081...: Kết nối: iPhone • iOS 26.6.1
[07:48:04] 000081...: Kết nối: iPhone • iOS 26.6.1
[07:48:05] 000081...: Kết nối: iPhone • iOS 26.6.1
[07:48:07] 000081...: Kết nối: iPhone • iOS 26.6.1
[07:48:07] 000081...: Kết nối: iPhone • iOS 26.6.1
[07:48:09] 000081...: Kết nối: iPhone • iOS 26.6.1
[07:48:10] 000081...: Kết nối: iPhone • iOS 26.6.1
[07:48:12] 000081...: Kết nối: iPhone • iOS 26.6.1
[07:48:16] SYSTEM...: Restore chuyển kho: A ➜ B | 83 bản backup | 10 máy ghép nối
[07:48:17] 000081...: SUCCESS: Validated pairing with device 00008101-000C55A12E91003A
[07:48:17] 000081...: SUCCESS: Validated pairing with device 00008101-000101C61E44001E
[07:48:17] 000081...: SUCCESS: Validated pairing with device 00008101-000B05581468001E
[07:48:17] 000081...: SUCCESS: Validated pairing with device 00008101-000508C23CE0001E
[07:48:17] 000081...: SUCCESS: Validated pairing with device 00008101-000E41E036E8001E
[07:48:17] 000081...: SUCCESS: Validated pairing with device 00008101-000E10A41E78001E
[07:48:17] 000081...: SUCCESS: Validated pairing with device 00008101-00012CE20202001E
[07:48:18] 000081...: SUCCESS: Validated pairing with device 00008101-000D08DA1180001E
[07:48:18] 000081...: SUCCESS: Validated pairing with device 00008101-0011548002C1001E
[07:48:18] 000081...: SUCCESS: Validated pairing with device 00008101-000C0D0C3C86001E
[07:48:34] 000081...: [=                                                 ]   1% Finished
[07:48:35] 000081...: [=                                                 ]   1% Finished
[07:48:35] 000081...: [=                                                 ]   1% Finished
[07:48:35] 000081...: [=                                                 ]   1% Finished
[07:48:36] 000081...: [=                                                 ]   1% Finished
[07:48:36] 000081...: [====                                              ]   6% Finished
[07:48:36] 000081...: [====                                              ]   6% Finished
[07:48:36] 000081...: [======                                            ]  11% Finished
[07:48:36] 000081...: [=                                                 ]   1% Finished
[07:48:36] 000081...: [=                                                 ]   1% Finished
[07:48:36] 000081...: [=                                                 ]   1% Finished
[07:48:36] 000081...: [=                                                 ]   1% Finished
[07:48:37] 000081...: [=                                                 ]   1% Finished
[07:48:37] 000081...: [=                                                 ]   1% Finished
[07:48:37] 000081...: [=========                                         ]  17% Finished
[07:48:37] 000081...: [====                                              ]   6% Finished
[07:48:38] 000081...: [====                                              ]   6% Finished
[07:48:38] 000081...: [====                                              ]   6% Finished
[07:48:38] 000081...: [======                                            ]  11% Finished
[07:48:38] 000081...: [====                                              ]   6% Finished
[07:48:39] 000081...: [====                                              ]   6% Finished
[07:48:39] 000081...: [====                                              ]   6% Finished
[07:48:39] 000081...: [====                                              ]   7% Finished
[07:48:39] 000081...: [====                                              ]   7% Finished
[07:48:40] 000081...: [=========                                         ]  18% Finished
[07:48:40] 000081...: [======                                            ]  11% Finished
[07:48:40] 000081...: [======                                            ]  11% Finished
[07:48:40] 000081...: [======                                            ]  11% Finished
[07:48:42] 000081...: [=========                                         ]  18% Finished
[07:48:43] 000081...: [=========                                         ]  18% Finished
[07:48:43] 000081...: [==========                                        ]  18% Finished
[07:48:43] 000081...: [===========                                       ]  22% Finished
[07:48:43] 000081...: [===================                               ]  36% Finished
[07:48:44] 000081...: [=========                                         ]  17% Finished
[07:48:44] 000081...: [==========                                        ]  18% Finished
[07:48:44] 000081...: [=========                                         ]  17% Finished
[07:48:45] 000081...: [==========                                        ]  18% Finished
[07:48:46] 000081...: [=========                                         ]  18% Finished
[07:48:46] 000081...: [============                                      ]  23% Finished
[07:48:46] 000081...: [=====================                             ]  41% Finished
[07:48:46] 000081...: [===================                               ]  37% Finished
[07:48:48] 000081...: [======================                            ]  43% Finished
[07:48:48] 000081...: [====================                              ]  38% Finished
[07:48:49] 000081...: [==================                                ]  36% Finished
[07:48:49] 000081...: [==================                                ]  36% Finished
[07:48:49] 000081...: [==================                                ]  35% Finished
[07:48:50] 000081...: [===================                               ]  37% Finished
[07:48:50] 000081...: [=======================                           ]  44% Finished
[07:48:50] 000081...: [============                                      ]  23% Finished
[07:48:50] 000081...: [===================                               ]  38% Finished
[07:48:50] 000081...: [===================                               ]  37% Finished
[07:48:51] 000081...: [===================                               ]  37% Finished
[07:48:51] 000081...: [=========================                         ]  49% Finished
[07:48:51] 000081...: [=====================                             ]  42% Finished
[07:48:51] 000081...: [=====================                             ]  41% Finished
[07:48:52] 000081...: [=====================                             ]  41% Finished
[07:48:52] 000081...: [======================                            ]  44% Finished
[07:48:52] 000081...: [===========================                       ]  54% Finished
[07:48:52] 000081...: [======================                            ]  43% Finished
[07:48:52] 000081...: [======================                            ]  42% Finished
[07:48:52] 000081...: [======================                            ]  43% Finished
[07:48:52] 000081...: [==============================                    ]  59% Finished
[07:48:53] 000081...: [==========================                        ]  51% Finished
[07:48:54] 000081...: [============================                      ]  56% Finished
[07:48:54] 000081...: [======================================            ]  75% Finished
[07:48:55] 000081...: [===============================                   ]  61% Finished
[07:48:55] 000081...: [=========================================         ]  81% Finished
[07:48:55] 000081...: [=========================                         ]  49% Finished
[07:48:55] 000081...: [===========================                       ]  54% Finished
[07:48:56] 000081...: [==============================                    ]  59% Finished
[07:48:56] 000081...: [=========================                         ]  49% Finished
[07:48:56] 000081...: [========================                          ]  47% Finished
[07:48:56] 000081...: [========================                          ]  48% Finished
[07:48:56] 000081...: [========================                          ]  46% Finished
[07:48:57] 000081...: [===========================                       ]  54% Finished
[07:48:57] 000081...: [==========================                        ]  52% Finished
[07:48:57] 000081...: [==========================                        ]  51% Finished
[07:48:57] 000081...: [======================================            ]  74% Finished
[07:48:57] 000081...: [==========================                        ]  50% Finished
[07:48:57] 000081...: [===========================================       ]  86% Finished
[07:48:57] 000081...: [==========================                        ]  50% Finished
[07:48:57] 000081...: [==============================                    ]  59% Finished
[07:48:57] 000081...: [==========================                        ]  51% Finished
[07:48:57] 000081...: [============================                      ]  56% Finished
[07:48:57] 000081...: [=============================                     ]  57% Finished
[07:48:58] 000081...: [===========================                       ]  53% Finished
[07:48:58] 000081...: [============================                      ]  55% Finished
[07:48:58] 000081...: [============================                      ]  55% Finished
[07:48:58] 000081...: [========================================          ]  79% Finished
[07:48:58] 000081...: [===============================                   ]  61% Finished
[07:48:58] 000081...: [==============================                    ]  58% Finished
[07:48:58] 000081...: [============================                      ]  56% Finished
[07:48:58] 000081...: [==============================                    ]  60% Finished
[07:48:58] 000081...: [==============================                    ]  60% Finished
[07:48:59] 000081...: [================================================  ]  95% Finished
[07:48:59] 000081...: [==================================================]  99% Finished
[07:48:59] 000081...: [===============================                   ]  61% Finished
[07:48:59] 000081...: [================================                  ]  63% Finished
[07:49:00] 000081...: [=======================================           ]  76% Finished
[07:49:01] 000081...: [=====================================             ]  74% Finished
[07:49:02] 000081...: [===============================================   ]  94% Finished
[07:49:02] 000081...: [=========================================         ]  81% Finished
[07:49:03] 000081...: [======================================            ]  74% Finished
[07:49:03] 000081...: [======================================            ]  76% Finished
[07:49:03] 000081...: [======================================            ]  75% Finished
[07:49:04] 000081...: [======================================            ]  76% Finished
[07:49:04] 000081...: [=======================================           ]  77% Finished
[07:49:04] 000081...: [======================================            ]  74% Finished
[07:49:05] 000081...: [===============================================   ]  93% Finished
[07:49:05] 000081...: [=========================================         ]  82% Finished
[07:49:05] 000081...: [============================================      ]  87% Finished
[07:49:05] 000081...: [========================================          ]  79% Finished
[07:49:05] 000081...: [===========================================       ]  84% Finished
[07:49:05] 000081...: [========================================          ]  79% Finished
[07:49:05] 000081...: [==========================================        ]  83% Finished
[07:49:06] 000081...: [========================================          ]  80% Finished
[07:49:06] 000081...: [===========================================       ]  85% Finished
[07:49:06] 000081...: [==================================================]  98% Finished
[07:49:07] 000081...: [===========================================       ]  85% Finished
[07:49:07] 000081...: [================================================  ]  95% Finished
[07:49:08] 000081...: [===============================================   ]  94% Finished
[07:49:08] 000081...: [===============================================   ]  94% Finished
[07:49:08] 000081...: [===========================================       ]  86% Finished
[07:49:08] 000081...: [==========================================        ]  83% Finished
[07:49:08] 000081...: [===============================================   ]  94% Finished
[07:49:09] 000081...: [================================================  ]  96% Finished
[07:49:09] 000081...: [==================================================] 100% Finished
[07:49:10] 000081...: [================================================  ]  94% Finished
[07:49:10] 000081...: [==================================================]  99% Finished
[07:49:10] 000081...: [===============================================   ]  94% Finished
[07:49:10] 000081...: [==================================================]  99% Finished
[07:49:12] 000081...: [==================================================] 100% Finished
[07:49:12] 000081...: Restore Successful.
[07:49:12] 000081...: Khôi phục dữ liệu Restore hoàn tất thành công.
[07:49:12] 000081...: Đã chuyển kho thành công: A ➔ Kho đối diện:
66_iPhone_thithngcanh3003
[07:49:12] 000081...: ✓ Đã chuyển iPhone thứ 1 qua Kho đối diện thành công!
[07:49:12] 000081...: ⚡ Auto Activate sau Restore: đang chờ thiết bị reboot...
[07:49:12] 000081...: ⏳ Restore hoàn tất. Bắt đầu đếm ngược (80s) cho iPhone khởi động hoàn toàn...
[07:49:17] 000081...: [==================================================] 100% Finished
[07:49:17] 000081...: [==================================================] 100% Finished
[07:49:17] 000081...: Restore Successful.
[07:49:17] 000081...: Khôi phục dữ liệu Restore hoàn tất thành công.
[07:49:17] 000081...: Đã chuyển kho thành công: A ➔ Kho đối diện:
68_iPhone_nguynthmaihng2727
[07:49:17] 000081...: ✓ Đã chuyển iPhone thứ 2 qua Kho đối diện thành công!
[07:49:17] 000081...: ⚡ Auto Activate sau Restore: đang chờ thiết bị reboot...
[07:49:17] 000081...: ⏳ Restore hoàn tất. Bắt đầu đếm ngược (80s) cho iPhone khởi động hoàn toàn...
[07:49:19] 000081...: [==================================================] 100% Finished
[07:49:19] 000081...: [==================================================] 100% Finished
[07:49:19] 000081...: Restore Successful.
[07:49:19] 000081...: Khôi phục dữ liệu Restore hoàn tất thành công.
[07:49:19] 000081...: Đã chuyển kho thành công: A ➔ Kho đối diện:
83_iPhone_inhthoqunh29
[07:49:19] 000081...: ✓ Đã chuyển iPhone thứ 3 qua Kho đối diện thành công!
[07:49:19] 000081...: ⚡ Auto Activate sau Restore: đang chờ thiết bị reboot...
[07:49:19] 000081...: ⏳ Restore hoàn tất. Bắt đầu đếm ngược (80s) cho iPhone khởi động hoàn toàn...
[07:49:21] 000081...: [==================================================]  99% Finished
[07:49:21] 000081...: [==================================================] 100% Finished
[07:49:21] 000081...: Restore Successful.
[07:49:21] 000081...: Khôi phục dữ liệu Restore hoàn tất thành công.
[07:49:21] 000081...: Đã chuyển kho thành công: A ➔ Kho đối diện:
67_iPhone_hunhquphng664
[07:49:21] 000081...: ✓ Đã chuyển iPhone thứ 4 qua Kho đối diện thành công!
[07:49:21] 000081...: ⚡ Auto Activate sau Restore: đang chờ thiết bị reboot...
[07:49:21] 000081...: ⏳ Restore hoàn tất. Bắt đầu đếm ngược (80s) cho iPhone khởi động hoàn toàn...
[07:49:22] 000081...: [==================================================]  99% Finished
[07:49:22] 000081...: [==================================================] 100% Finished
[07:49:22] 000081...: Restore Successful.
[07:49:22] 000081...: Khôi phục dữ liệu Restore hoàn tất thành công.
[07:49:22] 000081...: Đã ngắt kết nối.
[07:49:22] 000081...: Đã chuyển kho thành công: A ➔ Kho đối diện:
75_iPhone_hngi186
[07:49:22] 000081...: ✓ Đã chuyển iPhone thứ 5 qua Kho đối diện thành công!
[07:49:22] 000081...: ⚡ Auto Activate sau Restore: đang chờ thiết bị reboot...
[07:49:22] 000081...: ⏳ Restore hoàn tất. Bắt đầu đếm ngược (80s) cho iPhone khởi động hoàn toàn...
[07:49:22] 000081...: [==================================================]  99% Finished
[07:49:22] 000081...: [==================================================] 100% Finished
[07:49:22] 000081...: Restore Successful.
[07:49:22] 000081...: Khôi phục dữ liệu Restore hoàn tất thành công.
[07:49:22] 000081...: Đã chuyển kho thành công: A ➔ Kho đối diện:
71_iPhone_lahoikhai728
[07:49:22] 000081...: ✓ Đã chuyển iPhone thứ 6 qua Kho đối diện thành công!
[07:49:22] 000081...: ⚡ Auto Activate sau Restore: đang chờ thiết bị reboot...
[07:49:22] 000081...: ⏳ Restore hoàn tất. Bắt đầu đếm ngược (80s) cho iPhone khởi động hoàn toàn...
[07:49:22] 000081...: [==================================================] 100% Finished
[07:49:22] 000081...: [==================================================] 100% Finished
[07:49:22] 000081...: Restore Successful.
[07:49:22] 000081...: Khôi phục dữ liệu Restore hoàn tất thành công.
[07:49:22] 000081...: Đã chuyển kho thành công: A ➔ Kho đối diện:
72_iPhone_hunhmaihon601
[07:49:22] 000081...: ✓ Đã chuyển iPhone thứ 7 qua Kho đối diện thành công!
[07:49:22] 000081...: ⚡ Auto Activate sau Restore: đang chờ thiết bị reboot...
[07:49:22] 000081...: ⏳ Restore hoàn tất. Bắt đầu đếm ngược (80s) cho iPhone khởi động hoàn toàn...
[07:49:22] 000081...: [==================================================] 100% Finished
[07:49:22] 000081...: Restore Successful.
[07:49:22] 000081...: Khôi phục dữ liệu Restore hoàn tất thành công.
[07:49:22] 000081...: Đã chuyển kho thành công: A ➔ Kho đối diện:
73_iPhone_vduynmy154
[07:49:22] 000081...: ✓ Đã chuyển iPhone thứ 8 qua Kho đối diện thành công!
[07:49:22] 000081...: ⚡ Auto Activate sau Restore: đang chờ thiết bị reboot...
[07:49:22] 000081...: ⏳ Restore hoàn tất. Bắt đầu đếm ngược (80s) cho iPhone khởi động hoàn toàn...
[07:49:23] 000081...: [==================================================] 100% Finished
[07:49:23] 000081...: Restore Successful.
[07:49:23] 000081...: Khôi phục dữ liệu Restore hoàn tất thành công.
[07:49:23] 000081...: Đã chuyển kho thành công: A ➔ Kho đối diện:
70_iPhone_bithylm6019
[07:49:23] 000081...: ✓ Đã chuyển iPhone thứ 9 qua Kho đối diện thành công!
[07:49:23] 000081...: ⚡ Auto Activate sau Restore: đang chờ thiết bị reboot...
[07:49:23] 000081...: ⏳ Restore hoàn tất. Bắt đầu đếm ngược (80s) cho iPhone khởi động hoàn toàn...
[07:49:23] 000081...: [==================================================] 100% Finished
[07:49:23] 000081...: Restore Successful.
[07:49:23] 000081...: Khôi phục dữ liệu Restore hoàn tất thành công.
[07:49:23] 000081...: Đã chuyển kho thành công: A ➔ Kho đối diện:
74_iPhone_chumainhung456
[07:49:23] 000081...: ✓ Đã chuyển iPhone thứ 9 qua Kho đối diện thành công!
[07:49:23] 000081...: ⚡ Auto Activate sau Restore: đang chờ thiết bị reboot...
[07:49:23] 000081...: ⏳ Restore hoàn tất. Bắt đầu đếm ngược (80s) cho iPhone khởi động hoàn toàn...
[07:49:27] 000081...: Đã ngắt kết nối.
[07:49:29] 000081...: Đã ngắt kết nối.
[07:49:31] 000081...: Đã ngắt kết nối.
[07:49:31] 000081...: Đã ngắt kết nối.
[07:49:32] 000081...: ⏳ Đang chờ iPhone khởi động lại: còn 60s...
[07:49:32] 000081...: Đã ngắt kết nối.
[07:49:32] 000081...: Đã ngắt kết nối.
[07:49:33] 000081...: Đã ngắt kết nối.
[07:49:33] 000081...: Đã ngắt kết nối.
[07:49:33] 000081...: Đã ngắt kết nối.
[07:49:37] 000081...: ⏳ Đang chờ iPhone khởi động lại: còn 60s...
[07:49:39] 000081...: ⏳ Đang chờ iPhone khởi động lại: còn 60s...
[07:49:41] 000081...: ⏳ Đang chờ iPhone khởi động lại: còn 60s...
[07:49:42] 000081...: ⏳ Đang chờ iPhone khởi động lại: còn 60s...
[07:49:42] 000081...: ⏳ Đang chờ iPhone khởi động lại: còn 60s...
[07:49:42] 000081...: ⏳ Đang chờ iPhone khởi động lại: còn 60s...
[07:49:42] 000081...: ⏳ Đang chờ iPhone khởi động lại: còn 60s...
[07:49:43] 000081...: Kết nối: iPhone • iOS 26.6.1
[07:49:43] 000081...: ⏳ Đang chờ iPhone khởi động lại: còn 60s...
[07:49:43] 000081...: ⏳ Đang chờ iPhone khởi động lại: còn 60s...
[07:49:52] 000081...: ⏳ Đang chờ iPhone khởi động lại: còn 40s...
[07:49:54] 000081...: Kết nối: iPhone • iOS 26.6.1
[07:49:54] 000081...: Kết nối: iPhone • iOS 26.6.1
[07:49:54] 000081...: Kết nối: iPhone • iOS 26.6.1
[07:49:54] 000081...: Kết nối: iPhone (Not Trust) • iOS ?
[07:49:55] 000081...: Đã xác nhận Trust: iPhone • iOS 26.6.1
[07:49:57] 000081...: ⏳ Đang chờ iPhone khởi động lại: còn 40s...
[07:49:59] 000081...: ⏳ Đang chờ iPhone khởi động lại: còn 40s...
[07:49:59] 000081...: Kết nối: iPhone • iOS 26.6.1
[07:50:01] 000081...: ⏳ Đang chờ iPhone khởi động lại: còn 40s...
[07:50:02] 000081...: ⏳ Đang chờ iPhone khởi động lại: còn 40s...
[07:50:02] 000081...: ⏳ Đang chờ iPhone khởi động lại: còn 40s...
[07:50:02] 000081...: ⏳ Đang chờ iPhone khởi động lại: còn 40s...
[07:50:02] 000081...: ⏳ Đang chờ iPhone khởi động lại: còn 40s...
[07:50:03] 000081...: ⏳ Đang chờ iPhone khởi động lại: còn 40s...
[07:50:03] 000081...: ⏳ Đang chờ iPhone khởi động lại: còn 40s...
[07:50:05] 000081...: Kết nối: iPhone • iOS 26.6.1
[07:50:05] 000081...: Kết nối: iPhone • iOS 26.6.1
[07:50:05] 000081...: Kết nối: iPhone • iOS 26.6.1
[07:50:05] 000081...: Kết nối: iPhone (Not Trust) • iOS ?
[07:50:06] 000081...: Đã xác nhận Trust: iPhone • iOS 26.6.1
[07:50:12] 000081...: ⏳ Đang chờ iPhone khởi động lại: còn 20s...
[07:50:17] 000081...: ⏳ Đang chờ iPhone khởi động lại: còn 20s...
[07:50:19] 000081...: ⏳ Đang chờ iPhone khởi động lại: còn 20s...
[07:50:21] 000081...: ⏳ Đang chờ iPhone khởi động lại: còn 20s...
[07:50:22] 000081...: ⏳ Đang chờ iPhone khởi động lại: còn 20s...
[07:50:22] 000081...: ⏳ Đang chờ iPhone khởi động lại: còn 20s...
[07:50:22] 000081...: ⏳ Đang chờ iPhone khởi động lại: còn 20s...
[07:50:22] 000081...: ⏳ Đang chờ iPhone khởi động lại: còn 20s...
[07:50:23] 000081...: ⏳ Đang chờ iPhone khởi động lại: còn 20s...
[07:50:23] 000081...: ⏳ Đang chờ iPhone khởi động lại: còn 20s...
[07:50:32] 000081...: ⌛ Đã hết 80 giây chờ! Đang kiểm tra kết nối thiết bị...
[07:50:35] 000081...: ✅ iPhone đã khởi động xong & kết nối ổn định ➔ Bắt đầu Batch Activate...
[07:50:35] 000081...: RUN: c:\TIKTOOL PRO V4\ideviceactivation.exe activate -u 00008101-000C55A12E91003A -b
[07:50:37] 000081...: ⌛ Đã hết 80 giây chờ! Đang kiểm tra kết nối thiết bị...
[07:50:39] 000081...: ⌛ Đã hết 80 giây chờ! Đang kiểm tra kết nối thiết bị...
[07:50:40] 000081...: ✅ iPhone đã khởi động xong & kết nối ổn định ➔ Bắt đầu Batch Activate...
[07:50:40] 000081...: RUN: c:\TIKTOOL PRO V4\ideviceactivation.exe activate -u 00008101-000B05581468001E -b
[07:50:40] 000081...: NOTE: This device appears to be already activated. The server might report an error 'Device Unknown' instead of acknowledging the activation.
Activation server reports that device is already activated.
[07:50:40] 000081...: RUN: c:\TIKTOOL PRO V4\ios.exe prepare --skip-all --udid=00008101-000C55A12E91003A --nojson
[07:50:41] 000081...: ⌛ Đã hết 80 giây chờ! Đang kiểm tra kết nối thiết bị...
[07:50:42] 000081...: ⌛ Đã hết 80 giây chờ! Đang kiểm tra kết nối thiết bị...
[07:50:42] 000081...: ⌛ Đã hết 80 giây chờ! Đang kiểm tra kết nối thiết bị...
[07:50:42] 000081...: ⌛ Đã hết 80 giây chờ! Đang kiểm tra kết nối thiết bị...
[07:50:42] 000081...: ✅ iPhone đã khởi động xong & kết nối ổn định ➔ Bắt đầu Batch Activate...
[07:50:42] 000081...: RUN: c:\TIKTOOL PRO V4\ideviceactivation.exe activate -u 00008101-00012CE20202001E -b
[07:50:42] 000081...: ⌛ Đã hết 80 giây chờ! Đang kiểm tra kết nối thiết bị...
[07:50:43] 000081...: ⌛ Đã hết 80 giây chờ! Đang kiểm tra kết nối thiết bị...
[07:50:43] 000081...: ⌛ Đã hết 80 giây chờ! Đang kiểm tra kết nối thiết bị...
[07:50:44] 000081...: ✅ iPhone đã khởi động xong & kết nối ổn định ➔ Bắt đầu Batch Activate...
[07:50:44] 000081...: RUN: c:\TIKTOOL PRO V4\ideviceactivation.exe activate -u 00008101-000101C61E44001E -b
[07:50:45] 000081...: ✅ iPhone đã khởi động xong & kết nối ổn định ➔ Bắt đầu Batch Activate...
[07:50:45] 000081...: RUN: c:\TIKTOOL PRO V4\ideviceactivation.exe activate -u 00008101-000C0D0C3C86001E -b
[07:50:45] 000081...: ✅ iPhone đã khởi động xong & kết nối ổn định ➔ Bắt đầu Batch Activate...
[07:50:45] 000081...: RUN: c:\TIKTOOL PRO V4\ideviceactivation.exe activate -u 00008101-000E41E036E8001E -b
[07:50:45] 000081...: NOTE: This device appears to be already activated. The server might report an error 'Device Unknown' instead of acknowledging the activation.
Activation server reports that device is already activated.
[07:50:45] 000081...: RUN: c:\TIKTOOL PRO V4\ios.exe prepare --skip-all --udid=00008101-000B05581468001E --nojson
[07:50:45] 000081...: ✅ iPhone đã khởi động xong & kết nối ổn định ➔ Bắt đầu Batch Activate...
[07:50:45] 000081...: RUN: c:\TIKTOOL PRO V4\ideviceactivation.exe activate -u 00008101-000E10A41E78001E -b
[07:50:45] 000081...: ✅ iPhone đã khởi động xong & kết nối ổn định ➔ Bắt đầu Batch Activate...
[07:50:45] 000081...: RUN: c:\TIKTOOL PRO V4\ideviceactivation.exe activate -u 00008101-000D08DA1180001E -b
[07:50:46] 000081...: ✅ iPhone đã khởi động xong & kết nối ổn định ➔ Bắt đầu Batch Activate...
[07:50:46] 000081...: RUN: c:\TIKTOOL PRO V4\ideviceactivation.exe activate -u 00008101-000508C23CE0001E -b
[07:50:46] 000081...: ✅ iPhone đã khởi động xong & kết nối ổn định ➔ Bắt đầu Batch Activate...
[07:50:46] 000081...: RUN: c:\TIKTOOL PRO V4\ideviceactivation.exe activate -u 00008101-0011548002C1001E -b
[07:50:47] 000081...: NOTE: This device appears to be already activated. The server might report an error 'Device Unknown' instead of acknowledging the activation.
Activation server reports that device is already activated.
[07:50:47] 000081...: RUN: c:\TIKTOOL PRO V4\ios.exe prepare --skip-all --udid=00008101-00012CE20202001E --nojson
[07:50:49] 000081...: NOTE: This device appears to be already activated. The server might report an error 'Device Unknown' instead of acknowledging the activation.
Activation server reports that device is already activated.
[07:50:49] 000081...: RUN: c:\TIKTOOL PRO V4\ios.exe prepare --skip-all --udid=00008101-000101C61E44001E --nojson
[07:50:50] 000081...: NOTE: This device appears to be already activated. The server might report an error 'Device Unknown' instead of acknowledging the activation.
Activation server reports that device is already activated.
[07:50:50] 000081...: RUN: c:\TIKTOOL PRO V4\ios.exe prepare --skip-all --udid=00008101-000C0D0C3C86001E --nojson
[07:50:50] 000081...: NOTE: This device appears to be already activated. The server might report an error 'Device Unknown' instead of acknowledging the activation.
Activation server reports that device is already activated.
[07:50:50] 000081...: RUN: c:\TIKTOOL PRO V4\ios.exe prepare --skip-all --udid=00008101-000E41E036E8001E --nojson
[07:50:50] 000081...: NOTE: This device appears to be already activated. The server might report an error 'Device Unknown' instead of acknowledging the activation.
Activation server reports that device is already activated.
[07:50:50] 000081...: RUN: c:\TIKTOOL PRO V4\ios.exe prepare --skip-all --udid=00008101-000D08DA1180001E --nojson
[07:50:51] 000081...: NOTE: This device appears to be already activated. The server might report an error 'Device Unknown' instead of acknowledging the activation.
Activation server reports that device is already activated.
[07:50:51] 000081...: RUN: c:\TIKTOOL PRO V4\ios.exe prepare --skip-all --udid=00008101-000E10A41E78001E --nojson
[07:50:51] 000081...: NOTE: This device appears to be already activated. The server might report an error 'Device Unknown' instead of acknowledging the activation.
Activation server reports that device is already activated.
[07:50:51] 000081...: RUN: c:\TIKTOOL PRO V4\ios.exe prepare --skip-all --udid=00008101-000508C23CE0001E --nojson
[07:50:52] 000081...: NOTE: This device appears to be already activated. The server might report an error 'Device Unknown' instead of acknowledging the activation.
Activation server reports that device is already activated.
[07:50:52] 000081...: RUN: c:\TIKTOOL PRO V4\ios.exe prepare --skip-all --udid=00008101-0011548002C1001E --nojson
[07:51:08] 000081...: time="2026-09-05T07:50:52+07:00" level=warning msg="go-ios agent is not running. You might need to start it with 'ios tunnel start' for ios17+. Use ENABLE_GO_IOS_AGENT=user for userspace tunnel or ENABLE_GO_IOS_AGENT=kernel for kernel tunnel for the experimental daemon mode."
time="2026-09-05T07:50:52+07:00" level=warning msg="failed to get tunnel info" udid=00008101-0011548002C1001E
time="2026-09-05T07:50:52+07:00" level=info msg="device is activated:true"
time="2026-09-05T07:50:52+07:00" level=info msg="send flush request"
time="2026-09-05T07:51:08+07:00" level=info msg="get cloud config"
time="2026-09-05T07:51:08+07:00" level=fatal msg="failed erasing" err="failed setting cloud config, resp: map[] err: failed command: map[CommandErrorArchive:[4 11 115 116 114 101 97 109 116 121 112 101 100 129 232 3 132 1 64 132 132 132 7 78 83 69 114 114 111 114 0 132 132 8 78 83 79 98 106 101 99 116 0 133 132 3 105 64 64 129 178 54 132 132 132 8 78 83 83 116 114 105 110 103 1 148 132 1 43 20 68 77 67 84 117 110 110 101 108 69 114 114 111 114 68 111 109 97 105 110 134 132 132 132 12 78 83 68 105 99 116 105 111 110 97 114 121 0 148 132 1 105 3 146 132 150 151 12 68 77 67 69 114 114 111 114 84 121 112 101 134 146 132 150 151 13 68 77 67 70 97 116 97 108 69 114 114 111 114 134 146 132 150 151 22 78 83 76 111 99 97 108 105 122 101 100 68 101 115 99 114 105 112 116 105 111 110 134 146 132 150 151 56 65 32 99 108 111 117 100 32 99 111 110 102 105 103 117 114 97 116 105 111 110 32 105 115 32 97 108 114 101 97 100 121 32 112 114 101 115 101 110 116 32 111 110 32 116 104 105 115 32 100 101 118 105 99 101 46 134 146 132 150 151 20 85 83 69 110 103 108 105 115 104 68 101 115 99 114 105 112 116 105 111 110 134 146 132 150 151 56 65 32 99 108 111 117 100 32 99 111 110 102 105 103 117 114 97 116 105 111 110 32 105 115 32 97 108 114 101 97 100 121 32 112 114 101 115 101 110 116 32 111 110 32 116 104 105 115 32 100 101 118 105 99 101 46 134 134 134] ErrorChain:[map[ErrorCode:14002 ErrorDomain:DMCTunnelErrorDomain LocalizedDescription:A cloud configuration is already present on this device. USEnglishDescription:A cloud configuration is already present on this device.]] Status:Error]"
[07:51:08] 000081...: Skip Setup Assistant thất bại!
[07:51:09] 000081...: time="2026-09-05T07:50:40+07:00" level=warning msg="go-ios agent is not running. You might need to start it with 'ios tunnel start' for ios17+. Use ENABLE_GO_IOS_AGENT=user for userspace tunnel or ENABLE_GO_IOS_AGENT=kernel for kernel tunnel for the experimental daemon mode."
time="2026-09-05T07:50:40+07:00" level=warning msg="failed to get tunnel info" udid=00008101-000C55A12E91003A
time="2026-09-05T07:50:40+07:00" level=info msg="device is activated:true"
time="2026-09-05T07:50:40+07:00" level=info msg="send flush request"
time="2026-09-05T07:50:57+07:00" level=info msg="get cloud config"
"ok"
[07:51:09] 000081...: RUN: c:\TIKTOOL PRO V4\ios.exe lang --setlocale=ja_JP --setlang=ja --udid=00008101-000C55A12E91003A --nojson
[07:51:10] 000081...: time="2026-09-05T07:50:47+07:00" level=warning msg="go-ios agent is not running. You might need to start it with 'ios tunnel start' for ios17+. Use ENABLE_GO_IOS_AGENT=user for userspace tunnel or ENABLE_GO_IOS_AGENT=kernel for kernel tunnel for the experimental daemon mode."
time="2026-09-05T07:50:47+07:00" level=warning msg="failed to get tunnel info" udid=00008101-00012CE20202001E
time="2026-09-05T07:50:47+07:00" level=info msg="device is activated:true"
time="2026-09-05T07:50:47+07:00" level=info msg="send flush request"
time="2026-09-05T07:51:03+07:00" level=info msg="get cloud config"
"ok"
[07:51:10] 000081...: RUN: c:\TIKTOOL PRO V4\ios.exe lang --setlocale=ja_JP --setlang=ja --udid=00008101-00012CE20202001E --nojson
[07:51:12] 000081...: time="2026-09-05T07:50:50+07:00" level=warning msg="go-ios agent is not running. You might need to start it with 'ios tunnel start' for ios17+. Use ENABLE_GO_IOS_AGENT=user for userspace tunnel or ENABLE_GO_IOS_AGENT=kernel for kernel tunnel for the experimental daemon mode."
time="2026-09-05T07:50:50+07:00" level=warning msg="failed to get tunnel info" udid=00008101-000101C61E44001E
time="2026-09-05T07:50:50+07:00" level=info msg="device is activated:true"
time="2026-09-05T07:50:50+07:00" level=info msg="send flush request"
time="2026-09-05T07:51:07+07:00" level=info msg="get cloud config"
"ok"
[07:51:12] 000081...: RUN: c:\TIKTOOL PRO V4\ios.exe lang --setlocale=ja_JP --setlang=ja --udid=00008101-000101C61E44001E --nojson
[07:51:14] 000081...: time="2026-09-05T07:50:51+07:00" level=warning msg="go-ios agent is not running. You might need to start it with 'ios tunnel start' for ios17+. Use ENABLE_GO_IOS_AGENT=user for userspace tunnel or ENABLE_GO_IOS_AGENT=kernel for kernel tunnel for the experimental daemon mode."
time="2026-09-05T07:50:51+07:00" level=warning msg="failed to get tunnel info" udid=00008101-000E10A41E78001E
time="2026-09-05T07:50:51+07:00" level=info msg="device is activated:true"
time="2026-09-05T07:50:51+07:00" level=info msg="send flush request"
time="2026-09-05T07:51:10+07:00" level=info msg="get cloud config"
"ok"
[07:51:14] 000081...: RUN: c:\TIKTOOL PRO V4\ios.exe lang --setlocale=ja_JP --setlang=ja --udid=00008101-000E10A41E78001E --nojson
[07:51:14] 000081...: time="2026-09-05T07:50:50+07:00" level=warning msg="go-ios agent is not running. You might need to start it with 'ios tunnel start' for ios17+. Use ENABLE_GO_IOS_AGENT=user for userspace tunnel or ENABLE_GO_IOS_AGENT=kernel for kernel tunnel for the experimental daemon mode."
time="2026-09-05T07:50:50+07:00" level=warning msg="failed to get tunnel info" udid=00008101-000C0D0C3C86001E
time="2026-09-05T07:50:50+07:00" level=info msg="device is activated:true"
time="2026-09-05T07:50:50+07:00" level=info msg="send flush request"
time="2026-09-05T07:51:05+07:00" level=info msg="get cloud config"
"ok"
[07:51:14] 000081...: RUN: c:\TIKTOOL PRO V4\ios.exe lang --setlocale=ja_JP --setlang=ja --udid=00008101-000C0D0C3C86001E --nojson
[07:51:21] 000081...: time="2026-09-05T07:50:50+07:00" level=warning msg="go-ios agent is not running. You might need to start it with 'ios tunnel start' for ios17+. Use ENABLE_GO_IOS_AGENT=user for userspace tunnel or ENABLE_GO_IOS_AGENT=kernel for kernel tunnel for the experimental daemon mode."
time="2026-09-05T07:50:50+07:00" level=warning msg="failed to get tunnel info" udid=00008101-000E41E036E8001E
time="2026-09-05T07:50:50+07:00" level=info msg="device is activated:true"
time="2026-09-05T07:50:50+07:00" level=info msg="send flush request"
time="2026-09-05T07:51:08+07:00" level=info msg="get cloud config"
"ok"
[07:51:21] 000081...: RUN: c:\TIKTOOL PRO V4\ios.exe lang --setlocale=ja_JP --setlang=ja --udid=00008101-000E41E036E8001E --nojson
[07:51:23] 000081...: time="2026-09-05T07:50:51+07:00" level=warning msg="go-ios agent is not running. You might need to start it with 'ios tunnel start' for ios17+. Use ENABLE_GO_IOS_AGENT=user for userspace tunnel or ENABLE_GO_IOS_AGENT=kernel for kernel tunnel for the experimental daemon mode."
time="2026-09-05T07:50:51+07:00" level=warning msg="failed to get tunnel info" udid=00008101-000508C23CE0001E
time="2026-09-05T07:50:51+07:00" level=info msg="device is activated:true"
time="2026-09-05T07:50:52+07:00" level=info msg="send flush request"
time="2026-09-05T07:51:07+07:00" level=info msg="get cloud config"
"ok"
[07:51:23] 000081...: RUN: c:\TIKTOOL PRO V4\ios.exe lang --setlocale=ja_JP --setlang=ja --udid=00008101-000508C23CE0001E --nojson
[07:51:23] 000081...: time="2026-09-05T07:50:45+07:00" level=warning msg="go-ios agent is not running. You might need to start it with 'ios tunnel start' for ios17+. Use ENABLE_GO_IOS_AGENT=user for userspace tunnel or ENABLE_GO_IOS_AGENT=kernel for kernel tunnel for the experimental daemon mode."
time="2026-09-05T07:50:45+07:00" level=warning msg="failed to get tunnel info" udid=00008101-000B05581468001E
time="2026-09-05T07:50:45+07:00" level=info msg="device is activated:true"
time="2026-09-05T07:50:45+07:00" level=info msg="send flush request"
time="2026-09-05T07:51:07+07:00" level=info msg="get cloud config"
"ok"
[07:51:23] 000081...: RUN: c:\TIKTOOL PRO V4\ios.exe lang --setlocale=ja_JP --setlang=ja --udid=00008101-000B05581468001E --nojson
[07:51:24] 000081...: {"Language":"ja","Locale":"ja_JP","SupportedLocales":["sv_AX","en_CN","ro_RO","en_VG","es_VC","fr_MA","en_AL","es_TT","ar_SS","fr_VU","fr_CI","en_GS","en_BW","en_JM","es_BS","en_BD","en_MG","en_PT","ar_LB","fr_GN","ru_UA","en_HK","en_CO","en_KE","en_NR","fr_MU","en_FI","nl_BQ","en_WS","en_DG","ar_SA","en_RW","en_ZM","en_BE","en_ER","el_CY","en_MH","nl_NL","pt_AO","bn_BD","en_KY","es_CL","en_VI","en_FJ","es_VE","fr_MC","en_TZ","en_ID","es_TC","en_GU","zh_TW","es_GQ","ko_CN","mr_IN","en_GB","es_MX","en_ES","es_BB","es_PR","fr_GP","pt_GW","fi_FI","en_FK","en_NA","zh_CN","en_IE","en_LR","en_TH","ca_IT","ar_KM","en_BZ","de_CH","da_GL","te_IN","en_US","en_JP","ar_QA","en_PW","ar_TN","en_BG","fr_GQ","de_LI","cs_CZ","hu_HU","zh_HK","en_NU","es_VG","ta_IN","ar_EG","ro_MD","en_LS","fr_CM","ar_SD","en_GD","ar_IL","ar_LY","en_UA","fr_TD","pt_LU","es_PA","ta_SG","en_KI","es_CO","en_FM","fr_MF","tr_CY","ar_EH","en_LT","es_IC","en_DK","pt_ST","es_GT","fr_YT","en_GE","ms_BN","en_BI","he_IL","pt_TL","en_SS","es_KY","kk_KZ","en_CA","es_VI","zh-Hant_JP","fr_MG","ar_MR","hr_HR","en_AR","ar_SY","fr_SN","en_TK","en_GY","pt_CV","en_MM","es_ES","ar_AE","fr_DZ","zh-Hant_MY","ca_ES","en_PG","en_001","fr_RW","fr_GA","en_SA","fr_BE","hi_IN","en_AS","pt_MO","en_LV","ta_LK","en_DM","en_LC","en_GG","tr_TR","es_BZ","zh-Hans_MO","es_US","en_150","it_VA","fr_TG","en_EE","it_CH","en_PH","es_EA","es_HN","en_CV","ms_SG","es_CR","en_SB","fr_RE","fr_BF","en_NF","sv_FI","en_CC","en_AT","ar_MA","nl_BE","en_GH","th_TH","es_GD","pt_FR","en_ZA","en_MO","es_003","de_IT","es_PE","de_DE","en_SC","en_NZ","en_NG","en_AU","el_GR","en_GI","ar_001","en_BM","ar_IQ","en_MP","es_PY","fr_DJ","es_EC","en_US_POSIX","vi_VN","en_CX","en_KN","en_SD","en_FR","es_CA","kn_IN","en_IL","es_AR","en_TO","zh-Hans_HK","es_GY","bg_BG","fr_NC","en_BN","ta_MY","en_UG","en_HU","en_PK","uk_UA","en_SX","en_CY","en_SE","sk_SK","es_CU","fr_BI","fr_ML","de_BE","en_IM","fr_PF","es_DM","es_LC","en_ZW","fr_CA","pl_PL","pt_CH","zh-Hans_JP","ja_JP","en_JE","fr_LU","nl_SR","en_PL","zh_MO","en_CZ","fr_GF","es_PH","fr_BJ","en_IN","zh-Hans_MY","en_AE","fr_NE","en_RO","en_MS","es_419","it_IT","ar_TD","en_SZ","fr_WF","ru_MD","ml_IN","en_SG","es_SV","en_CH","es_CW","pt_BR","en_IO","bn_IN","ar_PS","en_TR","ar_KW","es_DO","en_GM","it_SM","ms_MY","sl_SI","es_BM","es_UY","en_MT","en_PN","es_HT","en_KR","en_SH","en_VU","es_KN","fr_BL","en_NL","ca_FR","en_AG","fr_KM","fr_SC","fr_CD","ko_KP","or_IN","zh-Hant_CN","en_BR","ru_RU","nb_SJ","fr_TN","ar_DZ","en_MU","en_SI","hr_BA","es_NI","ar_ER","en_VC","fr_HT","en_TT","ar_SO","ca_AD","da_DK","fr_FR","en_BS","nl_CW","en_MV","es_BO","nb_NO","de_LU","en_CK","ar_JO","pt_GQ","fr_MQ","zh_SG","ms_ID","en_AI","fr_CF","ko_KR","en_MW","en_UM","en_SK","en_CL","en_NO","fr_MR","en_TV","fr_SY","en_TC","fr_CG","nl_SX","es_BQ","en_MX","ru_BY","ar_YE","de_AT","en_PR","sv_SE","ar_DJ","en_BB","nl_AW","ar_OM","en_SL","en_CM","ru_KZ","lt_LT","ar_BH","ru_KG","id_ID","pt_MZ","en_TW","en_IT","fr_PM","es_AG","pt_PT","en_DE","fr_CH","en_GR","gu_IN","en_RU","en_MY","es_BR"],"SupportedLanguages":["ur","lt","ja","id","mr","ms","hi","es-419","es","pl","ca","ta","fr","en-IN","or","fr-CA","da","bg","te","kk-Cyrl","pt-BR","zh-Hant-HK","hr","gu","de","th","sk","ro","sl","nb","kk","en-GB","hu","zh-HK","bn","ar","it","kn","ko","uk","pa","ru","vi","zh-Hans","zh-Hant","en-AU","ml","pt-PT","tr","fi","en-US","el","cs","sv","nl","he","en","es-US"]}
[07:51:24] 000081...: Batch Activate hoàn tất thành công.
[07:51:29] 000081...: {"Language":"ja","Locale":"ja_JP","SupportedLocales":["sv_AX","en_CN","ro_RO","en_VG","es_VC","fr_MA","en_AL","es_TT","ar_SS","fr_VU","en_GS","fr_CI","en_BW","en_JM","es_BS","en_BD","en_MG","en_PT","en_HK","ar_LB","ru_UA","fr_GN","en_CO","en_KE","en_NR","fr_MU","en_FI","nl_BQ","en_WS","en_DG","ar_SA","en_RW","en_ZM","en_BE","en_ER","bn_BD","en_MH","el_CY","nl_NL","pt_AO","en_KY","es_CL","en_VI","en_FJ","es_VE","fr_MC","en_TZ","en_ID","es_TC","en_GU","zh_TW","es_GQ","en_GB","ko_CN","mr_IN","es_MX","en_ES","es_BB","es_PR","fr_GP","pt_GW","fi_FI","en_FK","en_NA","zh_CN","en_IE","en_LR","en_TH","ca_IT","ar_KM","en_BZ","en_JP","da_GL","te_IN","en_BG","de_CH","ar_QA","ar_TN","en_PW","en_US","fr_GQ","de_LI","cs_CZ","hu_HU","en_NU","zh_HK","es_VG","ta_IN","ar_EG","ro_MD","en_LS","fr_CM","ar_SD","en_GD","ar_IL","ar_LY","en_UA","fr_TD","pt_LU","es_PA","ta_SG","en_KI","es_CO","en_FM","fr_MF","tr_CY","ar_EH","en_LT","es_IC","en_DK","pt_ST","es_GT","fr_YT","en_GE","ms_BN","en_BI","he_IL","pt_TL","en_SS","es_KY","kk_KZ","en_CA","es_VI","zh-Hant_JP","fr_MG","ar_MR","hr_HR","en_AR","ar_SY","en_TK","fr_SN","en_GY","pt_CV","en_MM","es_ES","ar_AE","fr_DZ","en_001","en_PG","ca_ES","fr_RW","zh-Hant_MY","fr_GA","en_SA","fr_BE","hi_IN","en_AS","pt_MO","en_LV","ta_LK","en_DM","en_LC","en_GG","es_BZ","tr_TR","it_CH","es_US","en_150","it_VA","fr_TG","en_EE","zh-Hans_MO","en_PH","es_EA","es_HN","ms_SG","sv_FI","es_CR","fr_RE","en_CC","en_SB","en_NF","fr_BF","en_CV","en_AT","ar_MA","nl_BE","en_GH","es_GD","th_TH","pt_FR","en_ZA","en_MO","de_IT","es_003","es_PE","de_DE","en_SC","en_NZ","en_NG","en_AU","el_GR","en_GI","ar_001","en_BM","ar_IQ","en_MP","es_PY","fr_DJ","es_EC","en_US_POSIX","vi_VN","en_CX","en_KN","en_SD","en_FR","es_CA","kn_IN","en_IL","es_AR","en_TO","zh-Hans_HK","es_GY","bg_BG","fr_NC","ta_MY","en_BN","en_UG","en_HU","en_PK","uk_UA","en_SX","en_CY","en_SE","es_CU","sk_SK","fr_BI","fr_ML","en_IM","de_BE","fr_PF","es_DM","es_LC","en_ZW","fr_CA","pl_PL","pt_CH","zh-Hans_JP","ja_JP","en_JE","fr_LU","nl_SR","en_PL","zh_MO","en_CZ","fr_GF","es_PH","fr_BJ","en_IN","zh-Hans_MY","en_AE","fr_NE","en_RO","en_MS","es_419","it_IT","ar_TD","en_SZ","fr_WF","ru_MD","ml_IN","es_CW","es_SV","en_CH","en_SG","pt_BR","en_IO","ar_PS","en_TR","bn_IN","ar_KW","es_DO","en_GM","it_SM","ms_MY","sl_SI","en_MT","es_BM","es_UY","en_PN","es_HT","en_KR","en_SH","es_KN","en_VU","fr_BL","en_NL","ca_FR","en_AG","fr_KM","fr_SC","fr_CD","ko_KP","or_IN","nb_SJ","zh-Hant_CN","en_MU","ru_RU","fr_TN","ar_DZ","en_BR","en_SI","en_VC","es_NI","ar_ER","hr_BA","fr_HT","en_TT","ar_SO","ca_AD","da_DK","fr_FR","en_BS","nl_CW","en_MV","es_BO","nb_NO","de_LU","en_CK","pt_GQ","ar_JO","fr_MQ","zh_SG","ms_ID","en_AI","fr_CF","ko_KR","en_MW","en_UM","en_SK","en_CL","en_NO","fr_MR","en_TV","fr_SY","en_TC","fr_CG","nl_SX","es_BQ","ar_YE","ru_BY","sv_SE","en_BB","en_PR","en_MX","ar_DJ","lt_LT","nl_AW","ar_OM","en_SL","de_AT","ru_KZ","en_CM","ar_BH","ru_KG","en_IT","id_ID","en_TW","fr_PM","pt_MZ","es_AG","pt_PT","en_DE","gu_IN","en_GR","en_RU","fr_CH","en_MY","es_BR"],"SupportedLanguages":["ur","lt","ja","id","mr","ms","hi","es-419","es","pl","ca","ta","fr","en-IN","or","fr-CA","da","bg","te","kk-Cyrl","pt-BR","zh-Hant-HK","hr","gu","de","th","sk","ro","sl","nb","kk","en-GB","hu","zh-HK","bn","ar","it","kn","ko","uk","pa","ru","vi","zh-Hans","zh-Hant","en-AU","ml","pt-PT","tr","fi","en-US","el","cs","sv","nl","he","en","es-US"]}
[07:51:29] 000081...: Batch Activate hoàn tất thành công.
[07:51:29] 000081...: ⚡ Lệnh đổi ngôn ngữ đã gửi (SpringBoard đang cập nhật, timeout 20s là bình thường).
[07:51:29] 000081...: Batch Activate hoàn tất thành công.
[07:51:30] 000081...: time="2026-09-05T07:50:50+07:00" level=warning msg="go-ios agent is not running. You might need to start it with 'ios tunnel start' for ios17+. Use ENABLE_GO_IOS_AGENT=user for userspace tunnel or ENABLE_GO_IOS_AGENT=kernel for kernel tunnel for the experimental daemon mode."
time="2026-09-05T07:50:50+07:00" level=warning msg="failed to get tunnel info" udid=00008101-000D08DA1180001E
time="2026-09-05T07:50:50+07:00" level=info msg="device is activated:true"
time="2026-09-05T07:50:50+07:00" level=info msg="send flush request"
time="2026-09-05T07:51:20+07:00" level=info msg="get cloud config"
Command timed out
[07:51:30] 000081...: Skip Setup Assistant thất bại!
[07:51:34] 000081...: ⚡ Lệnh đổi ngôn ngữ đã gửi (SpringBoard đang cập nhật, timeout 20s là bình thường).
[07:51:34] 000081...: Batch Activate hoàn tất thành công.
[07:51:34] 000081...: ⚡ Lệnh đổi ngôn ngữ đã gửi (SpringBoard đang cập nhật, timeout 20s là bình thường).
[07:51:34] 000081...: Batch Activate hoàn tất thành công.
[07:51:41] 000081...: ⚡ Lệnh đổi ngôn ngữ đã gửi (SpringBoard đang cập nhật, timeout 20s là bình thường).
[07:51:41] 000081...: Batch Activate hoàn tất thành công.
[07:51:43] 000081...: ⚡ Lệnh đổi ngôn ngữ đã gửi (SpringBoard đang cập nhật, timeout 20s là bình thường).
[07:51:43] 000081...: Batch Activate hoàn tất thành công.
[07:51:43] 000081...: ⚡ Lệnh đổi ngôn ngữ đã gửi (SpringBoard đang cập nhật, timeout 20s là bình thường).
[07:51:43] 000081...: Batch Activate hoàn tất thành công.
[07:53:02] 000081...: Đã ngắt kết nối.
[07:53:03] 000081...: Đã ngắt kết nối.
[07:53:03] 000081...: Đã ngắt kết nối.
[07:53:03] 000081...: Đã ngắt kết nối.
[07:53:04] 000081...: Đã ngắt kết nối.
[07:53:04] 000081...: Đã ngắt kết nối.
[07:53:04] 000081...: Đã ngắt kết nối.
[07:53:05] 000081...: Đã ngắt kết nối.
[07:53:05] 000081...: Đã ngắt kết nối.
[07:53:05] 000081...: Đã ngắt kết nối.
