[21:02:30] SYSTEM...: Đã load cấu hình từ settings.json thành công.
[21:02:30] SYSTEM...: Bản quyền TikTok Pro đã được kích hoạt thành công.
[21:02:31] 000081...: Kết nối: iPhone • iOS 26.6.1
[21:02:31] 000081...: Kết nối: iPhone • iOS 26.6.1
[21:02:31] 000081...: Kết nối: iPhone • iOS 26.6.1
[21:02:31] 000081...: Kết nối: iPhone • iOS 26.6.1
[21:02:31] 000081...: Kết nối: iPhone • iOS 26.6.1
[21:02:31] 000081...: Kết nối: iPhone • iOS 26.6.1
[21:02:31] 000081...: Kết nối: iPhone • iOS 26.6.1
[21:02:31] 000081...: Kết nối: iPhone • iOS 26.6.1
[21:02:31] 000081...: Kết nối: iPhone • iOS 26.6.1
[21:02:31] 000081...: Kết nối: iPhone • iOS 26.6.1
[21:02:31] 000081...: Kết nối: iPhone • iOS 26.6.1
[21:02:39] SYSTEM...: Bắt đầu Batch Activate cho toàn bộ thiết bị...
[21:02:39] 000081...: RUN: C:\TIKTOOL PRO V4\ideviceactivation.exe activate -u 00008101-000C0D0C3C86001E -b
[21:02:39] 000081...: RUN: C:\TIKTOOL PRO V4\ideviceactivation.exe activate -u 00008101-000B05581468001E -b
[21:02:39] 000081...: RUN: C:\TIKTOOL PRO V4\ideviceactivation.exe activate -u 00008101-000E10A41E78001E -b
[21:02:39] 000081...: RUN: C:\TIKTOOL PRO V4\ideviceactivation.exe activate -u 00008101-000D08DA1180001E -b
[21:02:39] 000081...: RUN: C:\TIKTOOL PRO V4\ideviceactivation.exe activate -u 00008101-00012CE20202001E -b
[21:02:39] 000081...: RUN: C:\TIKTOOL PRO V4\ideviceactivation.exe activate -u 00008101-000124C011A3001E -b
[21:02:39] 000081...: RUN: C:\TIKTOOL PRO V4\ideviceactivation.exe activate -u 00008101-000101C61E44001E -b
[21:02:39] 000081...: RUN: C:\TIKTOOL PRO V4\ideviceactivation.exe activate -u 00008101-000C55A12E91003A -b
[21:02:39] 000081...: RUN: C:\TIKTOOL PRO V4\ideviceactivation.exe activate -u 00008101-000508C23CE0001E -b
[21:02:39] 000081...: RUN: C:\TIKTOOL PRO V4\ideviceactivation.exe activate -u 00008101-0011548002C1001E -b
[21:02:39] 000081...: RUN: C:\TIKTOOL PRO V4\ideviceactivation.exe activate -u 00008101-000E41E036E8001E -b
[21:02:44] 000081...: NOTE: This device appears to be already activated. The server might report an error 'Device Unknown' instead of acknowledging the activation.
Activation server reports that device is already activated.
[21:02:44] 000081...: RUN: C:\TIKTOOL PRO V4\ios.exe prepare --skip-all --udid=00008101-000508C23CE0001E --nojson
[21:02:44] 000081...: NOTE: This device appears to be already activated. The server might report an error 'Device Unknown' instead of acknowledging the activation.
Activation server reports that device is already activated.
[21:02:44] 000081...: RUN: C:\TIKTOOL PRO V4\ios.exe prepare --skip-all --udid=00008101-0011548002C1001E --nojson
[21:02:44] 000081...: NOTE: This device appears to be already activated. The server might report an error 'Device Unknown' instead of acknowledging the activation.
Activation server reports that device is already activated.
[21:02:44] 000081...: NOTE: This device appears to be already activated. The server might report an error 'Device Unknown' instead of acknowledging the activation.
Activation server reports that device is already activated.
[21:02:44] 000081...: RUN: C:\TIKTOOL PRO V4\ios.exe prepare --skip-all --udid=00008101-000124C011A3001E --nojson
[21:02:44] 000081...: RUN: C:\TIKTOOL PRO V4\ios.exe prepare --skip-all --udid=00008101-000D08DA1180001E --nojson
[21:02:44] 000081...: NOTE: This device appears to be already activated. The server might report an error 'Device Unknown' instead of acknowledging the activation.
Activation server reports that device is already activated.
[21:02:44] 000081...: RUN: C:\TIKTOOL PRO V4\ios.exe prepare --skip-all --udid=00008101-000E41E036E8001E --nojson
[21:02:44] 000081...: NOTE: This device appears to be already activated. The server might report an error 'Device Unknown' instead of acknowledging the activation.
Activation server reports that device is already activated.
[21:02:44] 000081...: RUN: C:\TIKTOOL PRO V4\ios.exe prepare --skip-all --udid=00008101-00012CE20202001E --nojson
[21:02:44] 000081...: NOTE: This device appears to be already activated. The server might report an error 'Device Unknown' instead of acknowledging the activation.
Activation server reports that device is already activated.
[21:02:44] 000081...: RUN: C:\TIKTOOL PRO V4\ios.exe prepare --skip-all --udid=00008101-000E10A41E78001E --nojson
[21:02:44] 000081...: NOTE: This device appears to be already activated. The server might report an error 'Device Unknown' instead of acknowledging the activation.
Activation server reports that device is already activated.
[21:02:44] 000081...: RUN: C:\TIKTOOL PRO V4\ios.exe prepare --skip-all --udid=00008101-000B05581468001E --nojson
[21:02:44] 000081...: NOTE: This device appears to be already activated. The server might report an error 'Device Unknown' instead of acknowledging the activation.
Activation server reports that device is already activated.
[21:02:44] 000081...: RUN: C:\TIKTOOL PRO V4\ios.exe prepare --skip-all --udid=00008101-000C0D0C3C86001E --nojson
[21:02:44] 000081...: NOTE: This device appears to be already activated. The server might report an error 'Device Unknown' instead of acknowledging the activation.
Activation server reports that device is already activated.
[21:02:44] 000081...: RUN: C:\TIKTOOL PRO V4\ios.exe prepare --skip-all --udid=00008101-000C55A12E91003A --nojson
[21:02:44] 000081...: NOTE: This device appears to be already activated. The server might report an error 'Device Unknown' instead of acknowledging the activation.
Activation server reports that device is already activated.
[21:02:44] 000081...: RUN: C:\TIKTOOL PRO V4\ios.exe prepare --skip-all --udid=00008101-000101C61E44001E --nojson
[21:02:54] 000081...: time="2026-09-04T21:02:44+07:00" level=warning msg="go-ios agent is not running. You might need to start it with 'ios tunnel start' for ios17+. Use ENABLE_GO_IOS_AGENT=user for userspace tunnel or ENABLE_GO_IOS_AGENT=kernel for kernel tunnel for the experimental daemon mode."
time="2026-09-04T21:02:44+07:00" level=warning msg="failed to get tunnel info" udid=00008101-000508C23CE0001E
time="2026-09-04T21:02:44+07:00" level=info msg="device is activated:true"
time="2026-09-04T21:02:44+07:00" level=info msg="send flush request"
time="2026-09-04T21:02:50+07:00" level=info msg="get cloud config"
"ok"
[21:02:54] 000081...: RUN: C:\TIKTOOL PRO V4\ios.exe lang --setlocale=ja_JP --setlang=ja --udid=00008101-000508C23CE0001E --nojson
[21:02:55] 000081...: time="2026-09-04T21:02:44+07:00" level=warning msg="go-ios agent is not running. You might need to start it with 'ios tunnel start' for ios17+. Use ENABLE_GO_IOS_AGENT=user for userspace tunnel or ENABLE_GO_IOS_AGENT=kernel for kernel tunnel for the experimental daemon mode."
time="2026-09-04T21:02:44+07:00" level=warning msg="failed to get tunnel info" udid=00008101-000E41E036E8001E
time="2026-09-04T21:02:44+07:00" level=info msg="device is activated:true"
time="2026-09-04T21:02:44+07:00" level=info msg="send flush request"
time="2026-09-04T21:02:44+07:00" level=info msg="get cloud config"
"ok"
[21:02:55] 000081...: RUN: C:\TIKTOOL PRO V4\ios.exe lang --setlocale=ja_JP --setlang=ja --udid=00008101-000E41E036E8001E --nojson
[21:02:58] 000081...: time="2026-09-04T21:02:44+07:00" level=warning msg="go-ios agent is not running. You might need to start it with 'ios tunnel start' for ios17+. Use ENABLE_GO_IOS_AGENT=user for userspace tunnel or ENABLE_GO_IOS_AGENT=kernel for kernel tunnel for the experimental daemon mode."
time="2026-09-04T21:02:44+07:00" level=warning msg="failed to get tunnel info" udid=00008101-0011548002C1001E
time="2026-09-04T21:02:44+07:00" level=info msg="device is activated:true"
time="2026-09-04T21:02:44+07:00" level=info msg="send flush request"
time="2026-09-04T21:02:49+07:00" level=info msg="get cloud config"
"ok"
[21:02:58] 000081...: RUN: C:\TIKTOOL PRO V4\ios.exe lang --setlocale=ja_JP --setlang=ja --udid=00008101-0011548002C1001E --nojson
[21:02:59] 000081...: time="2026-09-04T21:02:44+07:00" level=warning msg="go-ios agent is not running. You might need to start it with 'ios tunnel start' for ios17+. Use ENABLE_GO_IOS_AGENT=user for userspace tunnel or ENABLE_GO_IOS_AGENT=kernel for kernel tunnel for the experimental daemon mode."
time="2026-09-04T21:02:44+07:00" level=warning msg="failed to get tunnel info" udid=00008101-000101C61E44001E
time="2026-09-04T21:02:45+07:00" level=info msg="device is activated:true"
time="2026-09-04T21:02:45+07:00" level=info msg="send flush request"
time="2026-09-04T21:02:55+07:00" level=info msg="get cloud config"
"ok"
[21:02:59] 000081...: RUN: C:\TIKTOOL PRO V4\ios.exe lang --setlocale=ja_JP --setlang=ja --udid=00008101-000101C61E44001E --nojson
[21:02:59] 000081...: time="2026-09-04T21:02:44+07:00" level=warning msg="go-ios agent is not running. You might need to start it with 'ios tunnel start' for ios17+. Use ENABLE_GO_IOS_AGENT=user for userspace tunnel or ENABLE_GO_IOS_AGENT=kernel for kernel tunnel for the experimental daemon mode."
time="2026-09-04T21:02:44+07:00" level=warning msg="failed to get tunnel info" udid=00008101-000C55A12E91003A
time="2026-09-04T21:02:44+07:00" level=info msg="device is activated:true"
time="2026-09-04T21:02:44+07:00" level=info msg="send flush request"
time="2026-09-04T21:02:53+07:00" level=info msg="get cloud config"
"ok"
[21:02:59] 000081...: RUN: C:\TIKTOOL PRO V4\ios.exe lang --setlocale=ja_JP --setlang=ja --udid=00008101-000C55A12E91003A --nojson
[21:03:00] 000081...: time="2026-09-04T21:02:44+07:00" level=warning msg="go-ios agent is not running. You might need to start it with 'ios tunnel start' for ios17+. Use ENABLE_GO_IOS_AGENT=user for userspace tunnel or ENABLE_GO_IOS_AGENT=kernel for kernel tunnel for the experimental daemon mode."
time="2026-09-04T21:02:44+07:00" level=warning msg="failed to get tunnel info" udid=00008101-000C0D0C3C86001E
time="2026-09-04T21:02:44+07:00" level=info msg="device is activated:true"
time="2026-09-04T21:02:44+07:00" level=info msg="send flush request"
time="2026-09-04T21:02:57+07:00" level=info msg="get cloud config"
"ok"
[21:03:00] 000081...: RUN: C:\TIKTOOL PRO V4\ios.exe lang --setlocale=ja_JP --setlang=ja --udid=00008101-000C0D0C3C86001E --nojson
[21:03:03] 000081...: time="2026-09-04T21:02:44+07:00" level=warning msg="go-ios agent is not running. You might need to start it with 'ios tunnel start' for ios17+. Use ENABLE_GO_IOS_AGENT=user for userspace tunnel or ENABLE_GO_IOS_AGENT=kernel for kernel tunnel for the experimental daemon mode."
time="2026-09-04T21:02:44+07:00" level=warning msg="failed to get tunnel info" udid=00008101-000E10A41E78001E
time="2026-09-04T21:02:44+07:00" level=info msg="device is activated:true"
time="2026-09-04T21:02:44+07:00" level=info msg="send flush request"
time="2026-09-04T21:02:57+07:00" level=info msg="get cloud config"
"ok"
[21:03:03] 000081...: RUN: C:\TIKTOOL PRO V4\ios.exe lang --setlocale=ja_JP --setlang=ja --udid=00008101-000E10A41E78001E --nojson
[21:03:04] 000081...: time="2026-09-04T21:02:44+07:00" level=warning msg="go-ios agent is not running. You might need to start it with 'ios tunnel start' for ios17+. Use ENABLE_GO_IOS_AGENT=user for userspace tunnel or ENABLE_GO_IOS_AGENT=kernel for kernel tunnel for the experimental daemon mode."
time="2026-09-04T21:02:44+07:00" level=warning msg="failed to get tunnel info" udid=00008101-000B05581468001E
time="2026-09-04T21:02:44+07:00" level=info msg="device is activated:true"
time="2026-09-04T21:02:44+07:00" level=info msg="send flush request"
time="2026-09-04T21:02:53+07:00" level=info msg="get cloud config"
"ok"
[21:03:04] 000081...: RUN: C:\TIKTOOL PRO V4\ios.exe lang --setlocale=ja_JP --setlang=ja --udid=00008101-000B05581468001E --nojson
[21:03:06] 000081...: time="2026-09-04T21:02:44+07:00" level=warning msg="go-ios agent is not running. You might need to start it with 'ios tunnel start' for ios17+. Use ENABLE_GO_IOS_AGENT=user for userspace tunnel or ENABLE_GO_IOS_AGENT=kernel for kernel tunnel for the experimental daemon mode."
time="2026-09-04T21:02:44+07:00" level=warning msg="failed to get tunnel info" udid=00008101-00012CE20202001E
time="2026-09-04T21:02:44+07:00" level=info msg="device is activated:true"
time="2026-09-04T21:02:44+07:00" level=info msg="send flush request"
time="2026-09-04T21:02:58+07:00" level=info msg="get cloud config"
"ok"
[21:03:06] 000081...: RUN: C:\TIKTOOL PRO V4\ios.exe lang --setlocale=ja_JP --setlang=ja --udid=00008101-00012CE20202001E --nojson
[21:03:08] 000081...: time="2026-09-04T21:02:54+07:00" level=warning msg="go-ios agent is not running. You might need to start it with 'ios tunnel start' for ios17+. Use ENABLE_GO_IOS_AGENT=user for userspace tunnel or ENABLE_GO_IOS_AGENT=kernel for kernel tunnel for the experimental daemon mode."
time="2026-09-04T21:02:54+07:00" level=warning msg="failed to get tunnel info" udid=00008101-000508C23CE0001E
{"Language":"ja","Locale":"ja_JP","SupportedLocales":["sv_AX","en_CN","ro_RO","en_VG","es_VC","fr_MA","en_AL","es_TT","ar_SS","fr_VU","fr_CI","en_GS","en_BW","en_JM","es_BS","en_BD","en_MG","en_PT","ar_LB","fr_GN","ru_UA","en_HK","en_CO","en_KE","en_NR","fr_MU","en_FI","nl_BQ","en_WS","en_DG","ar_SA","en_RW","en_ZM","en_BE","en_ER","el_CY","bn_BD","nl_NL","pt_AO","en_MH","en_KY","es_CL","en_VI","en_FJ","es_VE","fr_MC","en_TZ","en_ID","es_TC","zh_TW","en_GU","es_GQ","ko_CN","mr_IN","en_GB","es_MX","en_ES","es_BB","es_PR","fr_GP","pt_GW","fi_FI","en_FK","en_NA","zh_CN","en_IE","en_LR","en_TH","ca_IT","ar_KM","en_BZ","de_CH","da_GL","te_IN","en_JP","en_BG","ar_QA","ar_TN","en_US","en_PW","fr_GQ","de_LI","cs_CZ","hu_HU","en_NU","zh_HK","es_VG","ta_IN","ar_EG","ro_MD","en_LS","fr_CM","ar_SD","en_GD","ar_IL","ar_LY","en_UA","fr_TD","pt_LU","es_PA","ta_SG","en_KI","es_CO","en_FM","fr_MF","ar_EH","tr_CY","en_LT","es_IC","en_DK","pt_ST","es_GT","fr_YT","en_GE","ms_BN","en_BI","he_IL","pt_TL","en_SS","es_KY","kk_KZ","en_CA","es_VI","zh-Hant_JP","ar_MR","fr_MG","hr_HR","en_AR","en_TK","fr_SN","ar_SY","en_GY","pt_CV","fr_DZ","es_ES","ar_AE","en_MM","en_001","zh-Hant_MY","ca_ES","fr_RW","en_PG","fr_GA","en_SA","fr_BE","hi_IN","en_AS","pt_MO","en_LV","ta_LK","en_DM","en_LC","en_GG","es_BZ","tr_TR","it_CH","zh-Hans_MO","en_150","it_VA","fr_TG","en_EE","es_US","en_PH","es_HN","sv_FI","ms_SG","en_CV","es_CR","fr_RE","en_CC","en_SB","en_NF","es_EA","fr_BF","en_AT","ar_MA","nl_BE","en_GH","es_GD","en_ZA","pt_FR","th_TH","en_MO","es_003","de_IT","es_PE","de_DE","en_NZ","en_SC","en_NG","en_AU","el_GR","en_GI","ar_001","en_BM","ar_IQ","en_MP","es_PY","fr_DJ","es_EC","en_US_POSIX","vi_VN","en_CX","en_KN","en_SD","en_FR","es_CA","kn_IN","en_IL","es_AR","en_TO","zh-Hans_HK","bg_BG","es_GY","fr_NC","ta_MY","en_BN","en_UG","en_HU","en_PK","uk_UA","en_SX","en_CY","es_CU","sk_SK","en_SE","fr_BI","fr_ML","en_IM","de_BE","fr_PF","es_DM","es_LC","en_ZW","fr_CA","pl_PL","pt_CH","zh-Hans_JP","en_JE","nl_SR","fr_LU","ja_JP","en_PL","zh_MO","en_CZ","fr_GF","es_PH","fr_BJ","en_IN","zh-Hans_MY","en_AE","fr_NE","en_RO","en_MS","es_419","it_IT","ar_TD","en_SZ","fr_WF","es_SV","ml_IN","en_SG","es_CW","ru_MD","en_CH","pt_BR","en_IO","bn_IN","en_TR","ar_PS","ar_KW","es_DO","en_GM","it_SM","ms_MY","sl_SI","en_MT","es_BM","es_UY","en_PN","es_HT","en_KR","en_SH","en_VU","es_KN","fr_BL","en_NL","ca_FR","en_AG","fr_KM","fr_SC","fr_CD","ko_KP","or_IN","zh-Hant_CN","nb_SJ","en_MU","ru_RU","fr_TN","ar_DZ","en_BR","en_SI","hr_BA","es_NI","ar_ER","en_VC","fr_HT","en_TT","ar_SO","ca_AD","fr_FR","da_DK","en_BS","nl_CW","es_BO","nb_NO","en_MV","de_LU","en_CK","ar_JO","pt_GQ","fr_MQ","zh_SG","ms_ID","en_AI","fr_CF","ko_KR","en_MW","en_UM","en_SK","en_CL","en_NO","fr_MR","en_TV","fr_SY","en_TC","fr_CG","nl_SX","es_BQ","ar_YE","ru_BY","sv_SE","de_AT","en_PR","en_MX","ar_DJ","lt_LT","nl_AW","ar_OM","en_SL","en_CM","ru_KZ","en_BB","ar_BH","ru_KG","en_IT","pt_MZ","en_TW","id_ID","fr_PM","es_AG","pt_PT","en_DE","fr_CH","en_GR","en_RU","gu_IN","en_MY","es_BR"],"SupportedLanguages":["ur","lt","ja","id","mr","ms","hi","es-419","es","pl","ca","ta","fr","en-IN","or","fr-CA","da","bg","te","kk-Cyrl","pt-BR","zh-Hant-HK","hr","gu","de","th","sk","ro","sl","nb","kk","en-GB","hu","zh-HK","bn","ar","it","kn","ko","uk","pa","ru","vi","zh-Hans","zh-Hant","en-AU","ml","pt-PT","tr","fi","en-US","el","cs","sv","nl","he","en","es-US"]}
[21:03:08] 000081...: Batch Activate hoàn tất thành công.
[21:03:10] 000081...: time="2026-09-04T21:02:44+07:00" level=warning msg="go-ios agent is not running. You might need to start it with 'ios tunnel start' for ios17+. Use ENABLE_GO_IOS_AGENT=user for userspace tunnel or ENABLE_GO_IOS_AGENT=kernel for kernel tunnel for the experimental daemon mode."
time="2026-09-04T21:02:44+07:00" level=warning msg="failed to get tunnel info" udid=00008101-000124C011A3001E
time="2026-09-04T21:02:44+07:00" level=info msg="device is activated:true"
time="2026-09-04T21:02:44+07:00" level=info msg="send flush request"
time="2026-09-04T21:02:56+07:00" level=info msg="get cloud config"
"ok"
[21:03:10] 000081...: RUN: C:\TIKTOOL PRO V4\ios.exe lang --setlocale=ja_JP --setlang=ja --udid=00008101-000124C011A3001E --nojson
[21:03:11] 000081...: time="2026-09-04T21:02:44+07:00" level=warning msg="go-ios agent is not running. You might need to start it with 'ios tunnel start' for ios17+. Use ENABLE_GO_IOS_AGENT=user for userspace tunnel or ENABLE_GO_IOS_AGENT=kernel for kernel tunnel for the experimental daemon mode."
time="2026-09-04T21:02:44+07:00" level=warning msg="failed to get tunnel info" udid=00008101-000D08DA1180001E
time="2026-09-04T21:02:44+07:00" level=info msg="device is activated:true"
time="2026-09-04T21:02:44+07:00" level=info msg="send flush request"
time="2026-09-04T21:02:58+07:00" level=info msg="get cloud config"
"ok"
[21:03:11] 000081...: RUN: C:\TIKTOOL PRO V4\ios.exe lang --setlocale=ja_JP --setlang=ja --udid=00008101-000D08DA1180001E --nojson
[21:03:12] 000081...: time="2026-09-04T21:02:59+07:00" level=warning msg="go-ios agent is not running. You might need to start it with 'ios tunnel start' for ios17+. Use ENABLE_GO_IOS_AGENT=user for userspace tunnel or ENABLE_GO_IOS_AGENT=kernel for kernel tunnel for the experimental daemon mode."
time="2026-09-04T21:02:59+07:00" level=warning msg="failed to get tunnel info" udid=00008101-000101C61E44001E
{"Language":"ja","Locale":"ja_JP","SupportedLocales":["sv_AX","en_CN","ro_RO","en_VG","es_VC","fr_MA","en_AL","es_TT","ar_SS","fr_VU","en_GS","fr_CI","en_BW","en_JM","es_BS","en_BD","en_MG","en_PT","ar_LB","fr_GN","ru_UA","en_HK","en_CO","en_KE","en_NR","fr_MU","en_FI","nl_BQ","en_WS","en_DG","ar_SA","en_RW","en_ZM","en_BE","en_ER","bn_BD","el_CY","nl_NL","en_MH","pt_AO","en_KY","es_CL","en_VI","en_FJ","es_VE","fr_MC","en_TZ","en_ID","es_TC","en_GU","zh_TW","es_GQ","ko_CN","mr_IN","en_GB","es_MX","en_ES","es_BB","es_PR","fr_GP","pt_GW","fi_FI","en_FK","en_NA","zh_CN","en_IE","en_LR","en_TH","ca_IT","ar_KM","en_BZ","de_CH","da_GL","te_IN","en_JP","en_BG","en_US","en_PW","ar_TN","ar_QA","fr_GQ","de_LI","cs_CZ","hu_HU","zh_HK","en_NU","es_VG","ta_IN","ar_EG","ro_MD","en_LS","fr_CM","ar_SD","en_GD","ar_IL","ar_LY","en_UA","fr_TD","pt_LU","es_PA","ta_SG","en_KI","es_CO","en_FM","fr_MF","tr_CY","ar_EH","en_LT","es_IC","en_DK","pt_ST","es_GT","fr_YT","en_GE","ms_BN","en_BI","he_IL","pt_TL","en_SS","es_KY","kk_KZ","en_CA","es_VI","zh-Hant_JP","ar_MR","fr_MG","hr_HR","en_AR","ar_SY","en_TK","fr_SN","en_GY","pt_CV","en_MM","es_ES","ar_AE","fr_DZ","ca_ES","en_PG","zh-Hant_MY","fr_RW","en_001","fr_GA","en_SA","fr_BE","hi_IN","en_AS","pt_MO","en_LV","ta_LK","en_DM","en_LC","en_GG","es_BZ","tr_TR","it_CH","zh-Hans_MO","es_US","it_VA","en_150","en_EE","fr_TG","es_EA","es_HN","sv_FI","en_CV","ms_SG","en_SB","es_CR","en_CC","fr_BF","en_NF","en_PH","fr_RE","en_AT","ar_MA","nl_BE","en_GH","es_GD","en_ZA","pt_FR","th_TH","en_MO","es_003","de_IT","es_PE","de_DE","en_SC","en_NZ","en_NG","en_AU","el_GR","en_GI","ar_001","en_BM","ar_IQ","en_MP","es_PY","fr_DJ","es_EC","vi_VN","en_US_POSIX","en_CX","en_KN","en_SD","en_FR","es_CA","kn_IN","en_IL","es_AR","en_TO","zh-Hans_HK","es_GY","bg_BG","fr_NC","ta_MY","en_BN","en_UG","en_HU","en_PK","uk_UA","en_SX","en_CY","en_SE","sk_SK","es_CU","fr_BI","fr_ML","de_BE","en_IM","fr_PF","es_DM","es_LC","en_ZW","fr_CA","pl_PL","zh-Hans_JP","nl_SR","en_JE","ja_JP","fr_LU","pt_CH","en_PL","es_PH","en_CZ","fr_GF","zh_MO","fr_BJ","en_IN","zh-Hans_MY","en_AE","en_RO","fr_NE","en_MS","es_419","it_IT","ar_TD","en_SZ","fr_WF","es_SV","ml_IN","en_SG","es_CW","en_CH","ru_MD","pt_BR","en_IO","ar_PS","en_TR","bn_IN","ar_KW","es_DO","en_GM","it_SM","ms_MY","sl_SI","es_BM","es_UY","en_MT","en_PN","es_HT","en_KR","en_SH","en_VU","es_KN","fr_BL","en_NL","ca_FR","en_AG","fr_KM","fr_SC","fr_CD","ko_KP","or_IN","nb_SJ","zh-Hant_CN","en_MU","ru_RU","fr_TN","ar_DZ","en_BR","en_SI","en_VC","es_NI","ar_ER","hr_BA","fr_HT","en_TT","ar_SO","ca_AD","fr_FR","da_DK","en_BS","nl_CW","en_MV","es_BO","nb_NO","de_LU","en_CK","ar_JO","pt_GQ","fr_MQ","zh_SG","ms_ID","en_AI","fr_CF","ko_KR","en_MW","en_UM","en_SK","en_CL","en_NO","fr_MR","en_TV","fr_SY","en_TC","fr_CG","nl_SX","es_BQ","en_MX","ru_BY","sv_SE","en_BB","de_AT","en_PR","ar_DJ","lt_LT","nl_AW","en_SL","ar_YE","en_CM","ru_KZ","ar_OM","ar_BH","ru_KG","en_IT","id_ID","pt_MZ","en_TW","fr_PM","es_AG","pt_PT","en_DE","en_GR","gu_IN","en_RU","fr_CH","es_BR","en_MY"],"SupportedLanguages":["ur","lt","ja","id","mr","ms","hi","es-419","es","pl","ca","ta","fr","en-IN","or","fr-CA","da","bg","te","kk-Cyrl","pt-BR","zh-Hant-HK","hr","gu","de","th","sk","ro","sl","nb","kk","en-GB","hu","zh-HK","bn","ar","it","kn","ko","uk","pa","ru","vi","zh-Hans","zh-Hant","en-AU","ml","pt-PT","tr","fi","en-US","el","cs","sv","nl","he","en","es-US"]}
[21:03:12] 000081...: Batch Activate hoàn tất thành công.
[21:03:13] 000081...: time="2026-09-04T21:03:00+07:00" level=warning msg="go-ios agent is not running. You might need to start it with 'ios tunnel start' for ios17+. Use ENABLE_GO_IOS_AGENT=user for userspace tunnel or ENABLE_GO_IOS_AGENT=kernel for kernel tunnel for the experimental daemon mode."
time="2026-09-04T21:03:00+07:00" level=warning msg="failed to get tunnel info" udid=00008101-000C0D0C3C86001E
{"Language":"ja","Locale":"ja_JP","SupportedLocales":["sv_AX","en_CN","ro_RO","en_VG","es_VC","fr_MA","en_AL","es_TT","ar_SS","fr_VU","fr_CI","en_GS","en_BW","en_JM","es_BS","en_BD","en_MG","en_PT","en_HK","ar_LB","fr_GN","ru_UA","en_CO","en_KE","en_NR","fr_MU","en_FI","nl_BQ","en_WS","en_DG","ar_SA","en_RW","en_ZM","en_BE","bn_BD","en_MH","el_CY","pt_AO","nl_NL","en_ER","en_KY","es_CL","en_VI","en_FJ","es_VE","fr_MC","en_TZ","en_ID","es_TC","zh_TW","en_GU","es_GQ","en_GB","ko_CN","mr_IN","es_MX","en_ES","es_BB","es_PR","fr_GP","pt_GW","fi_FI","en_FK","en_NA","zh_CN","en_IE","en_LR","en_TH","ca_IT","ar_KM","en_BZ","de_CH","da_GL","te_IN","en_JP","en_BG","ar_QA","en_PW","ar_TN","en_US","fr_GQ","de_LI","cs_CZ","en_NU","zh_HK","hu_HU","es_VG","ta_IN","ar_EG","ro_MD","en_LS","fr_CM","ar_SD","en_GD","ar_IL","ar_LY","en_UA","fr_TD","pt_LU","es_PA","ta_SG","en_KI","es_CO","en_FM","fr_MF","ar_EH","tr_CY","en_LT","es_IC","en_DK","pt_ST","es_GT","en_GE","fr_YT","ms_BN","en_BI","he_IL","pt_TL","en_SS","es_KY","kk_KZ","en_CA","es_VI","zh-Hant_JP","fr_MG","ar_MR","hr_HR","en_AR","ar_SY","en_TK","fr_SN","en_GY","pt_CV","en_MM","es_ES","ar_AE","fr_DZ","en_001","en_PG","ca_ES","fr_RW","zh-Hant_MY","fr_GA","en_SA","fr_BE","hi_IN","en_AS","pt_MO","en_LV","ta_LK","en_DM","en_LC","en_GG","es_BZ","tr_TR","it_CH","zh-Hans_MO","en_150","it_VA","fr_TG","en_EE","es_US","en_PH","sv_FI","es_HN","en_CV","ms_SG","es_CR","fr_RE","en_CC","en_SB","en_NF","es_EA","fr_BF","en_AT","ar_MA","nl_BE","en_GH","th_TH","en_ZA","pt_FR","es_GD","en_MO","es_003","de_IT","es_PE","de_DE","en_SC","en_NZ","en_NG","en_AU","el_GR","en_GI","ar_001","en_BM","ar_IQ","en_MP","es_PY","fr_DJ","es_EC","vi_VN","en_US_POSIX","en_CX","en_KN","en_SD","en_FR","es_CA","kn_IN","en_IL","es_AR","en_TO","zh-Hans_HK","bg_BG","es_GY","fr_NC","ta_MY","en_BN","en_UG","uk_UA","en_PK","en_SX","en_HU","en_CY","en_SE","es_CU","sk_SK","fr_BI","fr_ML","de_BE","en_IM","fr_PF","es_DM","es_LC","en_ZW","fr_CA","pl_PL","pt_CH","nl_SR","zh-Hans_JP","en_JE","fr_LU","ja_JP","en_PL","es_PH","en_CZ","fr_GF","zh_MO","fr_BJ","en_IN","zh-Hans_MY","en_AE","fr_NE","en_RO","en_MS","es_419","it_IT","ar_TD","en_SZ","fr_WF","es_SV","ml_IN","en_SG","es_CW","en_CH","ru_MD","pt_BR","en_IO","bn_IN","ar_PS","en_TR","ar_KW","es_DO","en_GM","it_SM","ms_MY","sl_SI","es_BM","en_MT","es_UY","en_PN","es_HT","en_KR","en_SH","en_VU","es_KN","fr_BL","en_NL","ca_FR","en_AG","fr_KM","fr_SC","fr_CD","ko_KP","or_IN","nb_SJ","zh-Hant_CN","en_MU","en_BR","fr_TN","ar_DZ","ru_RU","en_SI","hr_BA","es_NI","en_VC","ar_ER","fr_HT","en_TT","ar_SO","ca_AD","da_DK","fr_FR","en_BS","nl_CW","es_BO","en_MV","nb_NO","de_LU","en_CK","ar_JO","pt_GQ","fr_MQ","zh_SG","ms_ID","en_AI","fr_CF","ko_KR","en_MW","en_UM","en_SK","en_CL","en_NO","fr_MR","en_TV","fr_SY","en_TC","fr_CG","nl_SX","es_BQ","ar_YE","en_MX","sv_SE","de_AT","en_PR","ru_BY","ar_DJ","lt_LT","ar_OM","en_SL","en_BB","en_CM","ru_KZ","nl_AW","ar_BH","ru_KG","id_ID","en_IT","en_TW","fr_PM","pt_MZ","es_AG","pt_PT","en_DE","fr_CH","en_GR","en_RU","gu_IN","en_MY","es_BR"],"SupportedLanguages":["ur","lt","ja","id","mr","ms","hi","es-419","es","pl","ca","ta","fr","en-IN","or","fr-CA","da","bg","te","kk-Cyrl","pt-BR","zh-Hant-HK","hr","gu","de","th","sk","ro","sl","nb","kk","en-GB","hu","zh-HK","bn","ar","it","kn","ko","uk","pa","ru","vi","zh-Hans","zh-Hant","en-AU","ml","pt-PT","tr","fi","en-US","el","cs","sv","nl","he","en","es-US"]}
[21:03:13] 000081...: Batch Activate hoàn tất thành công.
[21:03:16] 000081...: time="2026-09-04T21:02:55+07:00" level=warning msg="go-ios agent is not running. You might need to start it with 'ios tunnel start' for ios17+. Use ENABLE_GO_IOS_AGENT=user for userspace tunnel or ENABLE_GO_IOS_AGENT=kernel for kernel tunnel for the experimental daemon mode."
time="2026-09-04T21:02:55+07:00" level=warning msg="failed to get tunnel info" udid=00008101-000E41E036E8001E
{"Language":"ja","Locale":"ja_JP","SupportedLocales":["sv_AX","en_CN","ro_RO","en_VG","es_VC","fr_MA","en_AL","es_TT","ar_SS","fr_VU","fr_CI","en_GS","en_BW","en_JM","es_BS","en_BD","en_MG","en_PT","en_HK","ar_LB","ru_UA","fr_GN","en_CO","en_KE","en_NR","fr_MU","en_FI","nl_BQ","en_WS","en_DG","ar_SA","en_RW","en_ZM","en_BE","bn_BD","el_CY","en_ER","nl_NL","pt_AO","en_MH","en_KY","es_CL","en_VI","es_VE","en_FJ","fr_MC","en_TZ","en_ID","es_TC","zh_TW","en_GU","es_GQ","en_GB","mr_IN","ko_CN","es_MX","en_ES","es_BB","es_PR","fr_GP","pt_GW","fi_FI","en_FK","en_NA","zh_CN","en_IE","en_LR","en_TH","ca_IT","ar_KM","en_BZ","en_JP","da_GL","en_US","te_IN","en_BG","ar_QA","en_PW","ar_TN","de_CH","fr_GQ","de_LI","cs_CZ","hu_HU","en_NU","zh_HK","es_VG","ta_IN","ar_EG","ro_MD","en_LS","fr_CM","ar_SD","en_GD","ar_IL","ar_LY","en_UA","fr_TD","pt_LU","es_PA","ta_SG","en_KI","es_CO","en_FM","fr_MF","tr_CY","ar_EH","en_LT","es_IC","en_DK","pt_ST","es_GT","fr_YT","en_GE","ms_BN","en_BI","he_IL","pt_TL","en_SS","es_KY","kk_KZ","en_CA","es_VI","zh-Hant_JP","fr_MG","ar_MR","hr_HR","en_AR","ar_SY","fr_SN","en_TK","en_GY","pt_CV","en_MM","es_ES","fr_DZ","ar_AE","en_001","zh-Hant_MY","ca_ES","en_PG","fr_RW","fr_GA","en_SA","fr_BE","hi_IN","en_AS","pt_MO","en_LV","ta_LK","en_DM","en_LC","en_GG","es_BZ","tr_TR","zh-Hans_MO","es_US","en_150","it_VA","it_CH","en_EE","fr_TG","en_PH","es_EA","es_HN","en_CV","sv_FI","es_CR","ms_SG","en_CC","en_SB","en_NF","fr_BF","fr_RE","en_AT","ar_MA","nl_BE","en_GH","es_GD","th_TH","pt_FR","en_ZA","en_MO","es_003","de_IT","es_PE","de_DE","en_SC","en_NZ","en_NG","en_AU","el_GR","en_GI","ar_001","en_BM","ar_IQ","en_MP","es_PY","fr_DJ","es_EC","vi_VN","en_US_POSIX","en_CX","en_KN","en_SD","en_FR","es_CA","kn_IN","en_IL","es_AR","en_TO","zh-Hans_HK","es_GY","bg_BG","fr_NC","en_BN","ta_MY","en_UG","en_HU","en_PK","uk_UA","en_SX","en_CY","en_SE","es_CU","sk_SK","fr_BI","fr_ML","de_BE","en_IM","fr_PF","es_DM","es_LC","en_ZW","fr_CA","pl_PL","zh-Hans_JP","nl_SR","ja_JP","en_JE","fr_LU","pt_CH","en_PL","es_PH","en_CZ","fr_GF","zh_MO","fr_BJ","en_IN","zh-Hans_MY","en_AE","fr_NE","en_RO","en_MS","es_419","it_IT","ar_TD","en_SZ","fr_WF","ru_MD","es_SV","en_SG","es_CW","en_CH","ml_IN","pt_BR","en_IO","bn_IN","ar_PS","en_TR","ar_KW","es_DO","en_GM","it_SM","ms_MY","sl_SI","es_UY","en_MT","es_BM","en_PN","es_HT","en_KR","en_SH","es_KN","en_VU","fr_BL","en_NL","ca_FR","en_AG","fr_KM","fr_SC","fr_CD","ko_KP","or_IN","nb_SJ","en_BR","en_MU","ru_RU","fr_TN","zh-Hant_CN","ar_DZ","en_SI","hr_BA","es_NI","ar_ER","en_VC","fr_HT","en_TT","ar_SO","ca_AD","fr_FR","da_DK","en_BS","en_MV","es_BO","nl_CW","nb_NO","de_LU","en_CK","pt_GQ","ar_JO","fr_MQ","zh_SG","ms_ID","en_AI","fr_CF","ko_KR","en_MW","en_UM","en_SK","en_CL","en_NO","fr_MR","en_TV","fr_SY","en_TC","fr_CG","nl_SX","en_MX","ar_YE","ru_BY","en_BB","de_AT","en_PR","sv_SE","ar_DJ","lt_LT","ar_OM","en_SL","nl_AW","en_CM","ru_KZ","es_BQ","ar_BH","ru_KG","en_IT","pt_MZ","fr_PM","id_ID","en_TW","es_AG","pt_PT","en_DE","en_GR","fr_CH","en_RU","gu_IN","en_MY","es_BR"],"SupportedLanguages":["ur","lt","ja","id","mr","ms","hi","es-419","es","pl","ca","ta","fr","en-IN","or","fr-CA","da","bg","te","kk-Cyrl","pt-BR","zh-Hant-HK","hr","gu","de","th","sk","ro","sl","nb","kk","en-GB","hu","zh-HK","bn","ar","it","kn","ko","uk","pa","ru","vi","zh-Hans","zh-Hant","en-AU","ml","pt-PT","tr","fi","en-US","el","cs","sv","nl","he","en","es-US"]}
[21:03:16] 000081...: Batch Activate hoàn tất thành công.
[21:03:17] 000081...: time="2026-09-04T21:03:03+07:00" level=warning msg="go-ios agent is not running. You might need to start it with 'ios tunnel start' for ios17+. Use ENABLE_GO_IOS_AGENT=user for userspace tunnel or ENABLE_GO_IOS_AGENT=kernel for kernel tunnel for the experimental daemon mode."
time="2026-09-04T21:03:03+07:00" level=warning msg="failed to get tunnel info" udid=00008101-000E10A41E78001E
{"Language":"ja","Locale":"ja_JP","SupportedLocales":["sv_AX","en_CN","ro_RO","en_VG","es_VC","fr_MA","en_AL","es_TT","ar_SS","fr_VU","fr_CI","en_GS","en_BW","en_JM","es_BS","en_BD","en_MG","en_PT","en_HK","ar_LB","ru_UA","fr_GN","en_CO","en_KE","en_NR","fr_MU","en_FI","nl_BQ","en_WS","en_DG","ar_SA","en_RW","en_ZM","en_BE","en_ER","bn_BD","en_MH","nl_NL","pt_AO","el_CY","en_KY","es_CL","en_VI","es_VE","en_FJ","fr_MC","en_TZ","en_ID","es_TC","zh_TW","en_GU","es_GQ","en_GB","mr_IN","ko_CN","es_MX","en_ES","es_BB","es_PR","fr_GP","pt_GW","fi_FI","en_FK","en_NA","zh_CN","en_IE","en_LR","ca_IT","en_TH","ar_KM","en_BZ","de_CH","da_GL","te_IN","en_US","en_JP","ar_QA","en_PW","ar_TN","en_BG","fr_GQ","de_LI","cs_CZ","hu_HU","en_NU","zh_HK","es_VG","ta_IN","ar_EG","ro_MD","en_LS","fr_CM","ar_SD","en_GD","ar_IL","ar_LY","en_UA","fr_TD","pt_LU","es_PA","ta_SG","en_KI","es_CO","en_FM","fr_MF","ar_EH","tr_CY","en_LT","es_IC","en_DK","pt_ST","es_GT","en_GE","fr_YT","ms_BN","en_BI","he_IL","pt_TL","en_SS","es_KY","kk_KZ","en_CA","es_VI","zh-Hant_JP","ar_MR","fr_MG","hr_HR","en_AR","ar_SY","fr_SN","en_TK","en_GY","pt_CV","en_MM","fr_DZ","ar_AE","es_ES","en_001","zh-Hant_MY","ca_ES","fr_RW","en_PG","fr_GA","en_SA","fr_BE","hi_IN","en_AS","pt_MO","en_LV","ta_LK","en_DM","en_LC","en_GG","es_BZ","tr_TR","it_CH","zh-Hans_MO","es_US","it_VA","fr_TG","en_EE","en_150","en_PH","sv_FI","es_EA","en_CV","ms_SG","es_CR","fr_RE","en_CC","en_SB","en_NF","fr_BF","es_HN","en_AT","ar_MA","nl_BE","en_GH","es_GD","en_ZA","pt_FR","th_TH","en_MO","de_IT","es_003","es_PE","de_DE","en_SC","en_NZ","en_NG","en_AU","el_GR","en_GI","ar_001","en_BM","ar_IQ","en_MP","es_PY","fr_DJ","es_EC","vi_VN","en_US_POSIX","en_CX","en_KN","en_SD","en_FR","es_CA","kn_IN","en_IL","es_AR","en_TO","zh-Hans_HK","es_GY","bg_BG","fr_NC","ta_MY","en_BN","en_UG","en_HU","uk_UA","en_SX","en_PK","en_CY","en_SE","es_CU","sk_SK","fr_BI","fr_ML","de_BE","en_IM","fr_PF","es_DM","es_LC","en_ZW","fr_CA","pl_PL","pt_CH","nl_SR","en_JE","zh-Hans_JP","fr_LU","ja_JP","en_PL","es_PH","zh_MO","fr_GF","en_CZ","fr_BJ","en_IN","zh-Hans_MY","en_AE","fr_NE","en_RO","en_MS","es_419","it_IT","ar_TD","en_SZ","fr_WF","es_SV","ml_IN","en_SG","ru_MD","en_CH","es_CW","pt_BR","en_IO","bn_IN","ar_PS","en_TR","ar_KW","es_DO","en_GM","it_SM","ms_MY","es_UY","es_BM","en_MT","sl_SI","en_PN","es_HT","en_KR","en_SH","en_VU","es_KN","fr_BL","en_NL","ca_FR","en_AG","fr_KM","fr_SC","fr_CD","ko_KP","or_IN","en_BR","nb_SJ","en_MU","zh-Hant_CN","fr_TN","ar_DZ","ru_RU","en_SI","hr_BA","es_NI","en_VC","ar_ER","fr_HT","en_TT","ar_SO","ca_AD","fr_FR","da_DK","en_BS","nl_CW","en_MV","es_BO","nb_NO","de_LU","en_CK","ar_JO","pt_GQ","fr_MQ","zh_SG","ms_ID","en_AI","fr_CF","ko_KR","en_MW","en_UM","en_SK","en_CL","en_NO","fr_MR","en_TV","fr_SY","en_TC","fr_CG","nl_SX","es_BQ","en_MX","ru_BY","sv_SE","de_AT","en_PR","en_BB","ar_YE","lt_LT","nl_AW","ar_OM","en_SL","en_CM","ar_DJ","ru_KZ","ar_BH","ru_KG","en_IT","pt_MZ","en_TW","fr_PM","id_ID","pt_PT","es_AG","en_DE","fr_CH","en_GR","en_RU","gu_IN","en_MY","es_BR"],"SupportedLanguages":["ur","lt","ja","id","mr","ms","hi","es-419","es","pl","ca","ta","fr","en-IN","or","fr-CA","da","bg","te","kk-Cyrl","pt-BR","zh-Hant-HK","hr","gu","de","th","sk","ro","sl","nb","kk","en-GB","hu","zh-HK","bn","ar","it","kn","ko","uk","pa","ru","vi","zh-Hans","zh-Hant","en-AU","ml","pt-PT","tr","fi","en-US","el","cs","sv","nl","he","en","es-US"]}
[21:03:17] 000081...: Batch Activate hoàn tất thành công.
[21:03:19] 000081...: time="2026-09-04T21:02:58+07:00" level=warning msg="go-ios agent is not running. You might need to start it with 'ios tunnel start' for ios17+. Use ENABLE_GO_IOS_AGENT=user for userspace tunnel or ENABLE_GO_IOS_AGENT=kernel for kernel tunnel for the experimental daemon mode."
time="2026-09-04T21:02:58+07:00" level=warning msg="failed to get tunnel info" udid=00008101-0011548002C1001E
{"Language":"ja","Locale":"ja_JP","SupportedLocales":["sv_AX","en_CN","ro_RO","en_VG","es_VC","fr_MA","en_AL","es_TT","ar_SS","fr_VU","fr_CI","en_GS","en_BW","en_JM","es_BS","en_BD","en_MG","en_PT","en_HK","ar_LB","fr_GN","ru_UA","en_CO","en_KE","en_NR","fr_MU","en_FI","nl_BQ","en_WS","en_DG","ar_SA","en_RW","en_ZM","en_BE","bn_BD","en_MH","en_ER","nl_NL","pt_AO","el_CY","en_KY","es_CL","en_VI","en_FJ","es_VE","fr_MC","en_TZ","en_ID","es_TC","zh_TW","en_GU","es_GQ","ko_CN","mr_IN","en_GB","es_MX","en_ES","es_BB","es_PR","fr_GP","pt_GW","fi_FI","en_FK","en_NA","zh_CN","en_IE","en_LR","en_TH","ca_IT","ar_KM","en_BZ","de_CH","en_JP","te_IN","en_US","en_BG","ar_QA","en_PW","da_GL","ar_TN","fr_GQ","de_LI","cs_CZ","hu_HU","zh_HK","en_NU","es_VG","ta_IN","ar_EG","ro_MD","en_LS","fr_CM","ar_SD","en_GD","ar_IL","ar_LY","en_UA","fr_TD","pt_LU","es_PA","ta_SG","en_KI","es_CO","en_FM","fr_MF","tr_CY","ar_EH","en_LT","es_IC","en_DK","pt_ST","es_GT","fr_YT","en_GE","ms_BN","en_BI","he_IL","pt_TL","en_SS","es_KY","kk_KZ","en_CA","es_VI","zh-Hant_JP","fr_MG","ar_MR","hr_HR","en_AR","ar_SY","fr_SN","en_TK","en_GY","pt_CV","en_MM","es_ES","ar_AE","fr_DZ","en_001","zh-Hant_MY","en_PG","fr_RW","ca_ES","fr_GA","en_SA","fr_BE","hi_IN","en_AS","pt_MO","en_LV","ta_LK","en_DM","en_LC","en_GG","es_BZ","tr_TR","it_CH","zh-Hans_MO","en_150","it_VA","es_US","en_EE","fr_TG","es_EA","es_HN","en_PH","en_CV","ms_SG","en_SB","es_CR","en_CC","fr_RE","en_NF","fr_BF","sv_FI","en_AT","ar_MA","nl_BE","en_GH","th_TH","en_ZA","pt_FR","es_GD","en_MO","es_003","de_IT","es_PE","de_DE","en_SC","en_NZ","en_NG","en_AU","el_GR","en_GI","ar_001","en_BM","ar_IQ","en_MP","es_PY","fr_DJ","es_EC","vi_VN","en_US_POSIX","en_CX","en_KN","en_SD","en_FR","es_CA","kn_IN","en_IL","es_AR","en_TO","zh-Hans_HK","es_GY","bg_BG","fr_NC","ta_MY","en_BN","en_UG","en_HU","uk_UA","en_SX","en_PK","en_CY","en_SE","es_CU","sk_SK","fr_BI","fr_ML","de_BE","en_IM","fr_PF","es_DM","es_LC","en_ZW","fr_CA","pl_PL","pt_CH","nl_SR","en_JE","zh-Hans_JP","ja_JP","fr_LU","en_PL","es_PH","zh_MO","fr_GF","en_CZ","fr_BJ","en_IN","zh-Hans_MY","en_AE","fr_NE","en_RO","en_MS","es_419","it_IT","ar_TD","en_SZ","fr_WF","ru_MD","es_SV","en_SG","es_CW","en_CH","ml_IN","pt_BR","en_IO","bn_IN","ar_PS","en_TR","ar_KW","es_DO","en_GM","it_SM","ms_MY","sl_SI","es_UY","en_MT","es_BM","en_PN","es_HT","en_KR","en_SH","es_KN","en_VU","fr_BL","en_NL","ca_FR","en_AG","fr_KM","fr_SC","fr_CD","ko_KP","or_IN","nb_SJ","zh-Hant_CN","en_MU","ru_RU","fr_TN","ar_DZ","en_BR","en_SI","hr_BA","es_NI","en_VC","ar_ER","fr_HT","en_TT","ar_SO","ca_AD","fr_FR","da_DK","en_BS","nl_CW","en_MV","es_BO","nb_NO","de_LU","en_CK","pt_GQ","ar_JO","fr_MQ","zh_SG","ms_ID","en_AI","fr_CF","ko_KR","en_MW","en_UM","en_SK","en_CL","en_NO","fr_MR","en_TV","fr_SY","en_TC","fr_CG","nl_SX","es_BQ","ar_YE","ru_BY","sv_SE","de_AT","en_PR","en_BB","ar_DJ","lt_LT","ar_OM","en_SL","nl_AW","en_CM","ru_KZ","en_MX","ar_BH","ru_KG","en_IT","id_ID","fr_PM","en_TW","pt_MZ","es_AG","pt_PT","en_DE","fr_CH","en_GR","gu_IN","en_RU","en_MY","es_BR"],"SupportedLanguages":["ur","lt","ja","id","mr","ms","hi","es-419","es","pl","ca","ta","fr","en-IN","or","fr-CA","da","bg","te","kk-Cyrl","pt-BR","zh-Hant-HK","hr","gu","de","th","sk","ro","sl","nb","kk","en-GB","hu","zh-HK","bn","ar","it","kn","ko","uk","pa","ru","vi","zh-Hans","zh-Hant","en-AU","ml","pt-PT","tr","fi","en-US","el","cs","sv","nl","he","en","es-US"]}
[21:03:19] 000081...: Batch Activate hoàn tất thành công.
[21:03:22] 000081...: time="2026-09-04T21:03:04+07:00" level=warning msg="go-ios agent is not running. You might need to start it with 'ios tunnel start' for ios17+. Use ENABLE_GO_IOS_AGENT=user for userspace tunnel or ENABLE_GO_IOS_AGENT=kernel for kernel tunnel for the experimental daemon mode."
time="2026-09-04T21:03:04+07:00" level=warning msg="failed to get tunnel info" udid=00008101-000B05581468001E
{"Language":"ja","Locale":"ja_JP","SupportedLocales":["sv_AX","en_CN","ro_RO","en_VG","es_VC","fr_MA","en_AL","es_TT","ar_SS","fr_VU","fr_CI","en_GS","en_BW","en_JM","es_BS","en_BD","en_MG","en_PT","en_HK","ar_LB","fr_GN","ru_UA","en_CO","en_KE","en_NR","fr_MU","en_FI","nl_BQ","en_WS","en_DG","ar_SA","en_RW","en_ZM","en_BE","en_ER","bn_BD","en_MH","pt_AO","el_CY","nl_NL","en_KY","es_CL","en_VI","en_FJ","es_VE","fr_MC","en_TZ","en_ID","es_TC","zh_TW","en_GU","es_GQ","en_GB","mr_IN","ko_CN","es_MX","en_ES","es_BB","es_PR","fr_GP","pt_GW","fi_FI","en_FK","en_NA","zh_CN","en_IE","en_LR","en_TH","ca_IT","ar_KM","en_BZ","de_CH","da_GL","te_IN","en_US","en_BG","ar_QA","en_PW","en_JP","ar_TN","fr_GQ","de_LI","cs_CZ","hu_HU","en_NU","zh_HK","es_VG","ta_IN","ar_EG","ro_MD","en_LS","fr_CM","ar_SD","en_GD","ar_IL","ar_LY","en_UA","fr_TD","pt_LU","es_PA","ta_SG","en_KI","es_CO","en_FM","fr_MF","tr_CY","ar_EH","en_LT","es_IC","en_DK","pt_ST","es_GT","en_GE","fr_YT","ms_BN","en_BI","he_IL","pt_TL","en_SS","es_KY","kk_KZ","en_CA","es_VI","ar_MR","fr_MG","zh-Hant_JP","en_AR","hr_HR","ar_SY","fr_SN","en_TK","en_GY","pt_CV","en_MM","es_ES","fr_DZ","ar_AE","ca_ES","zh-Hant_MY","en_001","fr_RW","en_PG","fr_GA","en_SA","fr_BE","hi_IN","en_AS","pt_MO","en_LV","ta_LK","en_DM","en_LC","en_GG","tr_TR","es_BZ","it_CH","es_US","en_150","it_VA","fr_TG","en_EE","zh-Hans_MO","en_PH","es_HN","sv_FI","ms_SG","es_EA","es_CR","en_CV","en_CC","fr_BF","en_NF","fr_RE","en_SB","en_AT","ar_MA","nl_BE","en_GH","es_GD","th_TH","pt_FR","en_ZA","en_MO","es_003","de_IT","es_PE","de_DE","en_SC","en_NZ","en_NG","en_AU","el_GR","en_GI","ar_001","en_BM","ar_IQ","en_MP","es_PY","fr_DJ","es_EC","en_US_POSIX","vi_VN","en_CX","en_KN","en_SD","en_FR","es_CA","kn_IN","en_IL","es_AR","en_TO","zh-Hans_HK","bg_BG","es_GY","fr_NC","ta_MY","en_BN","en_UG","en_HU","en_PK","uk_UA","en_SX","en_CY","en_SE","sk_SK","es_CU","fr_BI","fr_ML","de_BE","en_IM","fr_PF","es_DM","es_LC","en_ZW","fr_CA","pl_PL","pt_CH","nl_SR","ja_JP","zh-Hans_JP","fr_LU","en_JE","en_PL","es_PH","zh_MO","fr_GF","en_CZ","fr_BJ","en_IN","zh-Hans_MY","en_AE","fr_NE","en_RO","en_MS","es_419","it_IT","ar_TD","en_SZ","fr_WF","es_SV","ml_IN","en_SG","ru_MD","en_CH","es_CW","pt_BR","en_IO","bn_IN","en_TR","ar_PS","ar_KW","es_DO","en_GM","it_SM","ms_MY","es_UY","es_BM","en_MT","sl_SI","en_PN","es_HT","en_KR","en_SH","en_VU","es_KN","fr_BL","en_NL","ca_FR","en_AG","fr_KM","fr_SC","fr_CD","ko_KP","or_IN","zh-Hant_CN","nb_SJ","en_MU","ru_RU","fr_TN","ar_DZ","en_BR","en_SI","en_VC","hr_BA","ar_ER","es_NI","fr_HT","en_TT","ar_SO","ca_AD","fr_FR","da_DK","en_BS","nl_CW","en_MV","es_BO","nb_NO","de_LU","en_CK","pt_GQ","ar_JO","fr_MQ","zh_SG","ms_ID","en_AI","fr_CF","ko_KR","en_MW","en_UM","en_SK","en_CL","en_NO","fr_MR","en_TV","fr_SY","en_TC","fr_CG","nl_SX","es_BQ","ar_YE","en_BB","ru_BY","de_AT","en_PR","sv_SE","ar_DJ","lt_LT","nl_AW","ar_OM","en_SL","en_CM","ru_KZ","en_MX","ar_BH","ru_KG","id_ID","pt_MZ","fr_PM","en_TW","en_IT","es_AG","pt_PT","en_DE","en_GR","gu_IN","en_RU","fr_CH","en_MY","es_BR"],"SupportedLanguages":["ur","lt","ja","id","mr","ms","hi","es-419","es","pl","ca","ta","fr","en-IN","or","fr-CA","da","bg","te","kk-Cyrl","pt-BR","zh-Hant-HK","hr","gu","de","th","sk","ro","sl","nb","kk","en-GB","hu","zh-HK","bn","ar","it","kn","ko","uk","pa","ru","vi","zh-Hans","zh-Hant","en-AU","ml","pt-PT","tr","fi","en-US","el","cs","sv","nl","he","en","es-US"]}
[21:03:22] 000081...: Batch Activate hoàn tất thành công.
[21:03:26] 000081...: time="2026-09-04T21:02:59+07:00" level=warning msg="go-ios agent is not running. You might need to start it with 'ios tunnel start' for ios17+. Use ENABLE_GO_IOS_AGENT=user for userspace tunnel or ENABLE_GO_IOS_AGENT=kernel for kernel tunnel for the experimental daemon mode."
time="2026-09-04T21:02:59+07:00" level=warning msg="failed to get tunnel info" udid=00008101-000C55A12E91003A
{"Language":"ja","Locale":"ja_JP","SupportedLocales":["sv_AX","en_CN","ro_RO","en_VG","es_VC","fr_MA","en_AL","es_TT","ar_SS","fr_VU","en_GS","fr_CI","en_BW","en_JM","es_BS","en_BD","en_MG","en_PT","en_HK","ar_LB","fr_GN","ru_UA","en_CO","en_KE","en_NR","fr_MU","en_FI","nl_BQ","en_WS","en_DG","ar_SA","en_RW","en_ZM","en_BE","en_ER","bn_BD","en_MH","pt_AO","el_CY","nl_NL","en_KY","es_CL","en_VI","es_VE","en_FJ","fr_MC","en_TZ","en_ID","es_TC","zh_TW","en_GU","es_GQ","en_GB","mr_IN","ko_CN","es_MX","en_ES","es_BB","es_PR","fr_GP","pt_GW","fi_FI","en_FK","en_NA","zh_CN","en_IE","en_LR","en_TH","ca_IT","ar_KM","en_BZ","de_CH","da_GL","te_IN","en_US","en_BG","ar_QA","ar_TN","en_PW","en_JP","fr_GQ","de_LI","cs_CZ","hu_HU","en_NU","zh_HK","es_VG","ta_IN","ar_EG","ro_MD","en_LS","fr_CM","ar_SD","en_GD","ar_IL","ar_LY","en_UA","fr_TD","pt_LU","es_PA","ta_SG","en_KI","es_CO","en_FM","fr_MF","tr_CY","ar_EH","en_LT","es_IC","en_DK","pt_ST","es_GT","fr_YT","en_GE","ms_BN","en_BI","he_IL","pt_TL","en_SS","es_KY","kk_KZ","en_CA","es_VI","ar_MR","fr_MG","zh-Hant_JP","en_AR","hr_HR","ar_SY","fr_SN","en_TK","en_GY","pt_CV","fr_DZ","es_ES","ar_AE","en_MM","en_001","zh-Hant_MY","en_PG","fr_RW","ca_ES","fr_GA","en_SA","fr_BE","hi_IN","en_AS","pt_MO","en_LV","ta_LK","en_DM","en_LC","en_GG","es_BZ","tr_TR","zh-Hans_MO","es_US","en_150","it_VA","fr_TG","en_EE","it_CH","en_PH","sv_FI","es_EA","ms_SG","en_CV","es_CR","en_SB","fr_RE","fr_BF","en_NF","en_CC","es_HN","en_AT","ar_MA","nl_BE","en_GH","es_GD","th_TH","pt_FR","en_ZA","en_MO","es_003","de_IT","es_PE","de_DE","en_SC","en_NZ","en_NG","en_AU","el_GR","en_GI","ar_001","en_BM","ar_IQ","en_MP","es_PY","fr_DJ","es_EC","en_US_POSIX","vi_VN","en_CX","en_KN","en_SD","en_FR","es_CA","kn_IN","en_IL","es_AR","en_TO","zh-Hans_HK","es_GY","bg_BG","fr_NC","en_BN","ta_MY","en_UG","en_HU","uk_UA","en_SX","en_PK","en_CY","en_SE","es_CU","sk_SK","fr_BI","fr_ML","de_BE","en_IM","fr_PF","es_DM","es_LC","en_ZW","fr_CA","pl_PL","pt_CH","zh-Hans_JP","ja_JP","en_JE","fr_LU","nl_SR","en_PL","es_PH","zh_MO","en_CZ","fr_GF","fr_BJ","en_IN","zh-Hans_MY","en_AE","fr_NE","en_RO","en_MS","es_419","it_IT","ar_TD","en_SZ","fr_WF","ru_MD","es_SV","en_SG","ml_IN","en_CH","es_CW","pt_BR","en_IO","bn_IN","ar_PS","en_TR","ar_KW","es_DO","en_GM","it_SM","ms_MY","sl_SI","en_MT","es_BM","es_UY","en_PN","es_HT","en_KR","en_SH","es_KN","en_VU","fr_BL","en_NL","ca_FR","en_AG","fr_KM","fr_SC","fr_CD","ko_KP","or_IN","nb_SJ","zh-Hant_CN","en_MU","en_BR","ru_RU","ar_DZ","fr_TN","en_SI","en_VC","hr_BA","ar_ER","es_NI","fr_HT","en_TT","ar_SO","ca_AD","fr_FR","da_DK","en_BS","nl_CW","en_MV","es_BO","nb_NO","de_LU","pt_GQ","ar_JO","en_CK","fr_MQ","zh_SG","ms_ID","en_AI","fr_CF","ko_KR","en_MW","en_UM","en_SK","en_CL","en_NO","fr_MR","en_TV","fr_SY","en_TC","fr_CG","nl_SX","en_MX","ar_YE","ru_BY","en_BB","de_AT","en_PR","sv_SE","ar_DJ","lt_LT","ar_OM","en_SL","nl_AW","en_CM","es_BQ","ru_KZ","ar_BH","ru_KG","en_IT","pt_MZ","fr_PM","en_TW","id_ID","es_AG","pt_PT","en_DE","gu_IN","en_GR","en_RU","fr_CH","es_BR","en_MY"],"SupportedLanguages":["ur","lt","ja","id","mr","ms","hi","es-419","es","pl","ca","ta","fr","en-IN","or","fr-CA","da","bg","te","kk-Cyrl","pt-BR","zh-Hant-HK","hr","gu","de","th","sk","ro","sl","nb","kk","en-GB","hu","zh-HK","bn","ar","it","kn","ko","uk","pa","ru","vi","zh-Hans","zh-Hant","en-AU","ml","pt-PT","tr","fi","en-US","el","cs","sv","nl","he","en","es-US"]}
[21:03:26] 000081...: Batch Activate hoàn tất thành công.
[21:03:31] 000081...: time="2026-09-04T21:03:11+07:00" level=warning msg="go-ios agent is not running. You might need to start it with 'ios tunnel start' for ios17+. Use ENABLE_GO_IOS_AGENT=user for userspace tunnel or ENABLE_GO_IOS_AGENT=kernel for kernel tunnel for the experimental daemon mode."
time="2026-09-04T21:03:11+07:00" level=warning msg="failed to get tunnel info" udid=00008101-000D08DA1180001E
{"Language":"ja","Locale":"ja_JP","SupportedLocales":["sv_AX","en_CN","ro_RO","en_VG","es_VC","fr_MA","en_AL","es_TT","ar_SS","fr_VU","fr_CI","en_GS","en_BW","en_JM","es_BS","en_BD","en_MG","en_PT","en_HK","ru_UA","ar_LB","fr_GN","en_CO","en_KE","en_NR","fr_MU","en_FI","nl_BQ","en_WS","en_DG","ar_SA","en_RW","en_ZM","en_BE","en_ER","bn_BD","el_CY","nl_NL","pt_AO","en_MH","en_KY","es_CL","en_VI","es_VE","en_FJ","fr_MC","en_TZ","en_ID","es_TC","zh_TW","en_GU","es_GQ","en_GB","mr_IN","ko_CN","es_MX","en_ES","es_BB","es_PR","fr_GP","pt_GW","fi_FI","en_FK","en_NA","zh_CN","en_IE","en_LR","en_TH","ca_IT","ar_KM","en_BZ","de_CH","da_GL","te_IN","en_US","en_JP","en_BG","en_PW","ar_QA","ar_TN","fr_GQ","de_LI","cs_CZ","hu_HU","zh_HK","en_NU","es_VG","ta_IN","ar_EG","ro_MD","en_LS","fr_CM","ar_SD","en_GD","ar_IL","ar_LY","en_UA","fr_TD","pt_LU","es_PA","ta_SG","en_KI","es_CO","en_FM","fr_MF","tr_CY","ar_EH","en_LT","es_IC","en_DK","pt_ST","es_GT","fr_YT","en_GE","ms_BN","en_BI","he_IL","pt_TL","en_SS","es_KY","kk_KZ","en_CA","es_VI","zh-Hant_JP","fr_MG","ar_MR","en_AR","hr_HR","en_TK","fr_SN","ar_SY","en_GY","pt_CV","en_MM","es_ES","ar_AE","fr_DZ","zh-Hant_MY","en_PG","en_001","fr_RW","ca_ES","fr_GA","en_SA","fr_BE","hi_IN","en_AS","pt_MO","en_LV","ta_LK","en_DM","en_LC","en_GG","es_BZ","tr_TR","it_CH","zh-Hans_MO","es_US","it_VA","fr_TG","en_EE","en_150","es_EA","es_HN","sv_FI","en_CV","ms_SG","es_CR","fr_RE","en_CC","en_SB","en_NF","en_PH","fr_BF","en_AT","ar_MA","nl_BE","en_GH","es_GD","th_TH","pt_FR","en_ZA","en_MO","es_003","de_IT","es_PE","de_DE","en_SC","en_NZ","en_NG","en_AU","el_GR","en_GI","ar_001","en_BM","ar_IQ","en_MP","es_PY","fr_DJ","es_EC","vi_VN","en_US_POSIX","en_CX","en_KN","en_SD","en_FR","es_CA","kn_IN","en_IL","es_AR","en_TO","zh-Hans_HK","es_GY","bg_BG","fr_NC","ta_MY","en_BN","en_UG","en_HU","en_PK","uk_UA","en_SX","en_CY","es_CU","sk_SK","en_SE","fr_BI","fr_ML","de_BE","en_IM","fr_PF","es_DM","es_LC","en_ZW","fr_CA","pl_PL","zh-Hans_JP","pt_CH","ja_JP","en_JE","fr_LU","nl_SR","en_PL","zh_MO","en_CZ","es_PH","fr_GF","fr_BJ","en_IN","zh-Hans_MY","en_AE","fr_NE","en_RO","en_MS","es_419","it_IT","ar_TD","en_SZ","fr_WF","ru_MD","ml_IN","es_SV","es_CW","en_CH","en_SG","pt_BR","en_IO","ar_PS","bn_IN","en_TR","ar_KW","es_DO","en_GM","it_SM","ms_MY","sl_SI","en_MT","es_UY","es_BM","en_PN","es_HT","en_KR","en_SH","en_VU","es_KN","fr_BL","en_NL","ca_FR","en_AG","fr_KM","fr_SC","fr_CD","ko_KP","or_IN","nb_SJ","zh-Hant_CN","en_MU","ru_RU","fr_TN","ar_DZ","en_BR","en_SI","hr_BA","es_NI","en_VC","ar_ER","fr_HT","en_TT","ar_SO","ca_AD","fr_FR","da_DK","en_BS","en_MV","es_BO","nb_NO","nl_CW","de_LU","pt_GQ","ar_JO","en_CK","fr_MQ","zh_SG","ms_ID","en_AI","fr_CF","ko_KR","en_MW","en_UM","en_SK","en_CL","en_NO","fr_MR","en_TV","fr_SY","en_TC","fr_CG","nl_SX","es_BQ","ar_YE","en_BB","ru_BY","de_AT","en_PR","en_MX","ar_DJ","lt_LT","nl_AW","ar_OM","sv_SE","en_CM","ru_KZ","en_SL","ar_BH","ru_KG","en_IT","id_ID","en_TW","pt_MZ","fr_PM","pt_PT","es_AG","en_DE","en_GR","gu_IN","en_RU","fr_CH","en_MY","es_BR"],"SupportedLanguages":["ur","lt","ja","id","mr","ms","hi","es-419","es","pl","ca","ta","fr","en-IN","or","fr-CA","da","bg","te","kk-Cyrl","pt-BR","zh-Hant-HK","hr","gu","de","th","sk","ro","sl","nb","kk","en-GB","hu","zh-HK","bn","ar","it","kn","ko","uk","pa","ru","vi","zh-Hans","zh-Hant","en-AU","ml","pt-PT","tr","fi","en-US","el","cs","sv","nl","he","en","es-US"]}
[21:03:31] 000081...: Batch Activate hoàn tất thành công.
[21:03:44] 000081...: time="2026-09-04T21:03:10+07:00" level=warning msg="go-ios agent is not running. You might need to start it with 'ios tunnel start' for ios17+. Use ENABLE_GO_IOS_AGENT=user for userspace tunnel or ENABLE_GO_IOS_AGENT=kernel for kernel tunnel for the experimental daemon mode."
time="2026-09-04T21:03:10+07:00" level=warning msg="failed to get tunnel info" udid=00008101-000124C011A3001E
{"Language":"ja","Locale":"ja_JP","SupportedLocales":["sv_AX","en_CN","ro_RO","en_VG","es_VC","fr_MA","en_AL","es_TT","ar_SS","fr_VU","en_GS","fr_CI","en_BW","en_JM","es_BS","en_BD","en_MG","en_PT","en_HK","ar_LB","ru_UA","fr_GN","en_CO","en_KE","en_NR","fr_MU","en_FI","nl_BQ","en_WS","en_DG","ar_SA","en_RW","en_ZM","en_BE","en_ER","el_CY","en_MH","pt_AO","nl_NL","bn_BD","en_KY","es_CL","en_VI","en_FJ","es_VE","fr_MC","en_TZ","en_ID","es_TC","en_GU","zh_TW","es_GQ","ko_CN","mr_IN","en_GB","es_MX","en_ES","es_BB","es_PR","fr_GP","pt_GW","fi_FI","en_FK","en_NA","zh_CN","en_IE","ca_IT","en_TH","en_LR","ar_KM","en_BZ","en_JP","da_GL","en_US","en_BG","de_CH","ar_QA","en_PW","te_IN","ar_TN","fr_GQ","de_LI","cs_CZ","hu_HU","en_NU","zh_HK","es_VG","ta_IN","ar_EG","ro_MD","en_LS","fr_CM","ar_SD","en_GD","ar_IL","ar_LY","en_UA","fr_TD","pt_LU","es_PA","ta_SG","en_KI","es_CO","en_FM","fr_MF","ar_EH","tr_CY","en_LT","es_IC","en_DK","pt_ST","es_GT","en_GE","fr_YT","ms_BN","en_BI","he_IL","pt_TL","en_SS","es_KY","kk_KZ","en_CA","es_VI","zh-Hant_JP","fr_MG","ar_MR","en_AR","hr_HR","en_TK","fr_SN","ar_SY","en_GY","pt_CV","fr_DZ","es_ES","ar_AE","en_MM","en_001","zh-Hant_MY","en_PG","ca_ES","fr_RW","fr_GA","en_SA","fr_BE","hi_IN","en_AS","pt_MO","en_LV","ta_LK","en_DM","en_LC","en_GG","tr_TR","es_BZ","it_CH","zh-Hans_MO","en_150","it_VA","fr_TG","en_EE","es_US","en_PH","es_EA","es_HN","en_CV","sv_FI","es_CR","fr_RE","en_SB","en_CC","en_NF","fr_BF","ms_SG","en_AT","ar_MA","nl_BE","en_GH","es_GD","th_TH","pt_FR","en_ZA","en_MO","de_IT","es_003","es_PE","de_DE","en_SC","en_NZ","en_NG","en_AU","el_GR","en_GI","ar_001","en_BM","ar_IQ","en_MP","es_PY","fr_DJ","es_EC","vi_VN","en_US_POSIX","en_CX","en_KN","en_SD","en_FR","es_CA","kn_IN","en_IL","es_AR","en_TO","zh-Hans_HK","es_GY","bg_BG","fr_NC","en_BN","ta_MY","en_UG","en_HU","en_PK","en_SX","uk_UA","en_CY","en_SE","es_CU","sk_SK","fr_BI","fr_ML","de_BE","en_IM","fr_PF","es_DM","es_LC","en_ZW","fr_CA","pl_PL","pt_CH","nl_SR","en_JE","zh-Hans_JP","fr_LU","ja_JP","en_PL","es_PH","en_CZ","fr_GF","zh_MO","fr_BJ","en_IN","zh-Hans_MY","en_AE","fr_NE","en_RO","en_MS","es_419","it_IT","ar_TD","en_SZ","fr_WF","ru_MD","ml_IN","en_SG","es_CW","en_CH","es_SV","pt_BR","en_IO","bn_IN","en_TR","ar_PS","ar_KW","es_DO","en_GM","it_SM","ms_MY","sl_SI","es_UY","en_MT","es_BM","en_PN","es_HT","en_KR","en_SH","en_VU","es_KN","fr_BL","en_NL","ca_FR","en_AG","fr_KM","fr_SC","fr_CD","ko_KP","or_IN","nb_SJ","en_BR","en_MU","ru_RU","fr_TN","ar_DZ","zh-Hant_CN","en_SI","hr_BA","es_NI","en_VC","ar_ER","fr_HT","en_TT","ar_SO","ca_AD","da_DK","fr_FR","en_BS","en_MV","es_BO","nb_NO","nl_CW","de_LU","pt_GQ","en_CK","ar_JO","fr_MQ","zh_SG","ms_ID","en_AI","fr_CF","ko_KR","en_MW","en_UM","en_SK","en_CL","en_NO","fr_MR","en_TV","fr_SY","en_TC","fr_CG","nl_SX","en_MX","es_BQ","ru_BY","sv_SE","de_AT","en_PR","en_BB","ar_DJ","lt_LT","ar_OM","en_SL","ar_YE","en_CM","ru_KZ","nl_AW","ar_BH","ru_KG","en_IT","id_ID","fr_PM","en_TW","pt_MZ","es_AG","pt_PT","en_DE","fr_CH","en_GR","gu_IN","en_RU","en_MY","es_BR"],"SupportedLanguages":["ur","lt","ja","id","mr","ms","hi","es-419","es","pl","ca","ta","fr","en-IN","or","fr-CA","da","bg","te","kk-Cyrl","pt-BR","zh-Hant-HK","hr","gu","de","th","sk","ro","sl","nb","kk","en-GB","hu","zh-HK","bn","ar","it","kn","ko","uk","pa","ru","vi","zh-Hans","zh-Hant","en-AU","ml","pt-PT","tr","fi","en-US","el","cs","sv","nl","he","en","es-US"]}
[21:03:44] 000081...: Batch Activate hoàn tất thành công.
[21:03:46] 000081...: time="2026-09-04T21:03:06+07:00" level=warning msg="go-ios agent is not running. You might need to start it with 'ios tunnel start' for ios17+. Use ENABLE_GO_IOS_AGENT=user for userspace tunnel or ENABLE_GO_IOS_AGENT=kernel for kernel tunnel for the experimental daemon mode."
time="2026-09-04T21:03:06+07:00" level=warning msg="failed to get tunnel info" udid=00008101-00012CE20202001E
{"Language":"ja","Locale":"ja_JP","SupportedLocales":["sv_AX","en_CN","ro_RO","en_VG","es_VC","fr_MA","en_AL","es_TT","ar_SS","fr_VU","en_GS","fr_CI","en_BW","en_JM","es_BS","en_BD","en_MG","en_PT","en_HK","fr_GN","ru_UA","ar_LB","en_CO","en_KE","en_NR","fr_MU","en_FI","nl_BQ","en_WS","en_DG","ar_SA","en_RW","en_ZM","en_BE","en_ER","bn_BD","el_CY","pt_AO","en_MH","nl_NL","en_KY","es_CL","en_VI","en_FJ","es_VE","fr_MC","en_TZ","en_ID","es_TC","zh_TW","en_GU","es_GQ","en_GB","mr_IN","ko_CN","es_MX","en_ES","es_BB","es_PR","fr_GP","pt_GW","fi_FI","en_FK","en_NA","zh_CN","en_IE","en_LR","en_TH","ca_IT","ar_KM","en_BZ","de_CH","da_GL","te_IN","en_JP","en_BG","ar_QA","en_PW","ar_TN","en_US","fr_GQ","de_LI","cs_CZ","en_NU","zh_HK","hu_HU","es_VG","ta_IN","ar_EG","ro_MD","en_LS","fr_CM","ar_SD","en_GD","ar_IL","ar_LY","en_UA","fr_TD","pt_LU","es_PA","ta_SG","en_KI","es_CO","en_FM","fr_MF","tr_CY","ar_EH","en_LT","es_IC","en_DK","pt_ST","es_GT","fr_YT","en_GE","ms_BN","en_BI","he_IL","pt_TL","en_SS","es_KY","kk_KZ","en_CA","es_VI","ar_MR","fr_MG","zh-Hant_JP","en_AR","hr_HR","en_TK","ar_SY","fr_SN","en_GY","pt_CV","en_MM","es_ES","ar_AE","fr_DZ","en_001","zh-Hant_MY","ca_ES","fr_RW","en_PG","fr_GA","en_SA","fr_BE","hi_IN","en_AS","pt_MO","en_LV","ta_LK","en_DM","en_LC","en_GG","es_BZ","tr_TR","zh-Hans_MO","es_US","it_CH","it_VA","fr_TG","en_EE","en_150","en_PH","sv_FI","es_EA","en_CV","ms_SG","es_CR","en_SB","en_CC","fr_BF","en_NF","fr_RE","es_HN","en_AT","ar_MA","nl_BE","en_GH","es_GD","en_ZA","pt_FR","th_TH","en_MO","de_IT","es_003","es_PE","de_DE","en_SC","en_NZ","en_NG","en_AU","el_GR","en_GI","ar_001","en_BM","ar_IQ","en_MP","es_PY","fr_DJ","es_EC","vi_VN","en_US_POSIX","en_CX","en_KN","en_SD","en_FR","es_CA","kn_IN","en_IL","es_AR","en_TO","zh-Hans_HK","bg_BG","es_GY","fr_NC","ta_MY","en_BN","en_UG","en_HU","en_PK","uk_UA","en_SX","en_CY","en_SE","sk_SK","es_CU","fr_BI","fr_ML","de_BE","en_IM","fr_PF","es_DM","es_LC","en_ZW","fr_CA","pl_PL","zh-Hans_JP","pt_CH","en_JE","nl_SR","fr_LU","ja_JP","en_PL","zh_MO","en_CZ","fr_GF","es_PH","fr_BJ","en_IN","zh-Hans_MY","en_AE","en_RO","fr_NE","en_MS","es_419","it_IT","ar_TD","en_SZ","fr_WF","ru_MD","es_SV","es_CW","ml_IN","en_CH","en_SG","pt_BR","en_IO","bn_IN","ar_PS","en_TR","ar_KW","es_DO","en_GM","it_SM","ms_MY","sl_SI","es_UY","es_BM","en_MT","en_PN","es_HT","en_KR","en_SH","en_VU","es_KN","fr_BL","en_NL","ca_FR","en_AG","fr_KM","fr_SC","fr_CD","ko_KP","or_IN","zh-Hant_CN","en_BR","en_MU","nb_SJ","fr_TN","ru_RU","ar_DZ","en_SI","en_VC","hr_BA","es_NI","ar_ER","fr_HT","en_TT","ar_SO","ca_AD","da_DK","fr_FR","en_BS","en_MV","es_BO","nb_NO","nl_CW","de_LU","en_CK","ar_JO","pt_GQ","fr_MQ","zh_SG","ms_ID","en_AI","fr_CF","ko_KR","en_MW","en_UM","en_SK","en_CL","en_NO","fr_MR","en_TV","fr_SY","en_TC","fr_CG","nl_SX","es_BQ","ar_YE","ru_BY","en_BB","de_AT","sv_SE","en_PR","ar_DJ","lt_LT","nl_AW","en_SL","ar_OM","en_CM","ru_KZ","en_MX","ar_BH","ru_KG","en_IT","pt_MZ","fr_PM","en_TW","id_ID","pt_PT","es_AG","en_DE","fr_CH","gu_IN","en_RU","en_GR","en_MY","es_BR"],"SupportedLanguages":["ur","lt","ja","id","mr","ms","hi","es-419","es","pl","ca","ta","fr","en-IN","or","fr-CA","da","bg","te","kk-Cyrl","pt-BR","zh-Hant-HK","hr","gu","de","th","sk","ro","sl","nb","kk","en-GB","hu","zh-HK","bn","ar","it","kn","ko","uk","pa","ru","vi","zh-Hans","zh-Hant","en-AU","ml","pt-PT","tr","fi","en-US","el","cs","sv","nl","he","en","es-US"]}
[21:03:46] 000081...: Batch Activate hoàn tất thành công.
[21:04:25] SYSTEM...: Restore chuyển kho: A ➜ B | 11 bản backup | 11 máy ghép nối
[21:04:32] 000081...: SUCCESS: Validated pairing with device 00008101-000C0D0C3C86001E
[21:04:32] 000081...: Đang tạo bản staging riêng; backup gốc chỉ được đọc...
[21:04:33] 000081...: SUCCESS: Validated pairing with device 00008101-000B05581468001E
[21:04:33] 000081...: Đang tạo bản staging riêng; backup gốc chỉ được đọc...
[21:04:33] 000081...: SUCCESS: Validated pairing with device 00008101-000E10A41E78001E
[21:04:33] 000081...: Đang tạo bản staging riêng; backup gốc chỉ được đọc...
[21:04:33] 000081...: SUCCESS: Validated pairing with device 00008101-000D08DA1180001E
[21:04:33] 000081...: Đang tạo bản staging riêng; backup gốc chỉ được đọc...
[21:04:33] 000081...: SUCCESS: Validated pairing with device 00008101-00012CE20202001E
[21:04:33] 000081...: Đang tạo bản staging riêng; backup gốc chỉ được đọc...
[21:04:33] 000081...: SUCCESS: Validated pairing with device 00008101-000124C011A3001E
[21:04:33] 000081...: Đang tạo bản staging riêng; backup gốc chỉ được đọc...
[21:04:33] 000081...: SUCCESS: Validated pairing with device 00008101-000101C61E44001E
[21:04:33] 000081...: Đang tạo bản staging riêng; backup gốc chỉ được đọc...
[21:04:33] 000081...: SUCCESS: Validated pairing with device 00008101-000C55A12E91003A
[21:04:33] 000081...: Đang tạo bản staging riêng; backup gốc chỉ được đọc...
[21:04:33] 000081...: SUCCESS: Validated pairing with device 00008101-000508C23CE0001E
[21:04:33] 000081...: Đang tạo bản staging riêng; backup gốc chỉ được đọc...
[21:04:33] 000081...: SUCCESS: Validated pairing with device 00008101-0011548002C1001E
[21:04:33] 000081...: Đang tạo bản staging riêng; backup gốc chỉ được đọc...
[21:04:33] 000081...: SUCCESS: Validated pairing with device 00008101-000E41E036E8001E
[21:04:33] 000081...: Đang tạo bản staging riêng; backup gốc chỉ được đọc...
[21:04:50] 000081...: [=                                                 ]   1% Finished
[21:04:51] 000081...: [=                                                 ]   1% Finished
[21:04:51] 000081...: [=                                                 ]   1% Finished
[21:04:51] 000081...: [==                                                ]   3% Finished
[21:04:51] 000081...: [=                                                 ]   1% Finished
[21:04:52] 000081...: [=                                                 ]   1% Finished
[21:04:52] 000081...: [=====                                             ]   8% Finished
[21:04:52] 000081...: [=                                                 ]   1% Finished
[21:04:52] 000081...: [=                                                 ]   1% Finished
[21:04:52] 000081...: [==                                                ]   3% Finished
[21:04:52] 000081...: [==                                                ]   3% Finished
[21:04:52] 000081...: [=====                                             ]   8% Finished
[21:04:53] 000081...: [=                                                 ]   1% Finished
[21:04:53] 000081...: [====                                              ]   8% Finished
[21:04:53] 000081...: [========                                          ]  15% Finished
[21:04:53] 000081...: [===========                                       ]  21% Finished
[21:04:53] 000081...: [===                                               ]   6% Finished
[21:04:53] 000081...: [===                                               ]   6% Finished
[21:04:53] 000081...: [==                                                ]   3% Finished
[21:04:54] 000081...: [=                                                 ]   1% Finished
[21:04:54] 000081...: [==                                                ]   3% Finished
[21:04:54] 000081...: [=====                                             ]   8% Finished
[21:04:54] 000081...: [=====                                             ]   8% Finished
[21:04:54] 000081...: [=======                                           ]  14% Finished
[21:04:54] 000081...: [========                                          ]  14% Finished
[21:04:54] 000081...: [==========                                        ]  19% Finished
[21:04:55] 000081...: [==                                                ]   3% Finished
[21:04:55] 000081...: [=                                                 ]   1% Finished
[21:04:55] 000081...: [=======                                           ]  13% Finished
[21:04:56] 000081...: [=====                                             ]   8% Finished
[21:04:56] 000081...: [========                                          ]  15% Finished
[21:04:57] 000081...: [===                                               ]   6% Finished
[21:04:57] 000081...: [========                                          ]  14% Finished
[21:04:57] 000081...: [==========                                        ]  20% Finished
[21:04:57] 000081...: [========                                          ]  14% Finished
[21:04:57] 000081...: [==========                                        ]  19% Finished
[21:04:58] 000081...: [===========                                       ]  21% Finished
[21:04:58] 000081...: [=                                                 ]   1% Finished
[21:04:58] 000081...: [========                                          ]  14% Finished
[21:04:59] 000081...: [============                                      ]  23% Finished
[21:04:59] 000081...: [==                                                ]   3% Finished
[21:04:59] 000081...: [=====================                             ]  41% Finished
[21:04:59] 000081...: [==                                                ]   3% Finished
[21:05:00] 000081...: [====                                              ]   8% Finished
[21:05:01] 000081...: [=====================                             ]  40% Finished
[21:05:01] 000081...: [========                                          ]  14% Finished
[21:05:01] 000081...: [===========                                       ]  21% Finished
[21:05:01] 000081...: [========================                          ]  47% Finished
[21:05:01] 000081...: [=======================                           ]  45% Finished
[21:05:03] 000081...: [========                                          ]  14% Finished
[21:05:03] 000081...: [====================                              ]  39% Finished
[21:05:03] 000081...: [============                                      ]  22% Finished
[21:05:04] 000081...: [===========                                       ]  20% Finished
[21:05:04] 000081...: [=======================                           ]  46% Finished
[21:05:05] 000081...: [======================                            ]  44% Finished
[21:05:05] 000081...: [==========                                        ]  18% Finished
[21:05:05] 000081...: [============                                      ]  24% Finished
[21:05:05] 000081...: [===========                                       ]  21% Finished
[21:05:05] 000081...: [=====================                             ]  41% Finished
[21:05:06] 000081...: [=========================                         ]  50% Finished
[21:05:06] 000081...: [=========================                         ]  49% Finished
[21:05:06] 000081...: [====================                              ]  39% Finished
[21:05:06] 000081...: [====================                              ]  40% Finished
[21:05:06] 000081...: [=======================                           ]  46% Finished
[21:05:07] 000081...: [====================                              ]  40% Finished
[21:05:07] 000081...: [=======================                           ]  45% Finished
[21:05:07] 000081...: [=========================                         ]  50% Finished
[21:05:07] 000081...: [============================                      ]  56% Finished
[21:05:08] 000081...: [============================                      ]  56% Finished
[21:05:08] 000081...: [=======================                           ]  46% Finished
[21:05:08] 000081...: [===============================                   ]  61% Finished
[21:05:08] 000081...: [====================                              ]  39% Finished
[21:05:08] 000081...: [========================                          ]  46% Finished
[21:05:08] 000081...: [===============================                   ]  61% Finished
[21:05:08] 000081...: [=====================                             ]  41% Finished
[21:05:08] 000081...: [====================                              ]  39% Finished
[21:05:08] 000081...: [=================================                 ]  66% Finished
[21:05:09] 000081...: [========================                          ]  47% Finished
[21:05:09] 000081...: [==========================                        ]  50% Finished
[21:05:09] 000081...: [=======================                           ]  45% Finished
[21:05:09] 000081...: [======================                            ]  44% Finished
[21:05:10] 000081...: [============================                      ]  56% Finished
[21:05:10] 000081...: [=======================================           ]  78% Finished
[21:05:10] 000081...: [===============================                   ]  61% Finished
[21:05:10] 000081...: [========================================          ]  79% Finished
[21:05:10] 000081...: [============================                      ]  55% Finished
[21:05:11] 000081...: [==============================                    ]  60% Finished
[21:05:11] 000081...: [==========================                        ]  51% Finished
[21:05:11] 000081...: [=================================                 ]  65% Finished
[21:05:12] 000081...: [==========================================        ]  83% Finished
[21:05:12] 000081...: [=============================                     ]  57% Finished
[21:05:12] 000081...: [===============================================   ]  93% Finished
[21:05:12] 000081...: [==========================                        ]  51% Finished
[21:05:13] 000081...: [============================                      ]  56% Finished
[21:05:13] 000081...: [=======================================           ]  78% Finished
[21:05:13] 000081...: [===============================                   ]  62% Finished
[21:05:13] 000081...: [==========================                        ]  51% Finished
[21:05:13] 000081...: [===========================                       ]  53% Finished
[21:05:13] 000081...: [===============================================   ]  93% Finished
[21:05:13] 000081...: [==================================================]  98% Finished
[21:05:13] 000081...: [===============================                   ]  61% Finished
[21:05:13] 000081...: [==============================                    ]  58% Finished
[21:05:13] 000081...: [=============================                     ]  57% Finished
[21:05:14] 000081...: [=========================                         ]  50% Finished
[21:05:14] 000081...: [=================================                 ]  66% Finished
[21:05:14] 000081...: [================================                  ]  63% Finished
[21:05:14] 000081...: [===============================                   ]  62% Finished
[21:05:14] 000081...: [============================                      ]  55% Finished
[21:05:14] 000081...: [===========================                       ]  52% Finished
[21:05:14] 000081...: [=========================                         ]  49% Finished
[21:05:15] 000081...: [========================================          ]  80% Finished
[21:05:15] 000081...: [=============================                     ]  57% Finished
[21:05:15] 000081...: [==============================                    ]  60% Finished
[21:05:15] 000081...: [===============================                   ]  62% Finished
[21:05:16] 000081...: [===========================================       ]  85% Finished
[21:05:16] 000081...: [========================================          ]  79% Finished
[21:05:16] 000081...: [============================                      ]  54% Finished
[21:05:17] 000081...: [==========================================        ]  84% Finished
[21:05:17] 000081...: [===============================================   ]  93% Finished
[21:05:17] 000081...: [========================================          ]  78% Finished
[21:05:17] 000081...: [==============================                    ]  59% Finished
[21:05:17] 000081...: [=======================================           ]  78% Finished
[21:05:18] 000081...: [=================================                 ]  65% Finished
[21:05:18] 000081...: [==================================================]  98% Finished
[21:05:18] 000081...: [================================================  ]  94% Finished
[21:05:18] 000081...: [========================================          ]  79% Finished
[21:05:18] 000081...: [==========================================        ]  83% Finished
[21:05:19] 000081...: [========================================          ]  79% Finished
[21:05:19] 000081...: [===========================================       ]  85% Finished
[21:05:19] 000081...: [========================================          ]  79% Finished
[21:05:20] 000081...: [===========================================       ]  84% Finished
[21:05:20] 000081...: [================================================  ]  94% Finished
[21:05:20] 000081...: [==================================================]  99% Finished
[21:05:21] 000081...: [===============================================   ]  93% Finished
[21:05:21] 000081...: [======================================            ]  74% Finished
[21:05:22] 000081...: [===========================================       ]  85% Finished
[21:05:22] 000081...: [================================================  ]  94% Finished
[21:05:22] 000081...: [===============================================   ]  93% Finished
[21:05:22] 000081...: [==================================================]  99% Finished
[21:05:22] 000081...: [===========================================       ]  84% Finished
[21:05:22] 000081...: [===============================================   ]  94% Finished
[21:05:22] 000081...: [===============================================   ]  93% Finished
[21:05:22] 000081...: [================================================= ]  98% Finished
[21:05:22] 000081...: [==================================================]  99% Finished
[21:05:23] 000081...: [=========================================         ]  82% Finished
[21:05:24] 000081...: [===============================================   ]  93% Finished
[21:05:26] 000081...: [==================================================] 100% Finished
[21:05:26] 000081...: [==================================================] 100% Finished
[21:05:26] 000081...: Restore Successful.
[21:05:26] 000081...: Khôi phục dữ liệu Restore hoàn tất thành công.
[21:05:27] 000081...: [================================================= ]  98% Finished
[21:05:27] 000081...: [==================================================] 100% Finished
[21:05:27] 000081...: [==================================================] 100% Finished
[21:05:27] 000081...: Restore Successful.
[21:05:27] 000081...: Khôi phục dữ liệu Restore hoàn tất thành công.
[21:05:28] 000081...: Đã chuyển kho thành công: A ➔ Kho đối diện:
2_iPhone_ngphngqunh8846
[21:05:28] 000081...: ✓ Đã chuyển iPhone thứ 1 qua Kho đối diện thành công!
[21:05:29] 000081...: Đã chuyển kho thành công: A ➔ Kho đối diện:
4_iPhone_hunhthyuyn219
[21:05:29] 000081...: ✓ Đã chuyển iPhone thứ 2 qua Kho đối diện thành công!
[21:05:31] 000081...: [==================================================] 100% Finished
[21:05:31] 000081...: [==================================================] 100% Finished
[21:05:31] 000081...: Restore Successful.
[21:05:31] 000081...: Khôi phục dữ liệu Restore hoàn tất thành công.
[21:05:32] 000081...: [==================================================]  99% Finished
[21:05:32] 000081...: [==================================================] 100% Finished
[21:05:32] 000081...: Restore Successful.
[21:05:32] 000081...: Khôi phục dữ liệu Restore hoàn tất thành công.
[21:05:33] 000081...: Đã chuyển kho thành công: A ➔ Kho đối diện:
10_iPhone_ngthyqunh7611
[21:05:33] 000081...: [==================================================] 100% Finished
[21:05:33] 000081...: ✓ Đã chuyển iPhone thứ 3 qua Kho đối diện thành công!
[21:05:33] 000081...: Restore Successful.
[21:05:33] 000081...: Khôi phục dữ liệu Restore hoàn tất thành công.
[21:05:34] 000081...: [================================================= ]  98% Finished
[21:05:34] 000081...: [==================================================] 100% Finished
[21:05:34] 000081...: [==================================================] 100% Finished
[21:05:34] 000081...: Restore Successful.
[21:05:34] 000081...: Khôi phục dữ liệu Restore hoàn tất thành công.
[21:05:35] 000081...: Đã chuyển kho thành công: A ➔ Kho đối diện:
1_iPhone_vngcth2177
[21:05:35] 000081...: ✓ Đã chuyển iPhone thứ 4 qua Kho đối diện thành công!
[21:05:35] 000081...: [==================================================] 100% Finished
[21:05:35] 000081...: [==================================================] 100% Finished
[21:05:35] 000081...: Restore Successful.
[21:05:35] 000081...: Khôi phục dữ liệu Restore hoàn tất thành công.
[21:05:35] 000081...: [==================================================] 100% Finished
[21:05:35] 000081...: Restore Successful.
[21:05:35] 000081...: Khôi phục dữ liệu Restore hoàn tất thành công.
[21:05:35] 000081...: [==================================================]  99% Finished
[21:05:35] 000081...: [==================================================] 100% Finished
[21:05:35] 000081...: Restore Successful.
[21:05:35] 000081...: Khôi phục dữ liệu Restore hoàn tất thành công.
[21:05:35] 000081...: [==================================================] 100% Finished
[21:05:35] 000081...: Restore Successful.
[21:05:35] 000081...: Khôi phục dữ liệu Restore hoàn tất thành công.
[21:05:36] 000081...: Đã ngắt kết nối.
[21:05:36] 000081...: Đã chuyển kho thành công: A ➔ Kho đối diện:
3_iPhone_trnthphngtho6849
[21:05:36] 000081...: ✓ Đã chuyển iPhone thứ 5 qua Kho đối diện thành công!
[21:05:37] 000081...: Đã ngắt kết nối.
[21:05:38] 000081...: Đã chuyển kho thành công: A ➔ Kho đối diện:
11_iPhone_ltuytkhu394
[21:05:38] 000081...: ✓ Đã chuyển iPhone thứ 6 qua Kho đối diện thành công!
[21:05:38] 000081...: [==================================================]  98% Finished
[21:05:38] 000081...: [==================================================] 100% Finished
[21:05:38] 000081...: Restore Successful.
[21:05:38] 000081...: Khôi phục dữ liệu Restore hoàn tất thành công.
[21:05:39] 000081...: Đã chuyển kho thành công: A ➔ Kho đối diện:
6_iPhone_alex759120
[21:05:39] 000081...: ✓ Đã chuyển iPhone thứ 7 qua Kho đối diện thành công!
[21:05:39] 000081...: Đã chuyển kho thành công: A ➔ Kho đối diện:
7_iPhone_donthanhth558
[21:05:39] 000081...: ✓ Đã chuyển iPhone thứ 8 qua Kho đối diện thành công!
[21:05:39] 000081...: Đã chuyển kho thành công: A ➔ Kho đối diện:
12_iPhone_mthydng216
[21:05:39] 000081...: ✓ Đã chuyển iPhone thứ 9 qua Kho đối diện thành công!
[21:05:39] 000081...: Đã chuyển kho thành công: A ➔ Kho đối diện:
8_iPhone_onngchoa664
[21:05:39] 000081...: ✓ Đã chuyển iPhone thứ 10 qua Kho đối diện thành công!
[21:05:41] 000081...: Đã chuyển kho thành công: A ➔ Kho đối diện:
5_iPhone_nguynmailin8062
[21:05:41] 000081...: ✓ Đã chuyển iPhone thứ 11 qua Kho đối diện thành công!
[21:05:41] 000081...: Đã ngắt kết nối.
[21:05:42] 000081...: Đã ngắt kết nối.
[21:05:43] 000081...: Đã ngắt kết nối.
[21:05:44] 000081...: Đã ngắt kết nối.
[21:05:44] 000081...: Đã ngắt kết nối.
[21:05:44] 000081...: Đã ngắt kết nối.
[21:05:45] 000081...: Đã ngắt kết nối.
[21:05:45] 000081...: Đã ngắt kết nối.
[21:05:48] 000081...: Đã ngắt kết nối.
[21:05:57] 000081...: Kết nối: iPhone • iOS 26.6.1
[21:05:58] 000081...: Kết nối: iPhone • iOS 26.6.1
[21:06:00] 000081...: Kết nối: iPhone • iOS 26.6.1
[21:06:02] 000081...: Kết nối: iPhone (Not Trust) • iOS ?
[21:06:03] 000081...: Đã xác nhận Trust: iPhone • iOS 26.6.1
[21:06:04] 000081...: Kết nối: iPhone • iOS 26.6.1
[21:06:09] 000081...: Kết nối: iPhone • iOS 26.6.1
[21:06:15] 000081...: Kết nối: iPhone • iOS 26.6.1
[21:06:15] 000081...: Kết nối: iPhone • iOS 26.6.1
[21:06:15] 000081...: Kết nối: iPhone (Not Trust) • iOS ?
[21:06:15] 000081...: Kết nối: iPhone • iOS 26.6.1
[21:06:15] 000081...: Kết nối: iPhone (Not Trust) • iOS ?
[21:06:18] 000081...: Đã xác nhận Trust: iPhone • iOS 26.6.1
[21:06:20] 000081...: Đã xác nhận Trust: iPhone • iOS 26.6.1
[21:27:22] 000081...: Đã ngắt kết nối.
[21:27:23] 000081...: Đã ngắt kết nối.
[21:27:23] 000081...: Đã ngắt kết nối.
[21:27:24] 000081...: Đã ngắt kết nối.
[21:27:24] 000081...: Đã ngắt kết nối.
[21:27:24] 000081...: Đã ngắt kết nối.
[21:27:25] 000081...: Đã ngắt kết nối.
[21:27:25] 000081...: Đã ngắt kết nối.
[21:27:26] 000081...: Đã ngắt kết nối.
[21:28:36] 000081...: Đã ngắt kết nối.
[21:28:37] 000081...: Đã ngắt kết nối.
[21:28:57] 000081...: Kết nối: iPhone • iOS 26.6.1
[21:28:58] 000081...: Kết nối: iPhone • iOS 26.6.1
[21:30:24] SYSTEM...: Bắt đầu Batch Activate cho toàn bộ thiết bị...
[21:30:24] 000081...: RUN: C:\TIKTOOL PRO V4\ideviceactivation.exe activate -u 00008101-0011548002C1001E -b
[21:30:24] 000081...: RUN: C:\TIKTOOL PRO V4\ideviceactivation.exe activate -u 00008101-000C0D0C3C86001E -b
[21:30:30] 000081...: NOTE: This device appears to be already activated. The server might report an error 'Device Unknown' instead of acknowledging the activation.
Activation server reports that device is already activated.
[21:30:30] 000081...: RUN: C:\TIKTOOL PRO V4\ios.exe prepare --skip-all --udid=00008101-000C0D0C3C86001E --nojson
[21:30:30] 000081...: NOTE: This device appears to be already activated. The server might report an error 'Device Unknown' instead of acknowledging the activation.
Activation server reports that device is already activated.
[21:30:30] 000081...: RUN: C:\TIKTOOL PRO V4\ios.exe prepare --skip-all --udid=00008101-0011548002C1001E --nojson
[21:30:30] 000081...: time="2026-09-04T21:30:30+07:00" level=warning msg="go-ios agent is not running. You might need to start it with 'ios tunnel start' for ios17+. Use ENABLE_GO_IOS_AGENT=user for userspace tunnel or ENABLE_GO_IOS_AGENT=kernel for kernel tunnel for the experimental daemon mode."
time="2026-09-04T21:30:30+07:00" level=warning msg="failed to get tunnel info" udid=00008101-000C0D0C3C86001E
time="2026-09-04T21:30:30+07:00" level=info msg="device is activated:true"
time="2026-09-04T21:30:30+07:00" level=info msg="send flush request"
time="2026-09-04T21:30:30+07:00" level=info msg="get cloud config"
"ok"
[21:30:30] 000081...: RUN: C:\TIKTOOL PRO V4\ios.exe lang --setlocale=ja_JP --setlang=ja --udid=00008101-000C0D0C3C86001E --nojson
[21:30:33] 000081...: time="2026-09-04T21:30:30+07:00" level=warning msg="go-ios agent is not running. You might need to start it with 'ios tunnel start' for ios17+. Use ENABLE_GO_IOS_AGENT=user for userspace tunnel or ENABLE_GO_IOS_AGENT=kernel for kernel tunnel for the experimental daemon mode."
time="2026-09-04T21:30:30+07:00" level=warning msg="failed to get tunnel info" udid=00008101-0011548002C1001E
time="2026-09-04T21:30:30+07:00" level=info msg="device is activated:true"
time="2026-09-04T21:30:30+07:00" level=info msg="send flush request"
time="2026-09-04T21:30:30+07:00" level=info msg="get cloud config"
"ok"
[21:30:33] 000081...: RUN: C:\TIKTOOL PRO V4\ios.exe lang --setlocale=ja_JP --setlang=ja --udid=00008101-0011548002C1001E --nojson
[21:30:38] 000081...: time="2026-09-04T21:30:31+07:00" level=warning msg="go-ios agent is not running. You might need to start it with 'ios tunnel start' for ios17+. Use ENABLE_GO_IOS_AGENT=user for userspace tunnel or ENABLE_GO_IOS_AGENT=kernel for kernel tunnel for the experimental daemon mode."
time="2026-09-04T21:30:31+07:00" level=warning msg="failed to get tunnel info" udid=00008101-000C0D0C3C86001E
{"Language":"ja","Locale":"ja_JP","SupportedLocales":["sv_AX","en_CN","ro_RO","en_VG","es_VC","fr_MA","en_AL","es_TT","ar_SS","fr_VU","fr_CI","en_GS","en_BW","en_JM","es_BS","en_BD","en_MG","en_PT","en_HK","ar_LB","fr_GN","ru_UA","en_CO","en_KE","en_NR","fr_MU","en_FI","nl_BQ","en_WS","en_DG","ar_SA","en_RW","en_ZM","en_BE","en_ER","bn_BD","en_MH","nl_NL","pt_AO","el_CY","en_KY","es_CL","en_VI","en_FJ","es_VE","fr_MC","en_TZ","en_ID","es_TC","zh_TW","en_GU","es_GQ","en_GB","mr_IN","ko_CN","es_MX","en_ES","es_BB","es_PR","fr_GP","pt_GW","fi_FI","en_FK","en_NA","zh_CN","en_IE","en_LR","en_TH","ca_IT","ar_KM","en_BZ","en_JP","da_GL","te_IN","en_US","en_BG","ar_QA","en_PW","ar_TN","de_CH","fr_GQ","de_LI","cs_CZ","hu_HU","zh_HK","en_NU","es_VG","ta_IN","ar_EG","ro_MD","en_LS","fr_CM","ar_SD","en_GD","ar_IL","ar_LY","en_UA","fr_TD","pt_LU","es_PA","ta_SG","en_KI","es_CO","en_FM","fr_MF","tr_CY","ar_EH","en_LT","es_IC","en_DK","pt_ST","es_GT","fr_YT","en_GE","ms_BN","en_BI","he_IL","pt_TL","en_SS","es_KY","kk_KZ","en_CA","es_VI","zh-Hant_JP","fr_MG","ar_MR","en_AR","hr_HR","ar_SY","fr_SN","en_TK","en_GY","pt_CV","en_MM","es_ES","fr_DZ","ar_AE","en_001","zh-Hant_MY","en_PG","fr_RW","ca_ES","fr_GA","en_SA","fr_BE","hi_IN","en_AS","pt_MO","en_LV","ta_LK","en_DM","en_LC","en_GG","es_BZ","tr_TR","zh-Hans_MO","es_US","en_150","it_VA","fr_TG","en_EE","it_CH","en_PH","es_EA","es_HN","en_CV","sv_FI","es_CR","fr_RE","en_CC","ms_SG","en_NF","en_SB","fr_BF","en_AT","ar_MA","nl_BE","en_GH","es_GD","th_TH","en_ZA","pt_FR","en_MO","es_003","de_IT","es_PE","de_DE","en_SC","en_NZ","en_NG","en_AU","el_GR","en_GI","ar_001","en_BM","ar_IQ","en_MP","es_PY","fr_DJ","es_EC","vi_VN","en_US_POSIX","en_CX","en_KN","en_SD","en_FR","es_CA","kn_IN","en_IL","es_AR","en_TO","zh-Hans_HK","bg_BG","es_GY","fr_NC","en_BN","ta_MY","en_UG","uk_UA","en_PK","en_SX","en_HU","en_CY","en_SE","sk_SK","es_CU","fr_BI","fr_ML","en_IM","de_BE","fr_PF","es_DM","es_LC","en_ZW","fr_CA","pl_PL","pt_CH","zh-Hans_JP","nl_SR","ja_JP","fr_LU","en_JE","en_PL","es_PH","zh_MO","fr_GF","en_CZ","fr_BJ","en_IN","zh-Hans_MY","en_AE","fr_NE","en_RO","en_MS","es_419","it_IT","ar_TD","en_SZ","fr_WF","ru_MD","ml_IN","en_SG","es_CW","es_SV","en_CH","pt_BR","en_IO","bn_IN","ar_PS","en_TR","ar_KW","es_DO","en_GM","it_SM","ms_MY","es_UY","en_MT","es_BM","sl_SI","en_PN","es_HT","en_KR","en_SH","en_VU","es_KN","fr_BL","en_NL","ca_FR","en_AG","fr_KM","fr_SC","fr_CD","ko_KP","or_IN","nb_SJ","zh-Hant_CN","en_MU","ru_RU","en_BR","ar_DZ","fr_TN","en_SI","hr_BA","es_NI","en_VC","ar_ER","fr_HT","en_TT","ar_SO","ca_AD","fr_FR","da_DK","en_BS","nl_CW","en_MV","es_BO","nb_NO","de_LU","en_CK","ar_JO","pt_GQ","fr_MQ","zh_SG","ms_ID","en_AI","fr_CF","ko_KR","en_MW","en_UM","en_SK","en_CL","en_NO","fr_MR","en_TV","fr_SY","en_TC","fr_CG","nl_SX","es_BQ","ar_YE","en_BB","sv_SE","de_AT","en_PR","ru_BY","ar_DJ","lt_LT","nl_AW","ar_OM","en_SL","en_CM","ru_KZ","en_MX","ar_BH","ru_KG","en_IT","pt_MZ","fr_PM","en_TW","id_ID","pt_PT","es_AG","en_DE","gu_IN","fr_CH","en_RU","en_GR","en_MY","es_BR"],"SupportedLanguages":["ur","lt","ja","id","mr","ms","hi","es-419","es","pl","ca","ta","fr","en-IN","or","fr-CA","da","bg","te","kk-Cyrl","pt-BR","zh-Hant-HK","hr","gu","de","th","sk","ro","sl","nb","kk","en-GB","hu","zh-HK","bn","ar","it","kn","ko","uk","pa","ru","vi","zh-Hans","zh-Hant","en-AU","ml","pt-PT","tr","fi","en-US","el","cs","sv","nl","he","en","es-US"]}
[21:30:38] 000081...: Batch Activate hoàn tất thành công.
[21:30:40] 000081...: time="2026-09-04T21:30:33+07:00" level=warning msg="go-ios agent is not running. You might need to start it with 'ios tunnel start' for ios17+. Use ENABLE_GO_IOS_AGENT=user for userspace tunnel or ENABLE_GO_IOS_AGENT=kernel for kernel tunnel for the experimental daemon mode."
time="2026-09-04T21:30:33+07:00" level=warning msg="failed to get tunnel info" udid=00008101-0011548002C1001E
{"Language":"ja","Locale":"ja_JP","SupportedLocales":["sv_AX","en_CN","ro_RO","en_VG","es_VC","fr_MA","en_AL","es_TT","ar_SS","fr_VU","en_GS","fr_CI","en_BW","en_JM","es_BS","en_BD","en_MG","en_PT","en_HK","ar_LB","fr_GN","ru_UA","en_CO","en_KE","en_NR","fr_MU","en_FI","nl_BQ","en_WS","en_DG","ar_SA","en_RW","en_ZM","en_BE","en_ER","el_CY","en_MH","nl_NL","pt_AO","bn_BD","en_KY","es_CL","en_VI","en_FJ","es_VE","fr_MC","en_TZ","en_ID","es_TC","zh_TW","en_GU","es_GQ","en_GB","mr_IN","ko_CN","es_MX","en_ES","es_BB","es_PR","fr_GP","pt_GW","fi_FI","en_FK","en_NA","zh_CN","en_IE","ca_IT","en_TH","en_LR","ar_KM","en_BZ","en_JP","de_CH","te_IN","en_US","en_BG","ar_QA","en_PW","ar_TN","da_GL","fr_GQ","de_LI","cs_CZ","hu_HU","zh_HK","en_NU","es_VG","ta_IN","ar_EG","ro_MD","en_LS","fr_CM","ar_SD","en_GD","ar_IL","ar_LY","en_UA","fr_TD","pt_LU","es_PA","ta_SG","en_KI","es_CO","en_FM","fr_MF","tr_CY","ar_EH","en_LT","es_IC","en_DK","pt_ST","es_GT","fr_YT","en_GE","ms_BN","en_BI","he_IL","pt_TL","en_SS","es_KY","kk_KZ","en_CA","es_VI","ar_MR","fr_MG","zh-Hant_JP","hr_HR","en_AR","ar_SY","fr_SN","en_TK","en_GY","pt_CV","fr_DZ","en_MM","ar_AE","es_ES","en_001","zh-Hant_MY","en_PG","fr_RW","ca_ES","fr_GA","en_SA","fr_BE","hi_IN","en_AS","pt_MO","en_LV","ta_LK","en_DM","en_LC","en_GG","tr_TR","es_BZ","it_CH","es_US","en_150","it_VA","fr_TG","zh-Hans_MO","en_EE","en_PH","es_EA","es_HN","en_CV","ms_SG","es_CR","en_SB","en_CC","fr_BF","en_NF","fr_RE","sv_FI","en_AT","ar_MA","nl_BE","en_GH","es_GD","en_ZA","pt_FR","th_TH","en_MO","es_003","de_IT","es_PE","de_DE","en_SC","en_NZ","en_NG","en_AU","el_GR","en_GI","ar_001","en_BM","ar_IQ","en_MP","es_PY","fr_DJ","es_EC","vi_VN","en_US_POSIX","en_CX","en_KN","en_SD","en_FR","es_CA","kn_IN","en_IL","es_AR","en_TO","zh-Hans_HK","bg_BG","es_GY","fr_NC","ta_MY","en_BN","en_UG","en_HU","en_PK","en_SX","uk_UA","en_CY","en_SE","es_CU","sk_SK","fr_BI","fr_ML","de_BE","en_IM","fr_PF","es_DM","es_LC","en_ZW","fr_CA","pl_PL","pt_CH","nl_SR","ja_JP","en_JE","zh-Hans_JP","fr_LU","en_PL","es_PH","zh_MO","fr_GF","en_CZ","fr_BJ","en_IN","zh-Hans_MY","en_AE","fr_NE","en_RO","en_MS","es_419","it_IT","ar_TD","en_SZ","fr_WF","es_SV","ml_IN","en_SG","es_CW","en_CH","ru_MD","pt_BR","en_IO","ar_PS","en_TR","bn_IN","ar_KW","es_DO","en_GM","it_SM","ms_MY","sl_SI","es_UY","en_MT","es_BM","en_PN","es_HT","en_KR","en_SH","en_VU","es_KN","fr_BL","en_NL","ca_FR","en_AG","fr_KM","fr_SC","fr_CD","ko_KP","or_IN","nb_SJ","en_BR","ru_RU","zh-Hant_CN","fr_TN","ar_DZ","en_MU","en_SI","hr_BA","en_VC","ar_ER","es_NI","fr_HT","en_TT","ar_SO","ca_AD","fr_FR","da_DK","en_BS","nl_CW","en_MV","es_BO","nb_NO","de_LU","en_CK","ar_JO","pt_GQ","fr_MQ","zh_SG","ms_ID","en_AI","fr_CF","ko_KR","en_MW","en_UM","en_SK","en_CL","en_NO","fr_MR","en_TV","fr_SY","en_TC","fr_CG","nl_SX","en_MX","ar_YE","en_BB","sv_SE","de_AT","en_PR","es_BQ","ar_DJ","ru_BY","nl_AW","ar_OM","en_SL","en_CM","ru_KZ","lt_LT","ar_BH","ru_KG","en_IT","id_ID","pt_MZ","en_TW","fr_PM","pt_PT","es_AG","en_DE","fr_CH","gu_IN","en_RU","en_GR","en_MY","es_BR"],"SupportedLanguages":["ur","lt","ja","id","mr","ms","hi","es-419","es","pl","ca","ta","fr","en-IN","or","fr-CA","da","bg","te","kk-Cyrl","pt-BR","zh-Hant-HK","hr","gu","de","th","sk","ro","sl","nb","kk","en-GB","hu","zh-HK","bn","ar","it","kn","ko","uk","pa","ru","vi","zh-Hans","zh-Hant","en-AU","ml","pt-PT","tr","fi","en-US","el","cs","sv","nl","he","en","es-US"]}
[21:30:40] 000081...: Batch Activate hoàn tất thành công.
